[2026-04-21T09:47:31.244Z] 開始輪詢維修報價單 Odoo SO 狀態...
📋 找到 3 筆待確認報價單
  RO202603190001 (S01812): SO state = sale
🎯 RO202603190001: SO 已確認為銷售訂單，更新為 payment_received
⚠️ No bot token
⚠️ No bot token
  RO202604210001 (S01981): SO state = sent
✅ 輪詢完成
[2026-04-21T09:57:44.076Z] 開始輪詢維修報價單 Odoo SO 狀態...
📋 找到 1 筆待確認報價單
  RO202603170001 (S01795): SO state = sale
🎯 RO202603170001: SO 已確認為銷售訂單，更新為 payment_received
⚠️ No bot token
⚠️ No bot token
✅ 輪詢完成
[2026-04-21T10:07:47.018Z] 開始輪詢維修報價單 Odoo SO 狀態...
ℹ️ 沒有待確認的報價單
[2026-04-21T10:17:47.153Z] 開始輪詢維修報價單 Odoo SO 狀態...
ℹ️ 沒有待確認的報價單
[2026-04-21T10:27:47.295Z] 開始輪詢維修報價單 Odoo SO 狀態...
ℹ️ 沒有待確認的報價單
[2026-04-21T10:37:47.411Z] 開始輪詢維修報價單 Odoo SO 狀態...
ℹ️ 沒有待確認的報價單
[2026-04-21T10:47:47.546Z] 開始輪詢維修報價單 Odoo SO 狀態...
ℹ️ 沒有待確認的報價單
[2026-04-21T10:57:47.679Z] 開始輪詢維修報價單 Odoo SO 狀態...
ℹ️ 沒有待確認的報價單
[2026-04-21T11:07:47.814Z] 開始輪詢維修報價單 Odoo SO 狀態...
ℹ️ 沒有待確認的報價單
[2026-04-21T11:17:47.952Z] 開始輪詢維修報價單 Odoo SO 狀態...
ℹ️ 沒有待確認的報價單
[2026-04-21T11:27:48.086Z] 開始輪詢維修報價單 Odoo SO 狀態...
ℹ️ 沒有待確認的報價單
[2026-04-21T11:37:48.191Z] 開始輪詢維修報價單 Odoo SO 狀態...
ℹ️ 沒有待確認的報價單
[2026-04-21T11:47:48.319Z] 開始輪詢維修報價單 Odoo SO 狀態...
ℹ️ 沒有待確認的報價單
[2026-04-21T11:57:48.456Z] 開始輪詢維修報價單 Odoo SO 狀態...
ℹ️ 沒有待確認的報價單
[2026-04-21T12:07:48.594Z] 開始輪詢維修報價單 Odoo SO 狀態...
ℹ️ 沒有待確認的報價單
[2026-04-21T12:17:48.734Z] 開始輪詢維修報價單 Odoo SO 狀態...
ℹ️ 沒有待確認的報價單
[2026-04-21T12:27:48.856Z] 開始輪詢維修報價單 Odoo SO 狀態...
ℹ️ 沒有待確認的報價單
[2026-04-21T12:37:48.972Z] 開始輪詢維修報價單 Odoo SO 狀態...
ℹ️ 沒有待確認的報價單
[2026-04-21T12:47:49.110Z] 開始輪詢維修報價單 Odoo SO 狀態...
ℹ️ 沒有待確認的報價單
[2026-04-21T12:57:49.231Z] 開始輪詢維修報價單 Odoo SO 狀態...
ℹ️ 沒有待確認的報價單
[2026-04-21T13:07:49.351Z] 開始輪詢維修報價單 Odoo SO 狀態...
ℹ️ 沒有待確認的報價單
[2026-04-21T13:17:49.484Z] 開始輪詢維修報價單 Odoo SO 狀態...
ℹ️ 沒有待確認的報價單
[2026-04-21T13:27:49.620Z] 開始輪詢維修報價單 Odoo SO 狀態...
ℹ️ 沒有待確認的報價單
[2026-04-21T13:37:49.756Z] 開始輪詢維修報價單 Odoo SO 狀態...
ℹ️ 沒有待確認的報價單
[2026-04-21T13:47:49.875Z] 開始輪詢維修報價單 Odoo SO 狀態...
ℹ️ 沒有待確認的報價單
[2026-04-21T13:57:50.003Z] 開始輪詢維修報價單 Odoo SO 狀態...
ℹ️ 沒有待確認的報價單
[2026-04-21T14:07:50.104Z] 開始輪詢維修報價單 Odoo SO 狀態...
ℹ️ 沒有待確認的報價單
[2026-04-21T14:17:50.225Z] 開始輪詢維修報價單 Odoo SO 狀態...
ℹ️ 沒有待確認的報價單
[2026-04-21T14:27:50.349Z] 開始輪詢維修報價單 Odoo SO 狀態...
ℹ️ 沒有待確認的報價單
[2026-04-21T14:37:50.471Z] 開始輪詢維修報價單 Odoo SO 狀態...
ℹ️ 沒有待確認的報價單
[2026-04-21T14:47:50.601Z] 開始輪詢維修報價單 Odoo SO 狀態...
ℹ️ 沒有待確認的報價單
[2026-04-21T14:57:50.727Z] 開始輪詢維修報價單 Odoo SO 狀態...
ℹ️ 沒有待確認的報價單
[2026-04-21T15:07:50.857Z] 開始輪詢維修報價單 Odoo SO 狀態...
ℹ️ 沒有待確認的報價單
[2026-04-21T15:17:50.989Z] 開始輪詢維修報價單 Odoo SO 狀態...
ℹ️ 沒有待確認的報價單
[2026-04-21T15:27:51.117Z] 開始輪詢維修報價單 Odoo SO 狀態...
ℹ️ 沒有待確認的報價單
[2026-04-21T15:37:51.557Z] 開始輪詢維修報價單 Odoo SO 狀態...
ℹ️ 沒有待確認的報價單
[2026-04-21T15:47:51.701Z] 開始輪詢維修報價單 Odoo SO 狀態...
ℹ️ 沒有待確認的報價單
[2026-04-21T15:57:51.844Z] 開始輪詢維修報價單 Odoo SO 狀態...
ℹ️ 沒有待確認的報價單
[2026-04-21T16:07:51.998Z] 開始輪詢維修報價單 Odoo SO 狀態...
ℹ️ 沒有待確認的報價單
[2026-04-21T16:17:52.141Z] 開始輪詢維修報價單 Odoo SO 狀態...
ℹ️ 沒有待確認的報價單
[2026-04-21T16:27:52.281Z] 開始輪詢維修報價單 Odoo SO 狀態...
ℹ️ 沒有待確認的報價單
[2026-04-21T16:37:52.425Z] 開始輪詢維修報價單 Odoo SO 狀態...
ℹ️ 沒有待確認的報價單
[2026-04-21T16:47:52.564Z] 開始輪詢維修報價單 Odoo SO 狀態...
ℹ️ 沒有待確認的報價單
[2026-04-21T16:57:52.712Z] 開始輪詢維修報價單 Odoo SO 狀態...
ℹ️ 沒有待確認的報價單
[2026-04-21T17:07:52.851Z] 開始輪詢維修報價單 Odoo SO 狀態...
ℹ️ 沒有待確認的報價單
[2026-04-21T17:17:52.993Z] 開始輪詢維修報價單 Odoo SO 狀態...
ℹ️ 沒有待確認的報價單
[2026-04-21T17:27:53.136Z] 開始輪詢維修報價單 Odoo SO 狀態...
ℹ️ 沒有待確認的報價單
[2026-04-21T17:37:53.281Z] 開始輪詢維修報價單 Odoo SO 狀態...
ℹ️ 沒有待確認的報價單
[2026-04-21T17:47:53.381Z] 開始輪詢維修報價單 Odoo SO 狀態...
ℹ️ 沒有待確認的報價單
[2026-04-21T17:57:53.517Z] 開始輪詢維修報價單 Odoo SO 狀態...
ℹ️ 沒有待確認的報價單
[2026-04-21T18:07:53.653Z] 開始輪詢維修報價單 Odoo SO 狀態...
ℹ️ 沒有待確認的報價單
[2026-04-21T18:17:53.791Z] 開始輪詢維修報價單 Odoo SO 狀態...
ℹ️ 沒有待確認的報價單
[2026-04-21T18:27:53.928Z] 開始輪詢維修報價單 Odoo SO 狀態...
ℹ️ 沒有待確認的報價單
[2026-04-21T18:37:54.071Z] 開始輪詢維修報價單 Odoo SO 狀態...
ℹ️ 沒有待確認的報價單
[2026-04-21T18:47:54.215Z] 開始輪詢維修報價單 Odoo SO 狀態...
ℹ️ 沒有待確認的報價單
[2026-04-21T18:57:54.364Z] 開始輪詢維修報價單 Odoo SO 狀態...
ℹ️ 沒有待確認的報價單
[2026-04-21T19:07:54.510Z] 開始輪詢維修報價單 Odoo SO 狀態...
ℹ️ 沒有待確認的報價單
[2026-04-21T19:17:54.655Z] 開始輪詢維修報價單 Odoo SO 狀態...
ℹ️ 沒有待確認的報價單
[2026-04-21T19:27:54.794Z] 開始輪詢維修報價單 Odoo SO 狀態...
ℹ️ 沒有待確認的報價單
[2026-04-21T19:37:54.932Z] 開始輪詢維修報價單 Odoo SO 狀態...
ℹ️ 沒有待確認的報價單
[2026-04-21T19:47:55.080Z] 開始輪詢維修報價單 Odoo SO 狀態...
ℹ️ 沒有待確認的報價單
[2026-04-21T19:57:55.225Z] 開始輪詢維修報價單 Odoo SO 狀態...
ℹ️ 沒有待確認的報價單
[2026-04-21T20:07:55.368Z] 開始輪詢維修報價單 Odoo SO 狀態...
ℹ️ 沒有待確認的報價單
[2026-04-21T20:17:55.524Z] 開始輪詢維修報價單 Odoo SO 狀態...
ℹ️ 沒有待確認的報價單
[2026-04-21T20:27:55.666Z] 開始輪詢維修報價單 Odoo SO 狀態...
ℹ️ 沒有待確認的報價單
[2026-04-21T20:37:55.807Z] 開始輪詢維修報價單 Odoo SO 狀態...
ℹ️ 沒有待確認的報價單
[2026-04-21T20:47:55.944Z] 開始輪詢維修報價單 Odoo SO 狀態...
ℹ️ 沒有待確認的報價單
[2026-04-21T20:57:56.084Z] 開始輪詢維修報價單 Odoo SO 狀態...
ℹ️ 沒有待確認的報價單
[2026-04-21T21:07:56.224Z] 開始輪詢維修報價單 Odoo SO 狀態...
ℹ️ 沒有待確認的報價單
[2026-04-21T21:17:56.365Z] 開始輪詢維修報價單 Odoo SO 狀態...
ℹ️ 沒有待確認的報價單
[2026-04-21T21:27:56.511Z] 開始輪詢維修報價單 Odoo SO 狀態...
ℹ️ 沒有待確認的報價單
[2026-04-21T21:37:56.665Z] 開始輪詢維修報價單 Odoo SO 狀態...
ℹ️ 沒有待確認的報價單
[2026-04-21T21:47:56.813Z] 開始輪詢維修報價單 Odoo SO 狀態...
ℹ️ 沒有待確認的報價單
[2026-04-21T21:57:56.953Z] 開始輪詢維修報價單 Odoo SO 狀態...
ℹ️ 沒有待確認的報價單
[2026-04-21T22:07:57.096Z] 開始輪詢維修報價單 Odoo SO 狀態...
ℹ️ 沒有待確認的報價單
[2026-04-21T22:17:57.233Z] 開始輪詢維修報價單 Odoo SO 狀態...
ℹ️ 沒有待確認的報價單
[2026-04-21T22:27:57.368Z] 開始輪詢維修報價單 Odoo SO 狀態...
ℹ️ 沒有待確認的報價單
[2026-04-21T22:37:57.501Z] 開始輪詢維修報價單 Odoo SO 狀態...
ℹ️ 沒有待確認的報價單
[2026-04-21T22:47:57.648Z] 開始輪詢維修報價單 Odoo SO 狀態...
ℹ️ 沒有待確認的報價單
[2026-04-21T22:57:57.782Z] 開始輪詢維修報價單 Odoo SO 狀態...
ℹ️ 沒有待確認的報價單
[2026-04-21T23:07:57.895Z] 開始輪詢維修報價單 Odoo SO 狀態...
ℹ️ 沒有待確認的報價單
[2026-04-21T23:17:58.031Z] 開始輪詢維修報價單 Odoo SO 狀態...
ℹ️ 沒有待確認的報價單
[2026-04-21T23:27:58.175Z] 開始輪詢維修報價單 Odoo SO 狀態...
ℹ️ 沒有待確認的報價單
[2026-04-21T23:37:58.322Z] 開始輪詢維修報價單 Odoo SO 狀態...
ℹ️ 沒有待確認的報價單
[2026-04-21T23:47:58.457Z] 開始輪詢維修報價單 Odoo SO 狀態...
ℹ️ 沒有待確認的報價單
[2026-04-21T23:57:58.599Z] 開始輪詢維修報價單 Odoo SO 狀態...
ℹ️ 沒有待確認的報價單
[2026-04-22T00:07:58.748Z] 開始輪詢維修報價單 Odoo SO 狀態...
ℹ️ 沒有待確認的報價單
[2026-04-22T00:17:58.897Z] 開始輪詢維修報價單 Odoo SO 狀態...
ℹ️ 沒有待確認的報價單
[2026-04-22T00:27:59.042Z] 開始輪詢維修報價單 Odoo SO 狀態...
ℹ️ 沒有待確認的報價單
[2026-04-22T00:37:59.179Z] 開始輪詢維修報價單 Odoo SO 狀態...
ℹ️ 沒有待確認的報價單
[2026-04-22T00:47:59.313Z] 開始輪詢維修報價單 Odoo SO 狀態...
ℹ️ 沒有待確認的報價單
[2026-04-22T00:57:59.446Z] 開始輪詢維修報價單 Odoo SO 狀態...
ℹ️ 沒有待確認的報價單
[2026-04-22T01:07:59.580Z] 開始輪詢維修報價單 Odoo SO 狀態...
ℹ️ 沒有待確認的報價單
[2026-04-22T01:17:59.723Z] 開始輪詢維修報價單 Odoo SO 狀態...
ℹ️ 沒有待確認的報價單
[2026-04-22T01:27:59.869Z] 開始輪詢維修報價單 Odoo SO 狀態...
ℹ️ 沒有待確認的報價單
[2026-04-22T01:38:00.018Z] 開始輪詢維修報價單 Odoo SO 狀態...
ℹ️ 沒有待確認的報價單
[2026-04-22T01:48:00.149Z] 開始輪詢維修報價單 Odoo SO 狀態...
ℹ️ 沒有待確認的報價單
[2026-04-22T01:58:00.294Z] 開始輪詢維修報價單 Odoo SO 狀態...
ℹ️ 沒有待確認的報價單
[2026-04-22T02:08:00.444Z] 開始輪詢維修報價單 Odoo SO 狀態...
ℹ️ 沒有待確認的報價單
[2026-04-22T02:18:00.585Z] 開始輪詢維修報價單 Odoo SO 狀態...
ℹ️ 沒有待確認的報價單
[2026-04-22T02:28:00.732Z] 開始輪詢維修報價單 Odoo SO 狀態...
ℹ️ 沒有待確認的報價單
[2026-04-22T02:38:00.873Z] 開始輪詢維修報價單 Odoo SO 狀態...
ℹ️ 沒有待確認的報價單
[2026-04-22T02:48:01.016Z] 開始輪詢維修報價單 Odoo SO 狀態...
ℹ️ 沒有待確認的報價單
[2026-04-22T02:58:01.159Z] 開始輪詢維修報價單 Odoo SO 狀態...
ℹ️ 沒有待確認的報價單
[2026-04-22T03:08:01.302Z] 開始輪詢維修報價單 Odoo SO 狀態...
ℹ️ 沒有待確認的報價單
[2026-04-22T03:18:01.451Z] 開始輪詢維修報價單 Odoo SO 狀態...
ℹ️ 沒有待確認的報價單
[2026-04-22T03:28:01.598Z] 開始輪詢維修報價單 Odoo SO 狀態...
ℹ️ 沒有待確認的報價單
[2026-04-22T03:38:01.736Z] 開始輪詢維修報價單 Odoo SO 狀態...
ℹ️ 沒有待確認的報價單
[2026-04-22T03:48:01.876Z] 開始輪詢維修報價單 Odoo SO 狀態...
ℹ️ 沒有待確認的報價單
[2026-04-22T03:58:02.011Z] 開始輪詢維修報價單 Odoo SO 狀態...
ℹ️ 沒有待確認的報價單
[2026-04-22T04:08:02.150Z] 開始輪詢維修報價單 Odoo SO 狀態...
ℹ️ 沒有待確認的報價單
[2026-04-22T04:18:02.284Z] 開始輪詢維修報價單 Odoo SO 狀態...
ℹ️ 沒有待確認的報價單
[2026-04-22T04:28:02.424Z] 開始輪詢維修報價單 Odoo SO 狀態...
ℹ️ 沒有待確認的報價單
[2026-04-22T04:38:02.562Z] 開始輪詢維修報價單 Odoo SO 狀態...
ℹ️ 沒有待確認的報價單
[2026-04-22T04:48:02.705Z] 開始輪詢維修報價單 Odoo SO 狀態...
ℹ️ 沒有待確認的報價單
[2026-04-22T04:58:02.862Z] 開始輪詢維修報價單 Odoo SO 狀態...
ℹ️ 沒有待確認的報價單
[2026-04-22T05:08:03.000Z] 開始輪詢維修報價單 Odoo SO 狀態...
ℹ️ 沒有待確認的報價單
[2026-04-22T05:18:03.673Z] 開始輪詢維修報價單 Odoo SO 狀態...
ℹ️ 沒有待確認的報價單
[2026-04-22T05:28:03.816Z] 開始輪詢維修報價單 Odoo SO 狀態...
ℹ️ 沒有待確認的報價單
[2026-04-22T05:38:03.946Z] 開始輪詢維修報價單 Odoo SO 狀態...
ℹ️ 沒有待確認的報價單
[2026-04-22T05:48:04.090Z] 開始輪詢維修報價單 Odoo SO 狀態...
ℹ️ 沒有待確認的報價單
[2026-04-22T05:58:04.230Z] 開始輪詢維修報價單 Odoo SO 狀態...
ℹ️ 沒有待確認的報價單
[2026-04-22T06:08:04.364Z] 開始輪詢維修報價單 Odoo SO 狀態...
ℹ️ 沒有待確認的報價單
[2026-04-22T06:18:04.506Z] 開始輪詢維修報價單 Odoo SO 狀態...
ℹ️ 沒有待確認的報價單
[2026-04-22T06:28:04.650Z] 開始輪詢維修報價單 Odoo SO 狀態...
ℹ️ 沒有待確認的報價單
[2026-04-22T06:38:04.779Z] 開始輪詢維修報價單 Odoo SO 狀態...
ℹ️ 沒有待確認的報價單
[2026-04-22T06:48:04.927Z] 開始輪詢維修報價單 Odoo SO 狀態...
ℹ️ 沒有待確認的報價單
[2026-04-22T06:58:05.068Z] 開始輪詢維修報價單 Odoo SO 狀態...
ℹ️ 沒有待確認的報價單
[2026-04-22T07:08:05.200Z] 開始輪詢維修報價單 Odoo SO 狀態...
ℹ️ 沒有待確認的報價單
[2026-04-22T07:18:05.354Z] 開始輪詢維修報價單 Odoo SO 狀態...
ℹ️ 沒有待確認的報價單
[2026-04-22T07:28:05.488Z] 開始輪詢維修報價單 Odoo SO 狀態...
ℹ️ 沒有待確認的報價單
[2026-04-22T07:38:05.632Z] 開始輪詢維修報價單 Odoo SO 狀態...
ℹ️ 沒有待確認的報價單
[2026-04-22T07:48:05.771Z] 開始輪詢維修報價單 Odoo SO 狀態...
ℹ️ 沒有待確認的報價單
[2026-04-22T07:58:05.911Z] 開始輪詢維修報價單 Odoo SO 狀態...
ℹ️ 沒有待確認的報價單
[2026-04-22T08:08:06.049Z] 開始輪詢維修報價單 Odoo SO 狀態...
ℹ️ 沒有待確認的報價單
[2026-04-22T08:18:06.191Z] 開始輪詢維修報價單 Odoo SO 狀態...
ℹ️ 沒有待確認的報價單
[2026-04-22T08:28:06.335Z] 開始輪詢維修報價單 Odoo SO 狀態...
ℹ️ 沒有待確認的報價單
[2026-04-22T08:38:06.471Z] 開始輪詢維修報價單 Odoo SO 狀態...
ℹ️ 沒有待確認的報價單
[2026-04-22T08:48:06.609Z] 開始輪詢維修報價單 Odoo SO 狀態...
ℹ️ 沒有待確認的報價單
[2026-04-22T08:58:06.750Z] 開始輪詢維修報價單 Odoo SO 狀態...
ℹ️ 沒有待確認的報價單
[2026-04-22T09:08:06.899Z] 開始輪詢維修報價單 Odoo SO 狀態...
ℹ️ 沒有待確認的報價單
[2026-04-22T09:18:07.034Z] 開始輪詢維修報價單 Odoo SO 狀態...
ℹ️ 沒有待確認的報價單
[2026-04-22T09:28:07.174Z] 開始輪詢維修報價單 Odoo SO 狀態...
ℹ️ 沒有待確認的報價單
[2026-04-22T09:38:07.313Z] 開始輪詢維修報價單 Odoo SO 狀態...
ℹ️ 沒有待確認的報價單
[2026-04-22T09:48:07.458Z] 開始輪詢維修報價單 Odoo SO 狀態...
ℹ️ 沒有待確認的報價單
[2026-04-22T09:58:07.596Z] 開始輪詢維修報價單 Odoo SO 狀態...
ℹ️ 沒有待確認的報價單
[2026-04-22T10:08:07.730Z] 開始輪詢維修報價單 Odoo SO 狀態...
ℹ️ 沒有待確認的報價單
[2026-04-22T10:18:07.870Z] 開始輪詢維修報價單 Odoo SO 狀態...
ℹ️ 沒有待確認的報價單
[2026-04-22T10:28:08.024Z] 開始輪詢維修報價單 Odoo SO 狀態...
ℹ️ 沒有待確認的報價單
[2026-04-22T10:38:08.160Z] 開始輪詢維修報價單 Odoo SO 狀態...
ℹ️ 沒有待確認的報價單
[2026-04-22T10:48:08.306Z] 開始輪詢維修報價單 Odoo SO 狀態...
ℹ️ 沒有待確認的報價單
[2026-04-22T10:58:08.449Z] 開始輪詢維修報價單 Odoo SO 狀態...
ℹ️ 沒有待確認的報價單
[2026-04-22T11:08:08.587Z] 開始輪詢維修報價單 Odoo SO 狀態...
ℹ️ 沒有待確認的報價單
[2026-04-22T11:18:08.699Z] 開始輪詢維修報價單 Odoo SO 狀態...
ℹ️ 沒有待確認的報價單
[2026-04-22T11:28:08.847Z] 開始輪詢維修報價單 Odoo SO 狀態...
ℹ️ 沒有待確認的報價單
[2026-04-22T11:38:08.999Z] 開始輪詢維修報價單 Odoo SO 狀態...
ℹ️ 沒有待確認的報價單
[2026-04-22T11:48:09.141Z] 開始輪詢維修報價單 Odoo SO 狀態...
ℹ️ 沒有待確認的報價單
[2026-04-22T11:58:09.280Z] 開始輪詢維修報價單 Odoo SO 狀態...
ℹ️ 沒有待確認的報價單
[2026-04-22T12:08:09.419Z] 開始輪詢維修報價單 Odoo SO 狀態...
ℹ️ 沒有待確認的報價單
[2026-04-22T12:18:09.562Z] 開始輪詢維修報價單 Odoo SO 狀態...
ℹ️ 沒有待確認的報價單
[2026-04-22T12:28:09.704Z] 開始輪詢維修報價單 Odoo SO 狀態...
ℹ️ 沒有待確認的報價單
[2026-04-22T12:38:09.848Z] 開始輪詢維修報價單 Odoo SO 狀態...
ℹ️ 沒有待確認的報價單
[2026-04-22T12:48:09.982Z] 開始輪詢維修報價單 Odoo SO 狀態...
ℹ️ 沒有待確認的報價單
[2026-04-22T12:58:10.119Z] 開始輪詢維修報價單 Odoo SO 狀態...
ℹ️ 沒有待確認的報價單
[2026-04-22T13:08:10.239Z] 開始輪詢維修報價單 Odoo SO 狀態...
ℹ️ 沒有待確認的報價單
[2026-04-22T13:18:10.363Z] 開始輪詢維修報價單 Odoo SO 狀態...
ℹ️ 沒有待確認的報價單
[2026-04-22T13:28:10.499Z] 開始輪詢維修報價單 Odoo SO 狀態...
ℹ️ 沒有待確認的報價單
[2026-04-22T13:38:10.695Z] 開始輪詢維修報價單 Odoo SO 狀態...
ℹ️ 沒有待確認的報價單
[2026-04-22T13:48:10.840Z] 開始輪詢維修報價單 Odoo SO 狀態...
ℹ️ 沒有待確認的報價單
[2026-04-22T13:58:10.987Z] 開始輪詢維修報價單 Odoo SO 狀態...
ℹ️ 沒有待確認的報價單
[2026-04-22T14:08:11.099Z] 開始輪詢維修報價單 Odoo SO 狀態...
ℹ️ 沒有待確認的報價單
[2026-04-22T14:18:11.765Z] 開始輪詢維修報價單 Odoo SO 狀態...
ℹ️ 沒有待確認的報價單
[2026-04-22T14:28:11.905Z] 開始輪詢維修報價單 Odoo SO 狀態...
ℹ️ 沒有待確認的報價單
[2026-04-22T14:38:12.041Z] 開始輪詢維修報價單 Odoo SO 狀態...
ℹ️ 沒有待確認的報價單
[2026-04-22T14:48:12.178Z] 開始輪詢維修報價單 Odoo SO 狀態...
ℹ️ 沒有待確認的報價單
[2026-04-22T14:58:12.313Z] 開始輪詢維修報價單 Odoo SO 狀態...
ℹ️ 沒有待確認的報價單
[2026-04-22T15:08:12.455Z] 開始輪詢維修報價單 Odoo SO 狀態...
ℹ️ 沒有待確認的報價單
[2026-04-22T15:18:12.597Z] 開始輪詢維修報價單 Odoo SO 狀態...
ℹ️ 沒有待確認的報價單
[2026-04-22T15:28:12.735Z] 開始輪詢維修報價單 Odoo SO 狀態...
ℹ️ 沒有待確認的報價單
[2026-04-22T15:38:12.873Z] 開始輪詢維修報價單 Odoo SO 狀態...
ℹ️ 沒有待確認的報價單
[2026-04-22T15:48:13.004Z] 開始輪詢維修報價單 Odoo SO 狀態...
ℹ️ 沒有待確認的報價單
[2026-04-22T15:58:13.141Z] 開始輪詢維修報價單 Odoo SO 狀態...
ℹ️ 沒有待確認的報價單
[2026-04-22T16:08:13.282Z] 開始輪詢維修報價單 Odoo SO 狀態...
ℹ️ 沒有待確認的報價單
[2026-04-22T16:18:13.389Z] 開始輪詢維修報價單 Odoo SO 狀態...
ℹ️ 沒有待確認的報價單
[2026-04-22T16:28:13.502Z] 開始輪詢維修報價單 Odoo SO 狀態...
ℹ️ 沒有待確認的報價單
[2026-04-22T16:38:13.639Z] 開始輪詢維修報價單 Odoo SO 狀態...
ℹ️ 沒有待確認的報價單
[2026-04-22T16:48:13.913Z] 開始輪詢維修報價單 Odoo SO 狀態...
ℹ️ 沒有待確認的報價單
[2026-04-22T16:58:14.058Z] 開始輪詢維修報價單 Odoo SO 狀態...
ℹ️ 沒有待確認的報價單
[2026-04-22T17:08:14.204Z] 開始輪詢維修報價單 Odoo SO 狀態...
ℹ️ 沒有待確認的報價單
[2026-04-22T17:18:14.339Z] 開始輪詢維修報價單 Odoo SO 狀態...
ℹ️ 沒有待確認的報價單
[2026-04-22T17:28:14.480Z] 開始輪詢維修報價單 Odoo SO 狀態...
ℹ️ 沒有待確認的報價單
[2026-04-22T17:38:14.622Z] 開始輪詢維修報價單 Odoo SO 狀態...
ℹ️ 沒有待確認的報價單
[2026-04-22T17:48:14.768Z] 開始輪詢維修報價單 Odoo SO 狀態...
ℹ️ 沒有待確認的報價單
[2026-04-22T17:58:14.917Z] 開始輪詢維修報價單 Odoo SO 狀態...
ℹ️ 沒有待確認的報價單
[2026-04-22T18:08:15.051Z] 開始輪詢維修報價單 Odoo SO 狀態...
ℹ️ 沒有待確認的報價單
[2026-04-22T18:18:15.189Z] 開始輪詢維修報價單 Odoo SO 狀態...
ℹ️ 沒有待確認的報價單
[2026-04-22T18:28:15.329Z] 開始輪詢維修報價單 Odoo SO 狀態...
ℹ️ 沒有待確認的報價單
[2026-04-22T18:38:15.473Z] 開始輪詢維修報價單 Odoo SO 狀態...
ℹ️ 沒有待確認的報價單
[2026-04-22T18:48:15.613Z] 開始輪詢維修報價單 Odoo SO 狀態...
ℹ️ 沒有待確認的報價單
[2026-04-22T18:58:15.744Z] 開始輪詢維修報價單 Odoo SO 狀態...
ℹ️ 沒有待確認的報價單
[2026-04-22T19:08:15.884Z] 開始輪詢維修報價單 Odoo SO 狀態...
ℹ️ 沒有待確認的報價單
[2026-04-22T19:18:16.025Z] 開始輪詢維修報價單 Odoo SO 狀態...
ℹ️ 沒有待確認的報價單
[2026-04-22T19:28:16.151Z] 開始輪詢維修報價單 Odoo SO 狀態...
ℹ️ 沒有待確認的報價單
[2026-04-22T19:38:16.289Z] 開始輪詢維修報價單 Odoo SO 狀態...
ℹ️ 沒有待確認的報價單
[2026-04-22T19:48:16.428Z] 開始輪詢維修報價單 Odoo SO 狀態...
ℹ️ 沒有待確認的報價單
[2026-04-22T19:58:16.571Z] 開始輪詢維修報價單 Odoo SO 狀態...
ℹ️ 沒有待確認的報價單
[2026-04-22T20:08:16.757Z] 開始輪詢維修報價單 Odoo SO 狀態...
ℹ️ 沒有待確認的報價單
[2026-04-22T20:18:16.913Z] 開始輪詢維修報價單 Odoo SO 狀態...
ℹ️ 沒有待確認的報價單
[2026-04-22T20:28:17.059Z] 開始輪詢維修報價單 Odoo SO 狀態...
ℹ️ 沒有待確認的報價單
[2026-04-22T20:38:17.192Z] 開始輪詢維修報價單 Odoo SO 狀態...
ℹ️ 沒有待確認的報價單
[2026-04-22T20:48:17.332Z] 開始輪詢維修報價單 Odoo SO 狀態...
ℹ️ 沒有待確認的報價單
[2026-04-22T20:58:17.475Z] 開始輪詢維修報價單 Odoo SO 狀態...
ℹ️ 沒有待確認的報價單
[2026-04-22T21:08:17.616Z] 開始輪詢維修報價單 Odoo SO 狀態...
ℹ️ 沒有待確認的報價單
[2026-04-22T21:18:17.754Z] 開始輪詢維修報價單 Odoo SO 狀態...
ℹ️ 沒有待確認的報價單
[2026-04-22T21:28:17.896Z] 開始輪詢維修報價單 Odoo SO 狀態...
ℹ️ 沒有待確認的報價單
[2026-04-22T21:38:18.047Z] 開始輪詢維修報價單 Odoo SO 狀態...
ℹ️ 沒有待確認的報價單
[2026-04-22T21:48:18.193Z] 開始輪詢維修報價單 Odoo SO 狀態...
ℹ️ 沒有待確認的報價單
[2026-04-22T21:58:18.336Z] 開始輪詢維修報價單 Odoo SO 狀態...
ℹ️ 沒有待確認的報價單
[2026-04-22T22:08:18.473Z] 開始輪詢維修報價單 Odoo SO 狀態...
ℹ️ 沒有待確認的報價單
[2026-04-22T22:18:18.609Z] 開始輪詢維修報價單 Odoo SO 狀態...
ℹ️ 沒有待確認的報價單
[2026-04-22T22:28:18.747Z] 開始輪詢維修報價單 Odoo SO 狀態...
ℹ️ 沒有待確認的報價單
[2026-04-22T22:38:18.891Z] 開始輪詢維修報價單 Odoo SO 狀態...
ℹ️ 沒有待確認的報價單
[2026-04-22T22:48:19.029Z] 開始輪詢維修報價單 Odoo SO 狀態...
ℹ️ 沒有待確認的報價單
[2026-04-22T22:58:19.170Z] 開始輪詢維修報價單 Odoo SO 狀態...
ℹ️ 沒有待確認的報價單
[2026-04-22T23:08:19.304Z] 開始輪詢維修報價單 Odoo SO 狀態...
ℹ️ 沒有待確認的報價單
[2026-04-22T23:18:19.451Z] 開始輪詢維修報價單 Odoo SO 狀態...
ℹ️ 沒有待確認的報價單
[2026-04-22T23:28:19.593Z] 開始輪詢維修報價單 Odoo SO 狀態...
ℹ️ 沒有待確認的報價單
[2026-04-22T23:38:19.725Z] 開始輪詢維修報價單 Odoo SO 狀態...
ℹ️ 沒有待確認的報價單
[2026-04-22T23:48:19.860Z] 開始輪詢維修報價單 Odoo SO 狀態...
ℹ️ 沒有待確認的報價單
[2026-04-22T23:58:20.009Z] 開始輪詢維修報價單 Odoo SO 狀態...
ℹ️ 沒有待確認的報價單
[2026-04-23T00:08:20.135Z] 開始輪詢維修報價單 Odoo SO 狀態...
ℹ️ 沒有待確認的報價單
[2026-04-23T00:18:20.264Z] 開始輪詢維修報價單 Odoo SO 狀態...
ℹ️ 沒有待確認的報價單
[2026-04-23T00:28:20.394Z] 開始輪詢維修報價單 Odoo SO 狀態...
ℹ️ 沒有待確認的報價單
[2026-04-23T00:38:20.578Z] 開始輪詢維修報價單 Odoo SO 狀態...
ℹ️ 沒有待確認的報價單
[2026-04-23T00:48:20.722Z] 開始輪詢維修報價單 Odoo SO 狀態...
ℹ️ 沒有待確認的報價單
[2026-04-23T00:58:20.868Z] 開始輪詢維修報價單 Odoo SO 狀態...
ℹ️ 沒有待確認的報價單
[2026-04-23T01:08:21.012Z] 開始輪詢維修報價單 Odoo SO 狀態...
ℹ️ 沒有待確認的報價單
[2026-04-23T01:18:21.157Z] 開始輪詢維修報價單 Odoo SO 狀態...
ℹ️ 沒有待確認的報價單
[2026-04-23T01:28:21.293Z] 開始輪詢維修報價單 Odoo SO 狀態...
ℹ️ 沒有待確認的報價單
[2026-04-23T01:38:21.424Z] 開始輪詢維修報價單 Odoo SO 狀態...
ℹ️ 沒有待確認的報價單
[2026-04-23T01:48:21.564Z] 開始輪詢維修報價單 Odoo SO 狀態...
ℹ️ 沒有待確認的報價單
[2026-04-23T01:58:21.712Z] 開始輪詢維修報價單 Odoo SO 狀態...
ℹ️ 沒有待確認的報價單
[2026-04-23T02:08:21.857Z] 開始輪詢維修報價單 Odoo SO 狀態...
ℹ️ 沒有待確認的報價單
[2026-04-23T02:18:21.998Z] 開始輪詢維修報價單 Odoo SO 狀態...
ℹ️ 沒有待確認的報價單
[2026-04-23T02:28:22.140Z] 開始輪詢維修報價單 Odoo SO 狀態...
ℹ️ 沒有待確認的報價單
[2026-04-23T02:38:22.287Z] 開始輪詢維修報價單 Odoo SO 狀態...
ℹ️ 沒有待確認的報價單
[2026-04-23T02:48:22.419Z] 開始輪詢維修報價單 Odoo SO 狀態...
ℹ️ 沒有待確認的報價單
[2026-04-23T02:58:22.517Z] 開始輪詢維修報價單 Odoo SO 狀態...
[2026-04-23T03:11:10.025Z] 開始輪詢維修報價單 Odoo SO 狀態...
ℹ️ 沒有待確認的報價單
[2026-04-23T03:21:10.175Z] 開始輪詢維修報價單 Odoo SO 狀態...
ℹ️ 沒有待確認的報價單
[2026-04-23T03:31:10.325Z] 開始輪詢維修報價單 Odoo SO 狀態...
ℹ️ 沒有待確認的報價單
[2026-04-23T03:41:10.471Z] 開始輪詢維修報價單 Odoo SO 狀態...
ℹ️ 沒有待確認的報價單
[2026-04-23T03:51:10.616Z] 開始輪詢維修報價單 Odoo SO 狀態...
ℹ️ 沒有待確認的報價單
[2026-04-23T04:01:10.750Z] 開始輪詢維修報價單 Odoo SO 狀態...
ℹ️ 沒有待確認的報價單
[2026-04-23T04:11:10.889Z] 開始輪詢維修報價單 Odoo SO 狀態...
ℹ️ 沒有待確認的報價單
[2026-04-23T04:21:11.023Z] 開始輪詢維修報價單 Odoo SO 狀態...
ℹ️ 沒有待確認的報價單
[2026-04-23T04:31:11.159Z] 開始輪詢維修報價單 Odoo SO 狀態...
ℹ️ 沒有待確認的報價單
[2026-04-23T04:41:11.306Z] 開始輪詢維修報價單 Odoo SO 狀態...
ℹ️ 沒有待確認的報價單
[2026-04-23T04:51:11.431Z] 開始輪詢維修報價單 Odoo SO 狀態...
ℹ️ 沒有待確認的報價單
[2026-04-23T05:01:11.558Z] 開始輪詢維修報價單 Odoo SO 狀態...
ℹ️ 沒有待確認的報價單
[2026-04-23T05:11:11.695Z] 開始輪詢維修報價單 Odoo SO 狀態...
ℹ️ 沒有待確認的報價單
[2026-04-23T05:21:11.819Z] 開始輪詢維修報價單 Odoo SO 狀態...
ℹ️ 沒有待確認的報價單
[2026-04-23T05:31:11.965Z] 開始輪詢維修報價單 Odoo SO 狀態...
ℹ️ 沒有待確認的報價單
[2026-04-23T05:41:12.085Z] 開始輪詢維修報價單 Odoo SO 狀態...
ℹ️ 沒有待確認的報價單
[2026-04-23T05:51:12.218Z] 開始輪詢維修報價單 Odoo SO 狀態...
ℹ️ 沒有待確認的報價單
[2026-04-23T06:01:12.332Z] 開始輪詢維修報價單 Odoo SO 狀態...
ℹ️ 沒有待確認的報價單
[2026-04-23T06:11:12.446Z] 開始輪詢維修報價單 Odoo SO 狀態...
ℹ️ 沒有待確認的報價單
[2026-04-23T06:21:12.582Z] 開始輪詢維修報價單 Odoo SO 狀態...
ℹ️ 沒有待確認的報價單
[2026-04-23T06:31:12.707Z] 開始輪詢維修報價單 Odoo SO 狀態...
ℹ️ 沒有待確認的報價單
[2026-04-23T06:41:12.812Z] 開始輪詢維修報價單 Odoo SO 狀態...
ℹ️ 沒有待確認的報價單
[2026-04-23T06:51:12.934Z] 開始輪詢維修報價單 Odoo SO 狀態...
ℹ️ 沒有待確認的報價單
[2026-04-23T07:01:13.252Z] 開始輪詢維修報價單 Odoo SO 狀態...
ℹ️ 沒有待確認的報價單
[2026-04-23T07:11:13.393Z] 開始輪詢維修報價單 Odoo SO 狀態...
ℹ️ 沒有待確認的報價單
[2026-04-23T07:21:13.537Z] 開始輪詢維修報價單 Odoo SO 狀態...
ℹ️ 沒有待確認的報價單
[2026-04-23T07:31:13.684Z] 開始輪詢維修報價單 Odoo SO 狀態...
ℹ️ 沒有待確認的報價單
[2026-04-23T07:41:13.410Z] 開始輪詢維修報價單 Odoo SO 狀態...
ℹ️ 沒有待確認的報價單
[2026-04-23T07:51:13.550Z] 開始輪詢維修報價單 Odoo SO 狀態...
ℹ️ 沒有待確認的報價單
[2026-04-23T08:01:13.698Z] 開始輪詢維修報價單 Odoo SO 狀態...
ℹ️ 沒有待確認的報價單
[2026-04-23T08:11:14.230Z] 開始輪詢維修報價單 Odoo SO 狀態...
ℹ️ 沒有待確認的報價單
[2026-04-23T08:21:14.371Z] 開始輪詢維修報價單 Odoo SO 狀態...
ℹ️ 沒有待確認的報價單
[2026-04-23T08:31:14.503Z] 開始輪詢維修報價單 Odoo SO 狀態...
ℹ️ 沒有待確認的報價單
[2026-04-23T08:41:14.637Z] 開始輪詢維修報價單 Odoo SO 狀態...
ℹ️ 沒有待確認的報價單
[2026-04-23T08:51:14.773Z] 開始輪詢維修報價單 Odoo SO 狀態...
ℹ️ 沒有待確認的報價單
[2026-04-23T09:01:14.906Z] 開始輪詢維修報價單 Odoo SO 狀態...
ℹ️ 沒有待確認的報價單
[2026-04-23T09:11:15.046Z] 開始輪詢維修報價單 Odoo SO 狀態...
ℹ️ 沒有待確認的報價單
[2026-04-23T09:21:15.183Z] 開始輪詢維修報價單 Odoo SO 狀態...
ℹ️ 沒有待確認的報價單
[2026-04-23T09:31:15.327Z] 開始輪詢維修報價單 Odoo SO 狀態...
ℹ️ 沒有待確認的報價單
[2026-04-23T09:41:15.467Z] 開始輪詢維修報價單 Odoo SO 狀態...
ℹ️ 沒有待確認的報價單
[2026-04-23T09:51:15.597Z] 開始輪詢維修報價單 Odoo SO 狀態...
ℹ️ 沒有待確認的報價單
[2026-04-23T10:01:15.740Z] 開始輪詢維修報價單 Odoo SO 狀態...
ℹ️ 沒有待確認的報價單
[2026-04-23T10:11:15.879Z] 開始輪詢維修報價單 Odoo SO 狀態...
ℹ️ 沒有待確認的報價單
[2026-04-23T10:21:16.015Z] 開始輪詢維修報價單 Odoo SO 狀態...
ℹ️ 沒有待確認的報價單
[2026-04-23T10:31:16.160Z] 開始輪詢維修報價單 Odoo SO 狀態...
ℹ️ 沒有待確認的報價單
[2026-04-23T10:41:16.294Z] 開始輪詢維修報價單 Odoo SO 狀態...
ℹ️ 沒有待確認的報價單
[2026-04-23T10:51:16.434Z] 開始輪詢維修報價單 Odoo SO 狀態...
ℹ️ 沒有待確認的報價單
[2026-04-23T11:01:16.569Z] 開始輪詢維修報價單 Odoo SO 狀態...
ℹ️ 沒有待確認的報價單
[2026-04-23T11:11:16.689Z] 開始輪詢維修報價單 Odoo SO 狀態...
ℹ️ 沒有待確認的報價單
[2026-04-23T11:21:16.826Z] 開始輪詢維修報價單 Odoo SO 狀態...
ℹ️ 沒有待確認的報價單
[2026-04-23T11:31:17.002Z] 開始輪詢維修報價單 Odoo SO 狀態...
ℹ️ 沒有待確認的報價單
[2026-04-23T11:41:17.127Z] 開始輪詢維修報價單 Odoo SO 狀態...
ℹ️ 沒有待確認的報價單
[2026-04-23T11:51:17.263Z] 開始輪詢維修報價單 Odoo SO 狀態...
ℹ️ 沒有待確認的報價單
[2026-04-23T12:01:17.398Z] 開始輪詢維修報價單 Odoo SO 狀態...
ℹ️ 沒有待確認的報價單
[2026-04-23T12:11:17.529Z] 開始輪詢維修報價單 Odoo SO 狀態...
ℹ️ 沒有待確認的報價單
[2026-04-23T12:21:17.663Z] 開始輪詢維修報價單 Odoo SO 狀態...
ℹ️ 沒有待確認的報價單
[2026-04-23T12:31:17.809Z] 開始輪詢維修報價單 Odoo SO 狀態...
ℹ️ 沒有待確認的報價單
[2026-04-23T12:41:17.950Z] 開始輪詢維修報價單 Odoo SO 狀態...
ℹ️ 沒有待確認的報價單
[2026-04-23T12:51:18.076Z] 開始輪詢維修報價單 Odoo SO 狀態...
ℹ️ 沒有待確認的報價單
[2026-04-23T13:01:18.216Z] 開始輪詢維修報價單 Odoo SO 狀態...
ℹ️ 沒有待確認的報價單
[2026-04-23T13:11:18.355Z] 開始輪詢維修報價單 Odoo SO 狀態...
ℹ️ 沒有待確認的報價單
[2026-04-23T13:21:18.479Z] 開始輪詢維修報價單 Odoo SO 狀態...
ℹ️ 沒有待確認的報價單
[2026-04-23T13:31:18.601Z] 開始輪詢維修報價單 Odoo SO 狀態...
ℹ️ 沒有待確認的報價單
[2026-04-23T13:41:18.725Z] 開始輪詢維修報價單 Odoo SO 狀態...
ℹ️ 沒有待確認的報價單
[2026-04-23T13:51:18.920Z] 開始輪詢維修報價單 Odoo SO 狀態...
ℹ️ 沒有待確認的報價單
[2026-04-23T14:01:19.027Z] 開始輪詢維修報價單 Odoo SO 狀態...
ℹ️ 沒有待確認的報價單
[2026-04-23T14:11:19.165Z] 開始輪詢維修報價單 Odoo SO 狀態...
ℹ️ 沒有待確認的報價單
[2026-04-23T14:21:19.308Z] 開始輪詢維修報價單 Odoo SO 狀態...
ℹ️ 沒有待確認的報價單
[2026-04-23T14:31:19.450Z] 開始輪詢維修報價單 Odoo SO 狀態...
ℹ️ 沒有待確認的報價單
[2026-04-23T14:41:19.592Z] 開始輪詢維修報價單 Odoo SO 狀態...
ℹ️ 沒有待確認的報價單
[2026-04-23T14:51:19.727Z] 開始輪詢維修報價單 Odoo SO 狀態...
ℹ️ 沒有待確認的報價單
[2026-04-23T15:01:19.862Z] 開始輪詢維修報價單 Odoo SO 狀態...
ℹ️ 沒有待確認的報價單
[2026-04-23T15:11:19.995Z] 開始輪詢維修報價單 Odoo SO 狀態...
ℹ️ 沒有待確認的報價單
[2026-04-23T15:21:20.140Z] 開始輪詢維修報價單 Odoo SO 狀態...
ℹ️ 沒有待確認的報價單
[2026-04-23T15:31:20.274Z] 開始輪詢維修報價單 Odoo SO 狀態...
ℹ️ 沒有待確認的報價單
[2026-04-23T15:41:20.407Z] 開始輪詢維修報價單 Odoo SO 狀態...
ℹ️ 沒有待確認的報價單
[2026-04-23T15:51:20.537Z] 開始輪詢維修報價單 Odoo SO 狀態...
ℹ️ 沒有待確認的報價單
[2026-04-23T16:01:20.675Z] 開始輪詢維修報價單 Odoo SO 狀態...
ℹ️ 沒有待確認的報價單
[2026-04-23T16:11:20.818Z] 開始輪詢維修報價單 Odoo SO 狀態...
ℹ️ 沒有待確認的報價單
[2026-04-23T16:21:20.959Z] 開始輪詢維修報價單 Odoo SO 狀態...
ℹ️ 沒有待確認的報價單
[2026-04-23T16:31:21.083Z] 開始輪詢維修報價單 Odoo SO 狀態...
ℹ️ 沒有待確認的報價單
[2026-04-23T16:41:21.188Z] 開始輪詢維修報價單 Odoo SO 狀態...
ℹ️ 沒有待確認的報價單
[2026-04-23T16:51:21.341Z] 開始輪詢維修報價單 Odoo SO 狀態...
ℹ️ 沒有待確認的報價單
[2026-04-23T17:01:21.486Z] 開始輪詢維修報價單 Odoo SO 狀態...
ℹ️ 沒有待確認的報價單
[2026-04-23T17:11:21.618Z] 開始輪詢維修報價單 Odoo SO 狀態...
ℹ️ 沒有待確認的報價單
[2026-04-23T17:21:21.757Z] 開始輪詢維修報價單 Odoo SO 狀態...
ℹ️ 沒有待確認的報價單
[2026-04-23T17:31:21.897Z] 開始輪詢維修報價單 Odoo SO 狀態...
ℹ️ 沒有待確認的報價單
[2026-04-23T17:41:22.037Z] 開始輪詢維修報價單 Odoo SO 狀態...
ℹ️ 沒有待確認的報價單
[2026-04-23T17:51:22.172Z] 開始輪詢維修報價單 Odoo SO 狀態...
ℹ️ 沒有待確認的報價單
[2026-04-23T18:01:22.304Z] 開始輪詢維修報價單 Odoo SO 狀態...
ℹ️ 沒有待確認的報價單
[2026-04-23T18:11:22.444Z] 開始輪詢維修報價單 Odoo SO 狀態...
ℹ️ 沒有待確認的報價單
[2026-04-23T18:21:22.590Z] 開始輪詢維修報價單 Odoo SO 狀態...
ℹ️ 沒有待確認的報價單
[2026-04-23T18:31:22.721Z] 開始輪詢維修報價單 Odoo SO 狀態...
ℹ️ 沒有待確認的報價單
[2026-04-23T18:41:22.859Z] 開始輪詢維修報價單 Odoo SO 狀態...
ℹ️ 沒有待確認的報價單
[2026-04-23T18:51:22.992Z] 開始輪詢維修報價單 Odoo SO 狀態...
ℹ️ 沒有待確認的報價單
[2026-04-23T19:01:23.131Z] 開始輪詢維修報價單 Odoo SO 狀態...
ℹ️ 沒有待確認的報價單
[2026-04-23T19:11:23.274Z] 開始輪詢維修報價單 Odoo SO 狀態...
ℹ️ 沒有待確認的報價單
[2026-04-23T19:21:23.410Z] 開始輪詢維修報價單 Odoo SO 狀態...
ℹ️ 沒有待確認的報價單
[2026-04-23T19:31:23.547Z] 開始輪詢維修報價單 Odoo SO 狀態...
ℹ️ 沒有待確認的報價單
[2026-04-23T19:41:23.686Z] 開始輪詢維修報價單 Odoo SO 狀態...
ℹ️ 沒有待確認的報價單
[2026-04-23T19:51:23.831Z] 開始輪詢維修報價單 Odoo SO 狀態...
ℹ️ 沒有待確認的報價單
[2026-04-23T20:01:23.976Z] 開始輪詢維修報價單 Odoo SO 狀態...
ℹ️ 沒有待確認的報價單
[2026-04-23T20:11:24.121Z] 開始輪詢維修報價單 Odoo SO 狀態...
ℹ️ 沒有待確認的報價單
[2026-04-23T20:21:24.254Z] 開始輪詢維修報價單 Odoo SO 狀態...
ℹ️ 沒有待確認的報價單
[2026-04-23T20:31:24.394Z] 開始輪詢維修報價單 Odoo SO 狀態...
ℹ️ 沒有待確認的報價單
[2026-04-23T20:41:24.534Z] 開始輪詢維修報價單 Odoo SO 狀態...
ℹ️ 沒有待確認的報價單
[2026-04-23T20:51:24.666Z] 開始輪詢維修報價單 Odoo SO 狀態...
ℹ️ 沒有待確認的報價單
[2026-04-23T21:01:24.810Z] 開始輪詢維修報價單 Odoo SO 狀態...
ℹ️ 沒有待確認的報價單
[2026-04-23T21:11:24.942Z] 開始輪詢維修報價單 Odoo SO 狀態...
ℹ️ 沒有待確認的報價單
[2026-04-23T21:21:25.077Z] 開始輪詢維修報價單 Odoo SO 狀態...
ℹ️ 沒有待確認的報價單
[2026-04-23T21:31:25.224Z] 開始輪詢維修報價單 Odoo SO 狀態...
ℹ️ 沒有待確認的報價單
[2026-04-23T21:41:25.368Z] 開始輪詢維修報價單 Odoo SO 狀態...
ℹ️ 沒有待確認的報價單
[2026-04-23T21:51:25.507Z] 開始輪詢維修報價單 Odoo SO 狀態...
ℹ️ 沒有待確認的報價單
[2026-04-23T22:01:25.647Z] 開始輪詢維修報價單 Odoo SO 狀態...
ℹ️ 沒有待確認的報價單
[2026-04-23T22:11:25.781Z] 開始輪詢維修報價單 Odoo SO 狀態...
ℹ️ 沒有待確認的報價單
[2026-04-23T22:21:25.914Z] 開始輪詢維修報價單 Odoo SO 狀態...
ℹ️ 沒有待確認的報價單
[2026-04-23T22:31:26.052Z] 開始輪詢維修報價單 Odoo SO 狀態...
ℹ️ 沒有待確認的報價單
[2026-04-23T22:41:26.192Z] 開始輪詢維修報價單 Odoo SO 狀態...
ℹ️ 沒有待確認的報價單
[2026-04-23T22:51:26.339Z] 開始輪詢維修報價單 Odoo SO 狀態...
ℹ️ 沒有待確認的報價單
[2026-04-23T23:01:26.477Z] 開始輪詢維修報價單 Odoo SO 狀態...
ℹ️ 沒有待確認的報價單
[2026-04-23T23:11:26.614Z] 開始輪詢維修報價單 Odoo SO 狀態...
ℹ️ 沒有待確認的報價單
[2026-04-23T23:21:26.749Z] 開始輪詢維修報價單 Odoo SO 狀態...
ℹ️ 沒有待確認的報價單
[2026-04-23T23:31:26.888Z] 開始輪詢維修報價單 Odoo SO 狀態...
ℹ️ 沒有待確認的報價單
[2026-04-23T23:41:27.027Z] 開始輪詢維修報價單 Odoo SO 狀態...
ℹ️ 沒有待確認的報價單
[2026-04-23T23:51:27.155Z] 開始輪詢維修報價單 Odoo SO 狀態...
ℹ️ 沒有待確認的報價單
[2026-04-24T00:01:27.295Z] 開始輪詢維修報價單 Odoo SO 狀態...
ℹ️ 沒有待確認的報價單
[2026-04-24T00:11:27.441Z] 開始輪詢維修報價單 Odoo SO 狀態...
ℹ️ 沒有待確認的報價單
[2026-04-24T00:21:27.576Z] 開始輪詢維修報價單 Odoo SO 狀態...
ℹ️ 沒有待確認的報價單
[2026-04-24T00:31:27.723Z] 開始輪詢維修報價單 Odoo SO 狀態...
ℹ️ 沒有待確認的報價單
[2026-04-24T00:41:27.862Z] 開始輪詢維修報價單 Odoo SO 狀態...
ℹ️ 沒有待確認的報價單
[2026-04-24T00:51:28.005Z] 開始輪詢維修報價單 Odoo SO 狀態...
ℹ️ 沒有待確認的報價單
[2026-04-24T01:01:28.132Z] 開始輪詢維修報價單 Odoo SO 狀態...
ℹ️ 沒有待確認的報價單
[2026-04-24T01:11:28.268Z] 開始輪詢維修報價單 Odoo SO 狀態...
ℹ️ 沒有待確認的報價單
[2026-04-24T01:21:28.415Z] 開始輪詢維修報價單 Odoo SO 狀態...
ℹ️ 沒有待確認的報價單
[2026-04-24T01:31:28.548Z] 開始輪詢維修報價單 Odoo SO 狀態...
ℹ️ 沒有待確認的報價單
[2026-04-24T01:41:28.685Z] 開始輪詢維修報價單 Odoo SO 狀態...
ℹ️ 沒有待確認的報價單
[2026-04-24T01:51:28.820Z] 開始輪詢維修報價單 Odoo SO 狀態...
ℹ️ 沒有待確認的報價單
[2026-04-24T02:01:28.921Z] 開始輪詢維修報價單 Odoo SO 狀態...
ℹ️ 沒有待確認的報價單
[2026-04-24T02:11:29.051Z] 開始輪詢維修報價單 Odoo SO 狀態...
ℹ️ 沒有待確認的報價單
[2026-04-24T02:21:29.190Z] 開始輪詢維修報價單 Odoo SO 狀態...
ℹ️ 沒有待確認的報價單
[2026-04-24T02:31:29.335Z] 開始輪詢維修報價單 Odoo SO 狀態...
ℹ️ 沒有待確認的報價單
[2026-04-24T02:41:29.471Z] 開始輪詢維修報價單 Odoo SO 狀態...
ℹ️ 沒有待確認的報價單
[2026-04-24T02:51:29.615Z] 開始輪詢維修報價單 Odoo SO 狀態...
ℹ️ 沒有待確認的報價單
[2026-04-24T03:01:29.760Z] 開始輪詢維修報價單 Odoo SO 狀態...
ℹ️ 沒有待確認的報價單
[2026-04-24T03:11:29.898Z] 開始輪詢維修報價單 Odoo SO 狀態...
ℹ️ 沒有待確認的報價單
[2026-04-24T03:21:30.042Z] 開始輪詢維修報價單 Odoo SO 狀態...
ℹ️ 沒有待確認的報價單
[2026-04-24T03:31:30.185Z] 開始輪詢維修報價單 Odoo SO 狀態...
ℹ️ 沒有待確認的報價單
[2026-04-24T03:41:30.318Z] 開始輪詢維修報價單 Odoo SO 狀態...
ℹ️ 沒有待確認的報價單
[2026-04-24T03:51:30.465Z] 開始輪詢維修報價單 Odoo SO 狀態...
ℹ️ 沒有待確認的報價單
[2026-04-24T04:01:30.589Z] 開始輪詢維修報價單 Odoo SO 狀態...
ℹ️ 沒有待確認的報價單
[2026-04-24T04:11:30.728Z] 開始輪詢維修報價單 Odoo SO 狀態...
ℹ️ 沒有待確認的報價單
[2026-04-24T04:21:30.853Z] 開始輪詢維修報價單 Odoo SO 狀態...
ℹ️ 沒有待確認的報價單
[2026-04-24T04:31:30.971Z] 開始輪詢維修報價單 Odoo SO 狀態...
ℹ️ 沒有待確認的報價單
[2026-04-24T04:41:31.112Z] 開始輪詢維修報價單 Odoo SO 狀態...
ℹ️ 沒有待確認的報價單
[2026-04-24T04:51:31.232Z] 開始輪詢維修報價單 Odoo SO 狀態...
ℹ️ 沒有待確認的報價單
[2026-04-24T05:01:31.367Z] 開始輪詢維修報價單 Odoo SO 狀態...
ℹ️ 沒有待確認的報價單
[2026-04-24T05:11:31.484Z] 開始輪詢維修報價單 Odoo SO 狀態...
ℹ️ 沒有待確認的報價單
[2026-04-24T05:21:31.596Z] 開始輪詢維修報價單 Odoo SO 狀態...
ℹ️ 沒有待確認的報價單
[2026-04-24T05:31:31.727Z] 開始輪詢維修報價單 Odoo SO 狀態...
ℹ️ 沒有待確認的報價單
[2026-04-24T05:41:31.846Z] 開始輪詢維修報價單 Odoo SO 狀態...
ℹ️ 沒有待確認的報價單
[2026-04-24T05:51:31.966Z] 開始輪詢維修報價單 Odoo SO 狀態...
ℹ️ 沒有待確認的報價單
[2026-04-24T06:01:32.102Z] 開始輪詢維修報價單 Odoo SO 狀態...
ℹ️ 沒有待確認的報價單
[2026-04-24T06:11:32.233Z] 開始輪詢維修報價單 Odoo SO 狀態...
ℹ️ 沒有待確認的報價單
[2026-04-24T06:21:32.367Z] 開始輪詢維修報價單 Odoo SO 狀態...
ℹ️ 沒有待確認的報價單
[2026-04-24T06:31:32.492Z] 開始輪詢維修報價單 Odoo SO 狀態...
ℹ️ 沒有待確認的報價單
[2026-04-24T06:41:32.622Z] 開始輪詢維修報價單 Odoo SO 狀態...
ℹ️ 沒有待確認的報價單
[2026-04-24T06:51:32.752Z] 開始輪詢維修報價單 Odoo SO 狀態...
ℹ️ 沒有待確認的報價單
[2026-04-24T07:01:32.890Z] 開始輪詢維修報價單 Odoo SO 狀態...
ℹ️ 沒有待確認的報價單
[2026-04-24T07:11:33.022Z] 開始輪詢維修報價單 Odoo SO 狀態...
ℹ️ 沒有待確認的報價單
[2026-04-24T07:21:33.115Z] 開始輪詢維修報價單 Odoo SO 狀態...
ℹ️ 沒有待確認的報價單
[2026-04-24T07:31:33.247Z] 開始輪詢維修報價單 Odoo SO 狀態...
ℹ️ 沒有待確認的報價單
[2026-04-24T07:41:33.368Z] 開始輪詢維修報價單 Odoo SO 狀態...
ℹ️ 沒有待確認的報價單
[2026-04-24T07:51:33.496Z] 開始輪詢維修報價單 Odoo SO 狀態...
ℹ️ 沒有待確認的報價單
[2026-04-24T08:01:33.947Z] 開始輪詢維修報價單 Odoo SO 狀態...
ℹ️ 沒有待確認的報價單
[2026-04-24T08:11:34.105Z] 開始輪詢維修報價單 Odoo SO 狀態...
ℹ️ 沒有待確認的報價單
[2026-04-24T08:21:34.259Z] 開始輪詢維修報價單 Odoo SO 狀態...
ℹ️ 沒有待確認的報價單
[2026-04-24T08:31:34.402Z] 開始輪詢維修報價單 Odoo SO 狀態...
ℹ️ 沒有待確認的報價單
[2026-04-24T08:41:34.540Z] 開始輪詢維修報價單 Odoo SO 狀態...
ℹ️ 沒有待確認的報價單
[2026-04-24T08:51:34.690Z] 開始輪詢維修報價單 Odoo SO 狀態...
ℹ️ 沒有待確認的報價單
[2026-04-24T09:01:34.789Z] 開始輪詢維修報價單 Odoo SO 狀態...
ℹ️ 沒有待確認的報價單
[2026-04-24T09:11:34.931Z] 開始輪詢維修報價單 Odoo SO 狀態...
ℹ️ 沒有待確認的報價單
[2026-04-24T09:21:35.063Z] 開始輪詢維修報價單 Odoo SO 狀態...
ℹ️ 沒有待確認的報價單
[2026-04-24T09:31:35.202Z] 開始輪詢維修報價單 Odoo SO 狀態...
ℹ️ 沒有待確認的報價單
[2026-04-24T09:41:35.342Z] 開始輪詢維修報價單 Odoo SO 狀態...
ℹ️ 沒有待確認的報價單
[2026-04-24T09:51:35.476Z] 開始輪詢維修報價單 Odoo SO 狀態...
ℹ️ 沒有待確認的報價單
[2026-04-24T10:01:35.611Z] 開始輪詢維修報價單 Odoo SO 狀態...
ℹ️ 沒有待確認的報價單
[2026-04-24T10:11:35.744Z] 開始輪詢維修報價單 Odoo SO 狀態...
ℹ️ 沒有待確認的報價單
[2026-04-24T10:21:35.891Z] 開始輪詢維修報價單 Odoo SO 狀態...
ℹ️ 沒有待確認的報價單
[2026-04-24T10:31:36.033Z] 開始輪詢維修報價單 Odoo SO 狀態...
ℹ️ 沒有待確認的報價單
[2026-04-24T10:41:36.167Z] 開始輪詢維修報價單 Odoo SO 狀態...
ℹ️ 沒有待確認的報價單
[2026-04-24T10:51:36.305Z] 開始輪詢維修報價單 Odoo SO 狀態...
ℹ️ 沒有待確認的報價單
[2026-04-24T11:01:36.450Z] 開始輪詢維修報價單 Odoo SO 狀態...
ℹ️ 沒有待確認的報價單
[2026-04-24T11:11:36.592Z] 開始輪詢維修報價單 Odoo SO 狀態...
ℹ️ 沒有待確認的報價單
[2026-04-24T11:21:36.727Z] 開始輪詢維修報價單 Odoo SO 狀態...
ℹ️ 沒有待確認的報價單
[2026-04-24T11:31:36.862Z] 開始輪詢維修報價單 Odoo SO 狀態...
ℹ️ 沒有待確認的報價單
[2026-04-24T11:41:37.005Z] 開始輪詢維修報價單 Odoo SO 狀態...
ℹ️ 沒有待確認的報價單
[2026-04-24T11:51:37.144Z] 開始輪詢維修報價單 Odoo SO 狀態...
ℹ️ 沒有待確認的報價單
[2026-04-24T12:01:37.279Z] 開始輪詢維修報價單 Odoo SO 狀態...
ℹ️ 沒有待確認的報價單
[2026-04-24T12:11:37.418Z] 開始輪詢維修報價單 Odoo SO 狀態...
ℹ️ 沒有待確認的報價單
[2026-04-24T12:21:37.549Z] 開始輪詢維修報價單 Odoo SO 狀態...
ℹ️ 沒有待確認的報價單
[2026-04-24T12:31:37.675Z] 開始輪詢維修報價單 Odoo SO 狀態...
ℹ️ 沒有待確認的報價單
[2026-04-24T12:41:37.821Z] 開始輪詢維修報價單 Odoo SO 狀態...
ℹ️ 沒有待確認的報價單
[2026-04-24T12:51:37.984Z] 開始輪詢維修報價單 Odoo SO 狀態...
ℹ️ 沒有待確認的報價單
[2026-04-24T13:01:38.125Z] 開始輪詢維修報價單 Odoo SO 狀態...
ℹ️ 沒有待確認的報價單
[2026-04-24T13:11:38.273Z] 開始輪詢維修報價單 Odoo SO 狀態...
ℹ️ 沒有待確認的報價單
[2026-04-24T13:21:38.410Z] 開始輪詢維修報價單 Odoo SO 狀態...
ℹ️ 沒有待確認的報價單
[2026-04-24T13:31:38.536Z] 開始輪詢維修報價單 Odoo SO 狀態...
ℹ️ 沒有待確認的報價單
[2026-04-24T13:41:38.667Z] 開始輪詢維修報價單 Odoo SO 狀態...
ℹ️ 沒有待確認的報價單
[2026-04-24T13:51:38.804Z] 開始輪詢維修報價單 Odoo SO 狀態...
ℹ️ 沒有待確認的報價單
[2026-04-24T14:01:38.917Z] 開始輪詢維修報價單 Odoo SO 狀態...
ℹ️ 沒有待確認的報價單
[2026-04-24T14:11:39.050Z] 開始輪詢維修報價單 Odoo SO 狀態...
ℹ️ 沒有待確認的報價單
[2026-04-24T14:21:39.178Z] 開始輪詢維修報價單 Odoo SO 狀態...
ℹ️ 沒有待確認的報價單
[2026-04-24T14:31:39.309Z] 開始輪詢維修報價單 Odoo SO 狀態...
ℹ️ 沒有待確認的報價單
[2026-04-24T14:41:39.435Z] 開始輪詢維修報價單 Odoo SO 狀態...
ℹ️ 沒有待確認的報價單
[2026-04-24T14:51:39.573Z] 開始輪詢維修報價單 Odoo SO 狀態...
ℹ️ 沒有待確認的報價單
[2026-04-24T15:01:39.713Z] 開始輪詢維修報價單 Odoo SO 狀態...
ℹ️ 沒有待確認的報價單
[2026-04-24T15:11:39.835Z] 開始輪詢維修報價單 Odoo SO 狀態...
ℹ️ 沒有待確認的報價單
[2026-04-24T15:21:39.969Z] 開始輪詢維修報價單 Odoo SO 狀態...
ℹ️ 沒有待確認的報價單
[2026-04-24T15:31:40.103Z] 開始輪詢維修報價單 Odoo SO 狀態...
ℹ️ 沒有待確認的報價單
[2026-04-24T15:41:40.323Z] 開始輪詢維修報價單 Odoo SO 狀態...
ℹ️ 沒有待確認的報價單
[2026-04-24T15:51:40.462Z] 開始輪詢維修報價單 Odoo SO 狀態...
ℹ️ 沒有待確認的報價單
[2026-04-24T16:01:40.608Z] 開始輪詢維修報價單 Odoo SO 狀態...
ℹ️ 沒有待確認的報價單
[2026-04-24T16:11:40.752Z] 開始輪詢維修報價單 Odoo SO 狀態...
ℹ️ 沒有待確認的報價單
[2026-04-24T16:21:40.896Z] 開始輪詢維修報價單 Odoo SO 狀態...
ℹ️ 沒有待確認的報價單
[2026-04-24T16:31:41.029Z] 開始輪詢維修報價單 Odoo SO 狀態...
ℹ️ 沒有待確認的報價單
[2026-04-24T16:41:41.169Z] 開始輪詢維修報價單 Odoo SO 狀態...
ℹ️ 沒有待確認的報價單
[2026-04-24T16:51:41.305Z] 開始輪詢維修報價單 Odoo SO 狀態...
ℹ️ 沒有待確認的報價單
[2026-04-24T17:01:41.444Z] 開始輪詢維修報價單 Odoo SO 狀態...
ℹ️ 沒有待確認的報價單
[2026-04-24T17:11:41.583Z] 開始輪詢維修報價單 Odoo SO 狀態...
ℹ️ 沒有待確認的報價單
[2026-04-24T17:21:41.719Z] 開始輪詢維修報價單 Odoo SO 狀態...
ℹ️ 沒有待確認的報價單
[2026-04-24T17:31:41.857Z] 開始輪詢維修報價單 Odoo SO 狀態...
ℹ️ 沒有待確認的報價單
[2026-04-24T17:41:41.988Z] 開始輪詢維修報價單 Odoo SO 狀態...
ℹ️ 沒有待確認的報價單
[2026-04-24T17:51:42.125Z] 開始輪詢維修報價單 Odoo SO 狀態...
ℹ️ 沒有待確認的報價單
[2026-04-24T18:01:42.265Z] 開始輪詢維修報價單 Odoo SO 狀態...
ℹ️ 沒有待確認的報價單
[2026-04-24T18:11:42.399Z] 開始輪詢維修報價單 Odoo SO 狀態...
ℹ️ 沒有待確認的報價單
[2026-04-24T18:21:42.537Z] 開始輪詢維修報價單 Odoo SO 狀態...
ℹ️ 沒有待確認的報價單
[2026-04-24T18:31:42.674Z] 開始輪詢維修報價單 Odoo SO 狀態...
ℹ️ 沒有待確認的報價單
[2026-04-24T18:41:42.809Z] 開始輪詢維修報價單 Odoo SO 狀態...
ℹ️ 沒有待確認的報價單
[2026-04-24T18:51:42.948Z] 開始輪詢維修報價單 Odoo SO 狀態...
ℹ️ 沒有待確認的報價單
[2026-04-24T19:01:43.085Z] 開始輪詢維修報價單 Odoo SO 狀態...
ℹ️ 沒有待確認的報價單
[2026-04-24T19:11:43.225Z] 開始輪詢維修報價單 Odoo SO 狀態...
ℹ️ 沒有待確認的報價單
[2026-04-24T19:21:43.366Z] 開始輪詢維修報價單 Odoo SO 狀態...
ℹ️ 沒有待確認的報價單
[2026-04-24T19:31:43.506Z] 開始輪詢維修報價單 Odoo SO 狀態...
ℹ️ 沒有待確認的報價單
[2026-04-24T19:41:43.647Z] 開始輪詢維修報價單 Odoo SO 狀態...
ℹ️ 沒有待確認的報價單
[2026-04-24T19:51:43.794Z] 開始輪詢維修報價單 Odoo SO 狀態...
ℹ️ 沒有待確認的報價單
[2026-04-24T20:01:43.934Z] 開始輪詢維修報價單 Odoo SO 狀態...
ℹ️ 沒有待確認的報價單
[2026-04-24T20:11:44.072Z] 開始輪詢維修報價單 Odoo SO 狀態...
ℹ️ 沒有待確認的報價單
[2026-04-24T20:21:44.208Z] 開始輪詢維修報價單 Odoo SO 狀態...
ℹ️ 沒有待確認的報價單
[2026-04-24T20:31:44.343Z] 開始輪詢維修報價單 Odoo SO 狀態...
ℹ️ 沒有待確認的報價單
[2026-04-24T20:41:44.489Z] 開始輪詢維修報價單 Odoo SO 狀態...
ℹ️ 沒有待確認的報價單
[2026-04-24T20:51:44.627Z] 開始輪詢維修報價單 Odoo SO 狀態...
ℹ️ 沒有待確認的報價單
[2026-04-24T21:01:44.759Z] 開始輪詢維修報價單 Odoo SO 狀態...
ℹ️ 沒有待確認的報價單
[2026-04-24T21:11:44.894Z] 開始輪詢維修報價單 Odoo SO 狀態...
ℹ️ 沒有待確認的報價單
[2026-04-24T21:21:45.031Z] 開始輪詢維修報價單 Odoo SO 狀態...
ℹ️ 沒有待確認的報價單
[2026-04-24T21:31:45.167Z] 開始輪詢維修報價單 Odoo SO 狀態...
ℹ️ 沒有待確認的報價單
[2026-04-24T21:41:45.312Z] 開始輪詢維修報價單 Odoo SO 狀態...
ℹ️ 沒有待確認的報價單
[2026-04-24T21:51:45.449Z] 開始輪詢維修報價單 Odoo SO 狀態...
ℹ️ 沒有待確認的報價單
[2026-04-24T22:01:45.590Z] 開始輪詢維修報價單 Odoo SO 狀態...
ℹ️ 沒有待確認的報價單
[2026-04-24T22:11:45.733Z] 開始輪詢維修報價單 Odoo SO 狀態...
ℹ️ 沒有待確認的報價單
[2026-04-24T22:21:45.876Z] 開始輪詢維修報價單 Odoo SO 狀態...
ℹ️ 沒有待確認的報價單
[2026-04-24T22:31:46.010Z] 開始輪詢維修報價單 Odoo SO 狀態...
ℹ️ 沒有待確認的報價單
[2026-04-24T22:41:46.150Z] 開始輪詢維修報價單 Odoo SO 狀態...
ℹ️ 沒有待確認的報價單
[2026-04-24T22:51:46.285Z] 開始輪詢維修報價單 Odoo SO 狀態...
ℹ️ 沒有待確認的報價單
[2026-04-24T23:01:46.421Z] 開始輪詢維修報價單 Odoo SO 狀態...
ℹ️ 沒有待確認的報價單
[2026-04-24T23:11:46.563Z] 開始輪詢維修報價單 Odoo SO 狀態...
ℹ️ 沒有待確認的報價單
[2026-04-24T23:21:46.705Z] 開始輪詢維修報價單 Odoo SO 狀態...
ℹ️ 沒有待確認的報價單
[2026-04-24T23:31:46.850Z] 開始輪詢維修報價單 Odoo SO 狀態...
ℹ️ 沒有待確認的報價單
[2026-04-24T23:41:46.992Z] 開始輪詢維修報價單 Odoo SO 狀態...
ℹ️ 沒有待確認的報價單
[2026-04-24T23:51:47.132Z] 開始輪詢維修報價單 Odoo SO 狀態...
ℹ️ 沒有待確認的報價單
[2026-04-25T00:01:47.246Z] 開始輪詢維修報價單 Odoo SO 狀態...
ℹ️ 沒有待確認的報價單
[2026-04-25T00:11:47.376Z] 開始輪詢維修報價單 Odoo SO 狀態...
ℹ️ 沒有待確認的報價單
[2026-04-25T00:21:47.513Z] 開始輪詢維修報價單 Odoo SO 狀態...
ℹ️ 沒有待確認的報價單
[2026-04-25T00:31:47.658Z] 開始輪詢維修報價單 Odoo SO 狀態...
ℹ️ 沒有待確認的報價單
[2026-04-25T00:41:47.795Z] 開始輪詢維修報價單 Odoo SO 狀態...
ℹ️ 沒有待確認的報價單
[2026-04-25T00:51:47.937Z] 開始輪詢維修報價單 Odoo SO 狀態...
ℹ️ 沒有待確認的報價單
[2026-04-25T01:01:48.073Z] 開始輪詢維修報價單 Odoo SO 狀態...
ℹ️ 沒有待確認的報價單
[2026-04-25T01:11:48.211Z] 開始輪詢維修報價單 Odoo SO 狀態...
ℹ️ 沒有待確認的報價單
[2026-04-25T01:21:48.352Z] 開始輪詢維修報價單 Odoo SO 狀態...
ℹ️ 沒有待確認的報價單
[2026-04-25T01:31:48.487Z] 開始輪詢維修報價單 Odoo SO 狀態...
ℹ️ 沒有待確認的報價單
[2026-04-25T01:41:48.626Z] 開始輪詢維修報價單 Odoo SO 狀態...
ℹ️ 沒有待確認的報價單
[2026-04-25T01:51:48.765Z] 開始輪詢維修報價單 Odoo SO 狀態...
ℹ️ 沒有待確認的報價單
[2026-04-25T02:01:48.901Z] 開始輪詢維修報價單 Odoo SO 狀態...
ℹ️ 沒有待確認的報價單
[2026-04-25T02:11:49.044Z] 開始輪詢維修報價單 Odoo SO 狀態...
ℹ️ 沒有待確認的報價單
[2026-04-25T02:21:49.175Z] 開始輪詢維修報價單 Odoo SO 狀態...
ℹ️ 沒有待確認的報價單
[2026-04-25T02:31:49.321Z] 開始輪詢維修報價單 Odoo SO 狀態...
ℹ️ 沒有待確認的報價單
[2026-04-25T02:41:49.471Z] 開始輪詢維修報價單 Odoo SO 狀態...
ℹ️ 沒有待確認的報價單
[2026-04-25T02:51:49.616Z] 開始輪詢維修報價單 Odoo SO 狀態...
ℹ️ 沒有待確認的報價單
[2026-04-25T03:01:49.752Z] 開始輪詢維修報價單 Odoo SO 狀態...
ℹ️ 沒有待確認的報價單
[2026-04-25T03:11:49.883Z] 開始輪詢維修報價單 Odoo SO 狀態...
ℹ️ 沒有待確認的報價單
[2026-04-25T03:21:50.014Z] 開始輪詢維修報價單 Odoo SO 狀態...
ℹ️ 沒有待確認的報價單
[2026-04-25T03:31:50.158Z] 開始輪詢維修報價單 Odoo SO 狀態...
ℹ️ 沒有待確認的報價單
[2026-04-25T03:41:50.294Z] 開始輪詢維修報價單 Odoo SO 狀態...
ℹ️ 沒有待確認的報價單
[2026-04-25T03:51:50.427Z] 開始輪詢維修報價單 Odoo SO 狀態...
ℹ️ 沒有待確認的報價單
[2026-04-25T04:01:50.562Z] 開始輪詢維修報價單 Odoo SO 狀態...
ℹ️ 沒有待確認的報價單
[2026-04-25T04:11:50.702Z] 開始輪詢維修報價單 Odoo SO 狀態...
ℹ️ 沒有待確認的報價單
[2026-04-25T04:21:50.812Z] 開始輪詢維修報價單 Odoo SO 狀態...
ℹ️ 沒有待確認的報價單
[2026-04-25T04:31:50.947Z] 開始輪詢維修報價單 Odoo SO 狀態...
ℹ️ 沒有待確認的報價單
[2026-04-25T04:41:51.092Z] 開始輪詢維修報價單 Odoo SO 狀態...
ℹ️ 沒有待確認的報價單
[2026-04-25T04:51:51.225Z] 開始輪詢維修報價單 Odoo SO 狀態...
ℹ️ 沒有待確認的報價單
[2026-04-25T05:01:51.359Z] 開始輪詢維修報價單 Odoo SO 狀態...
ℹ️ 沒有待確認的報價單
[2026-04-25T05:11:51.490Z] 開始輪詢維修報價單 Odoo SO 狀態...
ℹ️ 沒有待確認的報價單
[2026-04-25T05:21:51.629Z] 開始輪詢維修報價單 Odoo SO 狀態...
ℹ️ 沒有待確認的報價單
[2026-04-25T05:31:51.758Z] 開始輪詢維修報價單 Odoo SO 狀態...
ℹ️ 沒有待確認的報價單
[2026-04-25T05:41:51.886Z] 開始輪詢維修報價單 Odoo SO 狀態...
ℹ️ 沒有待確認的報價單
[2026-04-25T05:51:52.017Z] 開始輪詢維修報價單 Odoo SO 狀態...
ℹ️ 沒有待確認的報價單
[2026-04-25T06:01:52.135Z] 開始輪詢維修報價單 Odoo SO 狀態...
ℹ️ 沒有待確認的報價單
[2026-04-25T06:11:52.264Z] 開始輪詢維修報價單 Odoo SO 狀態...
ℹ️ 沒有待確認的報價單
[2026-04-25T06:21:52.392Z] 開始輪詢維修報價單 Odoo SO 狀態...
ℹ️ 沒有待確認的報價單
[2026-04-25T06:31:52.503Z] 開始輪詢維修報價單 Odoo SO 狀態...
ℹ️ 沒有待確認的報價單
[2026-04-25T06:41:52.633Z] 開始輪詢維修報價單 Odoo SO 狀態...
ℹ️ 沒有待確認的報價單
[2026-04-25T06:51:52.757Z] 開始輪詢維修報價單 Odoo SO 狀態...
ℹ️ 沒有待確認的報價單
[2026-04-25T07:01:52.889Z] 開始輪詢維修報價單 Odoo SO 狀態...
ℹ️ 沒有待確認的報價單
[2026-04-25T07:11:53.016Z] 開始輪詢維修報價單 Odoo SO 狀態...
ℹ️ 沒有待確認的報價單
[2026-04-25T07:21:53.143Z] 開始輪詢維修報價單 Odoo SO 狀態...
ℹ️ 沒有待確認的報價單
[2026-04-25T07:31:53.274Z] 開始輪詢維修報價單 Odoo SO 狀態...
ℹ️ 沒有待確認的報價單
[2026-04-25T07:41:53.598Z] 開始輪詢維修報價單 Odoo SO 狀態...
ℹ️ 沒有待確認的報價單
[2026-04-25T07:51:53.741Z] 開始輪詢維修報價單 Odoo SO 狀態...
ℹ️ 沒有待確認的報價單
[2026-04-25T08:01:53.876Z] 開始輪詢維修報價單 Odoo SO 狀態...
ℹ️ 沒有待確認的報價單
[2026-04-25T08:11:54.017Z] 開始輪詢維修報價單 Odoo SO 狀態...
ℹ️ 沒有待確認的報價單
[2026-04-25T08:21:54.155Z] 開始輪詢維修報價單 Odoo SO 狀態...
ℹ️ 沒有待確認的報價單
[2026-04-25T08:31:54.272Z] 開始輪詢維修報價單 Odoo SO 狀態...
ℹ️ 沒有待確認的報價單
[2026-04-25T08:41:54.399Z] 開始輪詢維修報價單 Odoo SO 狀態...
ℹ️ 沒有待確認的報價單
[2026-04-25T08:51:54.536Z] 開始輪詢維修報價單 Odoo SO 狀態...
ℹ️ 沒有待確認的報價單
[2026-04-25T09:01:54.680Z] 開始輪詢維修報價單 Odoo SO 狀態...
ℹ️ 沒有待確認的報價單
[2026-04-25T09:11:54.817Z] 開始輪詢維修報價單 Odoo SO 狀態...
ℹ️ 沒有待確認的報價單
[2026-04-25T09:21:54.954Z] 開始輪詢維修報價單 Odoo SO 狀態...
ℹ️ 沒有待確認的報價單
[2026-04-25T09:31:55.099Z] 開始輪詢維修報價單 Odoo SO 狀態...
ℹ️ 沒有待確認的報價單
[2026-04-25T09:41:55.244Z] 開始輪詢維修報價單 Odoo SO 狀態...
ℹ️ 沒有待確認的報價單
[2026-04-25T09:51:55.379Z] 開始輪詢維修報價單 Odoo SO 狀態...
ℹ️ 沒有待確認的報價單
[2026-04-25T10:01:55.514Z] 開始輪詢維修報價單 Odoo SO 狀態...
ℹ️ 沒有待確認的報價單
[2026-04-25T10:11:55.650Z] 開始輪詢維修報價單 Odoo SO 狀態...
ℹ️ 沒有待確認的報價單
[2026-04-25T10:21:55.797Z] 開始輪詢維修報價單 Odoo SO 狀態...
ℹ️ 沒有待確認的報價單
[2026-04-25T10:31:55.937Z] 開始輪詢維修報價單 Odoo SO 狀態...
ℹ️ 沒有待確認的報價單
[2026-04-25T10:41:56.078Z] 開始輪詢維修報價單 Odoo SO 狀態...
ℹ️ 沒有待確認的報價單
[2026-04-25T10:51:56.216Z] 開始輪詢維修報價單 Odoo SO 狀態...
ℹ️ 沒有待確認的報價單
[2026-04-25T11:01:56.346Z] 開始輪詢維修報價單 Odoo SO 狀態...
ℹ️ 沒有待確認的報價單
[2026-04-25T11:11:56.486Z] 開始輪詢維修報價單 Odoo SO 狀態...
ℹ️ 沒有待確認的報價單
[2026-04-25T11:21:56.592Z] 開始輪詢維修報價單 Odoo SO 狀態...
ℹ️ 沒有待確認的報價單
[2026-04-25T11:31:56.722Z] 開始輪詢維修報價單 Odoo SO 狀態...
ℹ️ 沒有待確認的報價單
[2026-04-25T11:41:56.859Z] 開始輪詢維修報價單 Odoo SO 狀態...
ℹ️ 沒有待確認的報價單
[2026-04-25T11:51:56.979Z] 開始輪詢維修報價單 Odoo SO 狀態...
ℹ️ 沒有待確認的報價單
[2026-04-25T12:01:57.110Z] 開始輪詢維修報價單 Odoo SO 狀態...
ℹ️ 沒有待確認的報價單
[2026-04-25T12:11:57.235Z] 開始輪詢維修報價單 Odoo SO 狀態...
ℹ️ 沒有待確認的報價單
[2026-04-25T12:21:57.347Z] 開始輪詢維修報價單 Odoo SO 狀態...
ℹ️ 沒有待確認的報價單
[2026-04-25T12:31:57.482Z] 開始輪詢維修報價單 Odoo SO 狀態...
ℹ️ 沒有待確認的報價單
[2026-04-25T12:41:57.594Z] 開始輪詢維修報價單 Odoo SO 狀態...
ℹ️ 沒有待確認的報價單
[2026-04-25T12:51:57.723Z] 開始輪詢維修報價單 Odoo SO 狀態...
ℹ️ 沒有待確認的報價單
[2026-04-25T13:01:57.848Z] 開始輪詢維修報價單 Odoo SO 狀態...
ℹ️ 沒有待確認的報價單
[2026-04-25T13:11:58.108Z] 開始輪詢維修報價單 Odoo SO 狀態...
ℹ️ 沒有待確認的報價單
[2026-04-25T13:21:58.249Z] 開始輪詢維修報價單 Odoo SO 狀態...
ℹ️ 沒有待確認的報價單
[2026-04-25T13:31:58.390Z] 開始輪詢維修報價單 Odoo SO 狀態...
ℹ️ 沒有待確認的報價單
[2026-04-25T13:41:58.529Z] 開始輪詢維修報價單 Odoo SO 狀態...
ℹ️ 沒有待確認的報價單
[2026-04-25T13:51:58.673Z] 開始輪詢維修報價單 Odoo SO 狀態...
ℹ️ 沒有待確認的報價單
[2026-04-25T14:01:58.788Z] 開始輪詢維修報價單 Odoo SO 狀態...
ℹ️ 沒有待確認的報價單
[2026-04-25T14:11:58.916Z] 開始輪詢維修報價單 Odoo SO 狀態...
ℹ️ 沒有待確認的報價單
[2026-04-25T14:21:59.057Z] 開始輪詢維修報價單 Odoo SO 狀態...
ℹ️ 沒有待確認的報價單
[2026-04-25T14:31:59.198Z] 開始輪詢維修報價單 Odoo SO 狀態...
ℹ️ 沒有待確認的報價單
[2026-04-25T14:41:59.331Z] 開始輪詢維修報價單 Odoo SO 狀態...
ℹ️ 沒有待確認的報價單
[2026-04-25T14:51:59.467Z] 開始輪詢維修報價單 Odoo SO 狀態...
ℹ️ 沒有待確認的報價單
[2026-04-25T15:01:59.606Z] 開始輪詢維修報價單 Odoo SO 狀態...
ℹ️ 沒有待確認的報價單
[2026-04-25T15:11:59.744Z] 開始輪詢維修報價單 Odoo SO 狀態...
ℹ️ 沒有待確認的報價單
[2026-04-25T15:21:59.883Z] 開始輪詢維修報價單 Odoo SO 狀態...
ℹ️ 沒有待確認的報價單
[2026-04-25T15:32:00.013Z] 開始輪詢維修報價單 Odoo SO 狀態...
ℹ️ 沒有待確認的報價單
[2026-04-25T15:42:00.139Z] 開始輪詢維修報價單 Odoo SO 狀態...
ℹ️ 沒有待確認的報價單
[2026-04-25T15:52:00.277Z] 開始輪詢維修報價單 Odoo SO 狀態...
ℹ️ 沒有待確認的報價單
[2026-04-25T16:02:00.402Z] 開始輪詢維修報價單 Odoo SO 狀態...
ℹ️ 沒有待確認的報價單
[2026-04-25T16:12:00.547Z] 開始輪詢維修報價單 Odoo SO 狀態...
ℹ️ 沒有待確認的報價單
[2026-04-25T16:22:00.675Z] 開始輪詢維修報價單 Odoo SO 狀態...
ℹ️ 沒有待確認的報價單
[2026-04-25T16:32:00.801Z] 開始輪詢維修報價單 Odoo SO 狀態...
ℹ️ 沒有待確認的報價單
[2026-04-25T16:42:00.938Z] 開始輪詢維修報價單 Odoo SO 狀態...
ℹ️ 沒有待確認的報價單
[2026-04-25T16:52:01.053Z] 開始輪詢維修報價單 Odoo SO 狀態...
ℹ️ 沒有待確認的報價單
[2026-04-25T17:02:01.188Z] 開始輪詢維修報價單 Odoo SO 狀態...
ℹ️ 沒有待確認的報價單
[2026-04-25T17:12:01.325Z] 開始輪詢維修報價單 Odoo SO 狀態...
ℹ️ 沒有待確認的報價單
[2026-04-25T17:22:01.570Z] 開始輪詢維修報價單 Odoo SO 狀態...
ℹ️ 沒有待確認的報價單
[2026-04-25T17:32:01.715Z] 開始輪詢維修報價單 Odoo SO 狀態...
ℹ️ 沒有待確認的報價單
[2026-04-25T17:42:01.864Z] 開始輪詢維修報價單 Odoo SO 狀態...
ℹ️ 沒有待確認的報價單
[2026-04-25T17:52:02.011Z] 開始輪詢維修報價單 Odoo SO 狀態...
ℹ️ 沒有待確認的報價單
[2026-04-25T18:02:02.157Z] 開始輪詢維修報價單 Odoo SO 狀態...
ℹ️ 沒有待確認的報價單
[2026-04-25T18:12:02.298Z] 開始輪詢維修報價單 Odoo SO 狀態...
ℹ️ 沒有待確認的報價單
[2026-04-25T18:22:02.435Z] 開始輪詢維修報價單 Odoo SO 狀態...
ℹ️ 沒有待確認的報價單
[2026-04-25T18:32:02.540Z] 開始輪詢維修報價單 Odoo SO 狀態...
ℹ️ 沒有待確認的報價單
[2026-04-25T18:42:02.676Z] 開始輪詢維修報價單 Odoo SO 狀態...
ℹ️ 沒有待確認的報價單
[2026-04-25T18:52:02.810Z] 開始輪詢維修報價單 Odoo SO 狀態...
ℹ️ 沒有待確認的報價單
[2026-04-25T19:02:02.947Z] 開始輪詢維修報價單 Odoo SO 狀態...
ℹ️ 沒有待確認的報價單
[2026-04-25T19:12:03.071Z] 開始輪詢維修報價單 Odoo SO 狀態...
ℹ️ 沒有待確認的報價單
[2026-04-25T19:22:03.200Z] 開始輪詢維修報價單 Odoo SO 狀態...
ℹ️ 沒有待確認的報價單
[2026-04-25T19:32:03.338Z] 開始輪詢維修報價單 Odoo SO 狀態...
ℹ️ 沒有待確認的報價單
[2026-04-25T19:42:03.499Z] 開始輪詢維修報價單 Odoo SO 狀態...
ℹ️ 沒有待確認的報價單
[2026-04-25T19:52:03.646Z] 開始輪詢維修報價單 Odoo SO 狀態...
ℹ️ 沒有待確認的報價單
[2026-04-25T20:02:03.788Z] 開始輪詢維修報價單 Odoo SO 狀態...
ℹ️ 沒有待確認的報價單
[2026-04-25T20:12:03.931Z] 開始輪詢維修報價單 Odoo SO 狀態...
ℹ️ 沒有待確認的報價單
[2026-04-25T20:22:04.070Z] 開始輪詢維修報價單 Odoo SO 狀態...
ℹ️ 沒有待確認的報價單
[2026-04-25T20:32:04.227Z] 開始輪詢維修報價單 Odoo SO 狀態...
ℹ️ 沒有待確認的報價單
[2026-04-25T20:42:04.364Z] 開始輪詢維修報價單 Odoo SO 狀態...
ℹ️ 沒有待確認的報價單
[2026-04-25T20:52:04.504Z] 開始輪詢維修報價單 Odoo SO 狀態...
ℹ️ 沒有待確認的報價單
[2026-04-25T21:02:04.649Z] 開始輪詢維修報價單 Odoo SO 狀態...
ℹ️ 沒有待確認的報價單
[2026-04-25T21:12:04.788Z] 開始輪詢維修報價單 Odoo SO 狀態...
ℹ️ 沒有待確認的報價單
[2026-04-25T21:22:04.924Z] 開始輪詢維修報價單 Odoo SO 狀態...
ℹ️ 沒有待確認的報價單
[2026-04-25T21:32:05.075Z] 開始輪詢維修報價單 Odoo SO 狀態...
ℹ️ 沒有待確認的報價單
[2026-04-25T21:42:05.227Z] 開始輪詢維修報價單 Odoo SO 狀態...
ℹ️ 沒有待確認的報價單
[2026-04-25T21:52:05.374Z] 開始輪詢維修報價單 Odoo SO 狀態...
ℹ️ 沒有待確認的報價單
[2026-04-25T22:02:05.520Z] 開始輪詢維修報價單 Odoo SO 狀態...
ℹ️ 沒有待確認的報價單
[2026-04-25T22:12:05.659Z] 開始輪詢維修報價單 Odoo SO 狀態...
ℹ️ 沒有待確認的報價單
[2026-04-25T22:22:05.797Z] 開始輪詢維修報價單 Odoo SO 狀態...
ℹ️ 沒有待確認的報價單
[2026-04-25T22:32:05.942Z] 開始輪詢維修報價單 Odoo SO 狀態...
ℹ️ 沒有待確認的報價單
[2026-04-25T22:42:06.070Z] 開始輪詢維修報價單 Odoo SO 狀態...
ℹ️ 沒有待確認的報價單
[2026-04-25T22:52:06.199Z] 開始輪詢維修報價單 Odoo SO 狀態...
ℹ️ 沒有待確認的報價單
[2026-04-25T23:02:06.342Z] 開始輪詢維修報價單 Odoo SO 狀態...
ℹ️ 沒有待確認的報價單
[2026-04-25T23:12:06.503Z] 開始輪詢維修報價單 Odoo SO 狀態...
ℹ️ 沒有待確認的報價單
[2026-04-25T23:22:06.643Z] 開始輪詢維修報價單 Odoo SO 狀態...
ℹ️ 沒有待確認的報價單
[2026-04-25T23:32:06.784Z] 開始輪詢維修報價單 Odoo SO 狀態...
ℹ️ 沒有待確認的報價單
[2026-04-25T23:42:06.918Z] 開始輪詢維修報價單 Odoo SO 狀態...
ℹ️ 沒有待確認的報價單
[2026-04-25T23:52:07.056Z] 開始輪詢維修報價單 Odoo SO 狀態...
ℹ️ 沒有待確認的報價單
[2026-04-26T00:02:07.199Z] 開始輪詢維修報價單 Odoo SO 狀態...
ℹ️ 沒有待確認的報價單
[2026-04-26T00:12:07.336Z] 開始輪詢維修報價單 Odoo SO 狀態...
ℹ️ 沒有待確認的報價單
[2026-04-26T00:22:07.481Z] 開始輪詢維修報價單 Odoo SO 狀態...
ℹ️ 沒有待確認的報價單
[2026-04-26T00:32:07.625Z] 開始輪詢維修報價單 Odoo SO 狀態...
ℹ️ 沒有待確認的報價單
[2026-04-26T00:42:07.768Z] 開始輪詢維修報價單 Odoo SO 狀態...
ℹ️ 沒有待確認的報價單
[2026-04-26T00:52:07.911Z] 開始輪詢維修報價單 Odoo SO 狀態...
ℹ️ 沒有待確認的報價單
[2026-04-26T01:02:08.047Z] 開始輪詢維修報價單 Odoo SO 狀態...
ℹ️ 沒有待確認的報價單
[2026-04-26T01:12:08.188Z] 開始輪詢維修報價單 Odoo SO 狀態...
ℹ️ 沒有待確認的報價單
[2026-04-26T01:22:08.324Z] 開始輪詢維修報價單 Odoo SO 狀態...
ℹ️ 沒有待確認的報價單
[2026-04-26T01:32:08.555Z] 開始輪詢維修報價單 Odoo SO 狀態...
ℹ️ 沒有待確認的報價單
[2026-04-26T01:42:08.694Z] 開始輪詢維修報價單 Odoo SO 狀態...
ℹ️ 沒有待確認的報價單
[2026-04-26T01:52:08.831Z] 開始輪詢維修報價單 Odoo SO 狀態...
ℹ️ 沒有待確認的報價單
[2026-04-26T02:02:08.975Z] 開始輪詢維修報價單 Odoo SO 狀態...
ℹ️ 沒有待確認的報價單
[2026-04-26T02:12:09.109Z] 開始輪詢維修報價單 Odoo SO 狀態...
ℹ️ 沒有待確認的報價單
[2026-04-26T02:22:09.248Z] 開始輪詢維修報價單 Odoo SO 狀態...
ℹ️ 沒有待確認的報價單
[2026-04-26T02:32:09.380Z] 開始輪詢維修報價單 Odoo SO 狀態...
ℹ️ 沒有待確認的報價單
[2026-04-26T02:42:09.523Z] 開始輪詢維修報價單 Odoo SO 狀態...
ℹ️ 沒有待確認的報價單
[2026-04-26T02:52:09.648Z] 開始輪詢維修報價單 Odoo SO 狀態...
ℹ️ 沒有待確認的報價單
[2026-04-26T03:02:09.823Z] 開始輪詢維修報價單 Odoo SO 狀態...
ℹ️ 沒有待確認的報價單
[2026-04-26T03:12:09.972Z] 開始輪詢維修報價單 Odoo SO 狀態...
ℹ️ 沒有待確認的報價單
[2026-04-26T03:22:10.126Z] 開始輪詢維修報價單 Odoo SO 狀態...
ℹ️ 沒有待確認的報價單
[2026-04-26T03:32:10.268Z] 開始輪詢維修報價單 Odoo SO 狀態...
ℹ️ 沒有待確認的報價單
[2026-04-26T03:42:10.405Z] 開始輪詢維修報價單 Odoo SO 狀態...
ℹ️ 沒有待確認的報價單
[2026-04-26T03:52:10.541Z] 開始輪詢維修報價單 Odoo SO 狀態...
ℹ️ 沒有待確認的報價單
[2026-04-26T04:02:10.693Z] 開始輪詢維修報價單 Odoo SO 狀態...
ℹ️ 沒有待確認的報價單
[2026-04-26T04:12:10.839Z] 開始輪詢維修報價單 Odoo SO 狀態...
ℹ️ 沒有待確認的報價單
[2026-04-26T04:22:10.972Z] 開始輪詢維修報價單 Odoo SO 狀態...
ℹ️ 沒有待確認的報價單
[2026-04-26T04:32:11.115Z] 開始輪詢維修報價單 Odoo SO 狀態...
ℹ️ 沒有待確認的報價單
[2026-04-26T04:42:11.246Z] 開始輪詢維修報價單 Odoo SO 狀態...
ℹ️ 沒有待確認的報價單
[2026-04-26T04:52:11.377Z] 開始輪詢維修報價單 Odoo SO 狀態...
ℹ️ 沒有待確認的報價單
[2026-04-26T05:02:11.519Z] 開始輪詢維修報價單 Odoo SO 狀態...
ℹ️ 沒有待確認的報價單
[2026-04-26T05:12:11.656Z] 開始輪詢維修報價單 Odoo SO 狀態...
ℹ️ 沒有待確認的報價單
[2026-04-26T05:22:11.799Z] 開始輪詢維修報價單 Odoo SO 狀態...
ℹ️ 沒有待確認的報價單
[2026-04-26T05:32:11.930Z] 開始輪詢維修報價單 Odoo SO 狀態...
ℹ️ 沒有待確認的報價單
[2026-04-26T05:42:12.069Z] 開始輪詢維修報價單 Odoo SO 狀態...
ℹ️ 沒有待確認的報價單
[2026-04-26T05:52:12.224Z] 開始輪詢維修報價單 Odoo SO 狀態...
ℹ️ 沒有待確認的報價單
[2026-04-26T06:02:12.367Z] 開始輪詢維修報價單 Odoo SO 狀態...
ℹ️ 沒有待確認的報價單
[2026-04-26T06:12:12.502Z] 開始輪詢維修報價單 Odoo SO 狀態...
ℹ️ 沒有待確認的報價單
[2026-04-26T06:22:12.637Z] 開始輪詢維修報價單 Odoo SO 狀態...
ℹ️ 沒有待確認的報價單
[2026-04-26T06:32:12.775Z] 開始輪詢維修報價單 Odoo SO 狀態...
ℹ️ 沒有待確認的報價單
[2026-04-26T06:42:12.918Z] 開始輪詢維修報價單 Odoo SO 狀態...
ℹ️ 沒有待確認的報價單
[2026-04-26T06:52:13.061Z] 開始輪詢維修報價單 Odoo SO 狀態...
ℹ️ 沒有待確認的報價單
[2026-04-26T07:02:13.205Z] 開始輪詢維修報價單 Odoo SO 狀態...
ℹ️ 沒有待確認的報價單
[2026-04-26T07:12:13.336Z] 開始輪詢維修報價單 Odoo SO 狀態...
ℹ️ 沒有待確認的報價單
[2026-04-26T07:22:13.476Z] 開始輪詢維修報價單 Odoo SO 狀態...
ℹ️ 沒有待確認的報價單
[2026-04-26T07:32:13.594Z] 開始輪詢維修報價單 Odoo SO 狀態...
ℹ️ 沒有待確認的報價單
[2026-04-26T07:42:13.712Z] 開始輪詢維修報價單 Odoo SO 狀態...
ℹ️ 沒有待確認的報價單
[2026-04-26T07:52:13.847Z] 開始輪詢維修報價單 Odoo SO 狀態...
ℹ️ 沒有待確認的報價單
[2026-04-26T08:02:13.989Z] 開始輪詢維修報價單 Odoo SO 狀態...
ℹ️ 沒有待確認的報價單
[2026-04-26T08:12:14.126Z] 開始輪詢維修報價單 Odoo SO 狀態...
ℹ️ 沒有待確認的報價單
[2026-04-26T08:22:14.260Z] 開始輪詢維修報價單 Odoo SO 狀態...
ℹ️ 沒有待確認的報價單
[2026-04-26T08:32:14.366Z] 開始輪詢維修報價單 Odoo SO 狀態...
ℹ️ 沒有待確認的報價單
[2026-04-26T08:42:14.481Z] 開始輪詢維修報價單 Odoo SO 狀態...
ℹ️ 沒有待確認的報價單
[2026-04-26T08:52:14.608Z] 開始輪詢維修報價單 Odoo SO 狀態...
ℹ️ 沒有待確認的報價單
[2026-04-26T09:02:14.721Z] 開始輪詢維修報價單 Odoo SO 狀態...
ℹ️ 沒有待確認的報價單
[2026-04-26T09:12:14.859Z] 開始輪詢維修報價單 Odoo SO 狀態...
ℹ️ 沒有待確認的報價單
[2026-04-26T09:22:14.977Z] 開始輪詢維修報價單 Odoo SO 狀態...
ℹ️ 沒有待確認的報價單
[2026-04-26T09:32:15.093Z] 開始輪詢維修報價單 Odoo SO 狀態...
ℹ️ 沒有待確認的報價單
[2026-04-26T09:42:15.220Z] 開始輪詢維修報價單 Odoo SO 狀態...
ℹ️ 沒有待確認的報價單
[2026-04-26T09:52:15.553Z] 開始輪詢維修報價單 Odoo SO 狀態...
ℹ️ 沒有待確認的報價單
[2026-04-26T10:02:15.691Z] 開始輪詢維修報價單 Odoo SO 狀態...
ℹ️ 沒有待確認的報價單
[2026-04-26T10:12:15.835Z] 開始輪詢維修報價單 Odoo SO 狀態...
ℹ️ 沒有待確認的報價單
[2026-04-26T10:22:15.967Z] 開始輪詢維修報價單 Odoo SO 狀態...
ℹ️ 沒有待確認的報價單
[2026-04-26T10:32:16.114Z] 開始輪詢維修報價單 Odoo SO 狀態...
ℹ️ 沒有待確認的報價單
[2026-04-26T10:42:16.257Z] 開始輪詢維修報價單 Odoo SO 狀態...
ℹ️ 沒有待確認的報價單
[2026-04-26T10:52:16.391Z] 開始輪詢維修報價單 Odoo SO 狀態...
ℹ️ 沒有待確認的報價單
[2026-04-26T11:02:16.534Z] 開始輪詢維修報價單 Odoo SO 狀態...
ℹ️ 沒有待確認的報價單
[2026-04-26T11:12:16.672Z] 開始輪詢維修報價單 Odoo SO 狀態...
ℹ️ 沒有待確認的報價單
[2026-04-26T11:22:16.818Z] 開始輪詢維修報價單 Odoo SO 狀態...
ℹ️ 沒有待確認的報價單
[2026-04-26T11:32:16.960Z] 開始輪詢維修報價單 Odoo SO 狀態...
ℹ️ 沒有待確認的報價單
[2026-04-26T11:42:17.101Z] 開始輪詢維修報價單 Odoo SO 狀態...
ℹ️ 沒有待確認的報價單
[2026-04-26T11:52:17.241Z] 開始輪詢維修報價單 Odoo SO 狀態...
ℹ️ 沒有待確認的報價單
[2026-04-26T12:02:17.388Z] 開始輪詢維修報價單 Odoo SO 狀態...
ℹ️ 沒有待確認的報價單
[2026-04-26T12:12:17.525Z] 開始輪詢維修報價單 Odoo SO 狀態...
ℹ️ 沒有待確認的報價單
[2026-04-26T12:22:17.663Z] 開始輪詢維修報價單 Odoo SO 狀態...
ℹ️ 沒有待確認的報價單
[2026-04-26T12:32:17.794Z] 開始輪詢維修報價單 Odoo SO 狀態...
ℹ️ 沒有待確認的報價單
[2026-04-26T12:42:17.921Z] 開始輪詢維修報價單 Odoo SO 狀態...
ℹ️ 沒有待確認的報價單
[2026-04-26T12:52:18.045Z] 開始輪詢維修報價單 Odoo SO 狀態...
ℹ️ 沒有待確認的報價單
[2026-04-26T13:02:18.161Z] 開始輪詢維修報價單 Odoo SO 狀態...
ℹ️ 沒有待確認的報價單
[2026-04-26T13:12:18.299Z] 開始輪詢維修報價單 Odoo SO 狀態...
ℹ️ 沒有待確認的報價單
[2026-04-26T13:22:18.430Z] 開始輪詢維修報價單 Odoo SO 狀態...
ℹ️ 沒有待確認的報價單
[2026-04-26T13:32:18.542Z] 開始輪詢維修報價單 Odoo SO 狀態...
ℹ️ 沒有待確認的報價單
[2026-04-26T13:42:18.674Z] 開始輪詢維修報價單 Odoo SO 狀態...
ℹ️ 沒有待確認的報價單
[2026-04-26T13:52:18.907Z] 開始輪詢維修報價單 Odoo SO 狀態...
ℹ️ 沒有待確認的報價單
[2026-04-26T14:02:19.014Z] 開始輪詢維修報價單 Odoo SO 狀態...
ℹ️ 沒有待確認的報價單
[2026-04-26T14:12:19.154Z] 開始輪詢維修報價單 Odoo SO 狀態...
ℹ️ 沒有待確認的報價單
[2026-04-26T14:22:19.291Z] 開始輪詢維修報價單 Odoo SO 狀態...
ℹ️ 沒有待確認的報價單
[2026-04-26T14:32:19.434Z] 開始輪詢維修報價單 Odoo SO 狀態...
ℹ️ 沒有待確認的報價單
[2026-04-26T14:42:19.577Z] 開始輪詢維修報價單 Odoo SO 狀態...
ℹ️ 沒有待確認的報價單
[2026-04-26T14:52:19.713Z] 開始輪詢維修報價單 Odoo SO 狀態...
ℹ️ 沒有待確認的報價單
[2026-04-26T15:02:19.844Z] 開始輪詢維修報價單 Odoo SO 狀態...
ℹ️ 沒有待確認的報價單
[2026-04-26T15:12:19.981Z] 開始輪詢維修報價單 Odoo SO 狀態...
ℹ️ 沒有待確認的報價單
[2026-04-26T15:22:20.123Z] 開始輪詢維修報價單 Odoo SO 狀態...
ℹ️ 沒有待確認的報價單
[2026-04-26T15:32:20.252Z] 開始輪詢維修報價單 Odoo SO 狀態...
ℹ️ 沒有待確認的報價單
[2026-04-26T15:42:20.386Z] 開始輪詢維修報價單 Odoo SO 狀態...
ℹ️ 沒有待確認的報價單
[2026-04-26T15:52:20.569Z] 開始輪詢維修報價單 Odoo SO 狀態...
ℹ️ 沒有待確認的報價單
[2026-04-26T16:02:20.703Z] 開始輪詢維修報價單 Odoo SO 狀態...
ℹ️ 沒有待確認的報價單
[2026-04-26T16:12:20.836Z] 開始輪詢維修報價單 Odoo SO 狀態...
ℹ️ 沒有待確認的報價單
[2026-04-26T16:22:20.973Z] 開始輪詢維修報價單 Odoo SO 狀態...
ℹ️ 沒有待確認的報價單
[2026-04-26T16:32:21.113Z] 開始輪詢維修報價單 Odoo SO 狀態...
ℹ️ 沒有待確認的報價單
[2026-04-26T16:42:21.247Z] 開始輪詢維修報價單 Odoo SO 狀態...
ℹ️ 沒有待確認的報價單
[2026-04-26T16:52:21.382Z] 開始輪詢維修報價單 Odoo SO 狀態...
ℹ️ 沒有待確認的報價單
[2026-04-26T17:02:21.524Z] 開始輪詢維修報價單 Odoo SO 狀態...
ℹ️ 沒有待確認的報價單
[2026-04-26T17:12:21.667Z] 開始輪詢維修報價單 Odoo SO 狀態...
ℹ️ 沒有待確認的報價單
[2026-04-26T17:22:21.817Z] 開始輪詢維修報價單 Odoo SO 狀態...
ℹ️ 沒有待確認的報價單
[2026-04-26T17:32:21.964Z] 開始輪詢維修報價單 Odoo SO 狀態...
ℹ️ 沒有待確認的報價單
[2026-04-26T17:42:22.102Z] 開始輪詢維修報價單 Odoo SO 狀態...
ℹ️ 沒有待確認的報價單
[2026-04-26T17:52:22.247Z] 開始輪詢維修報價單 Odoo SO 狀態...
ℹ️ 沒有待確認的報價單
[2026-04-26T18:02:22.385Z] 開始輪詢維修報價單 Odoo SO 狀態...
ℹ️ 沒有待確認的報價單
[2026-04-26T18:12:22.522Z] 開始輪詢維修報價單 Odoo SO 狀態...
ℹ️ 沒有待確認的報價單
[2026-04-26T18:22:22.660Z] 開始輪詢維修報價單 Odoo SO 狀態...
ℹ️ 沒有待確認的報價單
[2026-04-26T18:32:22.800Z] 開始輪詢維修報價單 Odoo SO 狀態...
ℹ️ 沒有待確認的報價單
[2026-04-26T18:42:22.934Z] 開始輪詢維修報價單 Odoo SO 狀態...
ℹ️ 沒有待確認的報價單
[2026-04-26T18:52:23.075Z] 開始輪詢維修報價單 Odoo SO 狀態...
ℹ️ 沒有待確認的報價單
[2026-04-26T19:02:23.211Z] 開始輪詢維修報價單 Odoo SO 狀態...
ℹ️ 沒有待確認的報價單
[2026-04-26T19:12:23.353Z] 開始輪詢維修報價單 Odoo SO 狀態...
ℹ️ 沒有待確認的報價單
[2026-04-26T19:22:23.503Z] 開始輪詢維修報價單 Odoo SO 狀態...
ℹ️ 沒有待確認的報價單
[2026-04-26T19:32:23.646Z] 開始輪詢維修報價單 Odoo SO 狀態...
ℹ️ 沒有待確認的報價單
[2026-04-26T19:42:23.788Z] 開始輪詢維修報價單 Odoo SO 狀態...
ℹ️ 沒有待確認的報價單
[2026-04-26T19:52:23.934Z] 開始輪詢維修報價單 Odoo SO 狀態...
ℹ️ 沒有待確認的報價單
[2026-04-26T20:02:24.079Z] 開始輪詢維修報價單 Odoo SO 狀態...
ℹ️ 沒有待確認的報價單
[2026-04-26T20:12:24.226Z] 開始輪詢維修報價單 Odoo SO 狀態...
ℹ️ 沒有待確認的報價單
[2026-04-26T20:22:24.363Z] 開始輪詢維修報價單 Odoo SO 狀態...
ℹ️ 沒有待確認的報價單
[2026-04-26T20:32:24.515Z] 開始輪詢維修報價單 Odoo SO 狀態...
ℹ️ 沒有待確認的報價單
[2026-04-26T20:42:24.661Z] 開始輪詢維修報價單 Odoo SO 狀態...
ℹ️ 沒有待確認的報價單
[2026-04-26T20:52:24.802Z] 開始輪詢維修報價單 Odoo SO 狀態...
ℹ️ 沒有待確認的報價單
[2026-04-26T21:02:24.936Z] 開始輪詢維修報價單 Odoo SO 狀態...
ℹ️ 沒有待確認的報價單
[2026-04-26T21:12:25.074Z] 開始輪詢維修報價單 Odoo SO 狀態...
ℹ️ 沒有待確認的報價單
[2026-04-26T21:22:25.216Z] 開始輪詢維修報價單 Odoo SO 狀態...
ℹ️ 沒有待確認的報價單
[2026-04-26T21:32:25.356Z] 開始輪詢維修報價單 Odoo SO 狀態...
ℹ️ 沒有待確認的報價單
[2026-04-26T21:42:25.507Z] 開始輪詢維修報價單 Odoo SO 狀態...
ℹ️ 沒有待確認的報價單
[2026-04-26T21:52:25.658Z] 開始輪詢維修報價單 Odoo SO 狀態...
ℹ️ 沒有待確認的報價單
[2026-04-26T22:02:25.799Z] 開始輪詢維修報價單 Odoo SO 狀態...
ℹ️ 沒有待確認的報價單
[2026-04-26T22:12:25.942Z] 開始輪詢維修報價單 Odoo SO 狀態...
ℹ️ 沒有待確認的報價單
[2026-04-26T22:22:26.080Z] 開始輪詢維修報價單 Odoo SO 狀態...
ℹ️ 沒有待確認的報價單
[2026-04-26T22:32:26.228Z] 開始輪詢維修報價單 Odoo SO 狀態...
ℹ️ 沒有待確認的報價單
[2026-04-26T22:42:26.362Z] 開始輪詢維修報價單 Odoo SO 狀態...
ℹ️ 沒有待確認的報價單
[2026-04-26T22:52:26.509Z] 開始輪詢維修報價單 Odoo SO 狀態...
ℹ️ 沒有待確認的報價單
[2026-04-26T23:02:26.649Z] 開始輪詢維修報價單 Odoo SO 狀態...
ℹ️ 沒有待確認的報價單
[2026-04-26T23:12:26.795Z] 開始輪詢維修報價單 Odoo SO 狀態...
ℹ️ 沒有待確認的報價單
[2026-04-26T23:22:26.935Z] 開始輪詢維修報價單 Odoo SO 狀態...
ℹ️ 沒有待確認的報價單
[2026-04-26T23:32:27.073Z] 開始輪詢維修報價單 Odoo SO 狀態...
ℹ️ 沒有待確認的報價單
[2026-04-26T23:42:27.217Z] 開始輪詢維修報價單 Odoo SO 狀態...
ℹ️ 沒有待確認的報價單
[2026-04-26T23:52:27.364Z] 開始輪詢維修報價單 Odoo SO 狀態...
ℹ️ 沒有待確認的報價單
[2026-04-27T00:02:27.510Z] 開始輪詢維修報價單 Odoo SO 狀態...
ℹ️ 沒有待確認的報價單
[2026-04-27T00:12:27.647Z] 開始輪詢維修報價單 Odoo SO 狀態...
ℹ️ 沒有待確認的報價單
[2026-04-27T00:22:27.797Z] 開始輪詢維修報價單 Odoo SO 狀態...
ℹ️ 沒有待確認的報價單
[2026-04-27T00:32:27.938Z] 開始輪詢維修報價單 Odoo SO 狀態...
ℹ️ 沒有待確認的報價單
[2026-04-27T00:42:28.080Z] 開始輪詢維修報價單 Odoo SO 狀態...
ℹ️ 沒有待確認的報價單
[2026-04-27T00:52:28.221Z] 開始輪詢維修報價單 Odoo SO 狀態...
ℹ️ 沒有待確認的報價單
[2026-04-27T01:02:28.358Z] 開始輪詢維修報價單 Odoo SO 狀態...
ℹ️ 沒有待確認的報價單
[2026-04-27T01:12:28.502Z] 開始輪詢維修報價單 Odoo SO 狀態...
ℹ️ 沒有待確認的報價單
[2026-04-27T01:22:28.633Z] 開始輪詢維修報價單 Odoo SO 狀態...
ℹ️ 沒有待確認的報價單
[2026-04-27T01:32:28.789Z] 開始輪詢維修報價單 Odoo SO 狀態...
ℹ️ 沒有待確認的報價單
[2026-04-27T01:42:28.932Z] 開始輪詢維修報價單 Odoo SO 狀態...
ℹ️ 沒有待確認的報價單
[2026-04-27T01:52:29.076Z] 開始輪詢維修報價單 Odoo SO 狀態...
ℹ️ 沒有待確認的報價單
[2026-04-27T02:02:29.224Z] 開始輪詢維修報價單 Odoo SO 狀態...
ℹ️ 沒有待確認的報價單
[2026-04-27T02:12:29.364Z] 開始輪詢維修報價單 Odoo SO 狀態...
ℹ️ 沒有待確認的報價單
[2026-04-27T02:22:29.497Z] 開始輪詢維修報價單 Odoo SO 狀態...
ℹ️ 沒有待確認的報價單
[2026-04-27T02:32:29.636Z] 開始輪詢維修報價單 Odoo SO 狀態...
ℹ️ 沒有待確認的報價單
[2026-04-27T02:42:29.774Z] 開始輪詢維修報價單 Odoo SO 狀態...
ℹ️ 沒有待確認的報價單
[2026-04-27T02:52:29.918Z] 開始輪詢維修報價單 Odoo SO 狀態...
ℹ️ 沒有待確認的報價單
[2026-04-27T03:02:30.059Z] 開始輪詢維修報價單 Odoo SO 狀態...
ℹ️ 沒有待確認的報價單
[2026-04-27T03:12:30.201Z] 開始輪詢維修報價單 Odoo SO 狀態...
ℹ️ 沒有待確認的報價單
[2026-04-27T03:22:30.346Z] 開始輪詢維修報價單 Odoo SO 狀態...
ℹ️ 沒有待確認的報價單
[2026-04-27T03:32:30.494Z] 開始輪詢維修報價單 Odoo SO 狀態...
ℹ️ 沒有待確認的報價單
[2026-04-27T03:42:30.630Z] 開始輪詢維修報價單 Odoo SO 狀態...
ℹ️ 沒有待確認的報價單
[2026-04-27T03:52:30.776Z] 開始輪詢維修報價單 Odoo SO 狀態...
ℹ️ 沒有待確認的報價單
[2026-04-27T04:02:30.919Z] 開始輪詢維修報價單 Odoo SO 狀態...
ℹ️ 沒有待確認的報價單
[2026-04-27T04:12:31.053Z] 開始輪詢維修報價單 Odoo SO 狀態...
ℹ️ 沒有待確認的報價單
[2026-04-27T04:22:31.208Z] 開始輪詢維修報價單 Odoo SO 狀態...
ℹ️ 沒有待確認的報價單
[2026-04-27T04:32:31.353Z] 開始輪詢維修報價單 Odoo SO 狀態...
ℹ️ 沒有待確認的報價單
[2026-04-27T04:42:31.489Z] 開始輪詢維修報價單 Odoo SO 狀態...
ℹ️ 沒有待確認的報價單
[2026-04-27T04:52:31.623Z] 開始輪詢維修報價單 Odoo SO 狀態...
ℹ️ 沒有待確認的報價單
[2026-04-27T05:02:31.762Z] 開始輪詢維修報價單 Odoo SO 狀態...
ℹ️ 沒有待確認的報價單
[2026-04-27T05:12:31.903Z] 開始輪詢維修報價單 Odoo SO 狀態...
ℹ️ 沒有待確認的報價單
[2026-04-27T05:22:32.037Z] 開始輪詢維修報價單 Odoo SO 狀態...
ℹ️ 沒有待確認的報價單
[2026-04-27T05:32:32.182Z] 開始輪詢維修報價單 Odoo SO 狀態...
ℹ️ 沒有待確認的報價單
[2026-04-27T05:42:32.341Z] 開始輪詢維修報價單 Odoo SO 狀態...
ℹ️ 沒有待確認的報價單
[2026-04-27T05:52:32.490Z] 開始輪詢維修報價單 Odoo SO 狀態...
ℹ️ 沒有待確認的報價單
[2026-04-27T06:02:32.642Z] 開始輪詢維修報價單 Odoo SO 狀態...
ℹ️ 沒有待確認的報價單
[2026-04-27T06:12:32.790Z] 開始輪詢維修報價單 Odoo SO 狀態...
ℹ️ 沒有待確認的報價單
[2026-04-27T06:22:32.931Z] 開始輪詢維修報價單 Odoo SO 狀態...
ℹ️ 沒有待確認的報價單
[2026-04-27T06:32:33.072Z] 開始輪詢維修報價單 Odoo SO 狀態...
ℹ️ 沒有待確認的報價單
[2026-04-27T06:42:33.212Z] 開始輪詢維修報價單 Odoo SO 狀態...
ℹ️ 沒有待確認的報價單
[2026-04-27T06:52:33.357Z] 開始輪詢維修報價單 Odoo SO 狀態...
ℹ️ 沒有待確認的報價單
[2026-04-27T07:02:33.495Z] 開始輪詢維修報價單 Odoo SO 狀態...
ℹ️ 沒有待確認的報價單
[2026-04-27T07:12:33.636Z] 開始輪詢維修報價單 Odoo SO 狀態...
ℹ️ 沒有待確認的報價單
[2026-04-27T07:22:33.769Z] 開始輪詢維修報價單 Odoo SO 狀態...
ℹ️ 沒有待確認的報價單
[2026-04-27T07:32:33.905Z] 開始輪詢維修報價單 Odoo SO 狀態...
ℹ️ 沒有待確認的報價單
[2026-04-27T07:42:34.049Z] 開始輪詢維修報價單 Odoo SO 狀態...
ℹ️ 沒有待確認的報價單
[2026-04-27T07:52:34.192Z] 開始輪詢維修報價單 Odoo SO 狀態...
ℹ️ 沒有待確認的報價單
[2026-04-27T08:02:34.326Z] 開始輪詢維修報價單 Odoo SO 狀態...
ℹ️ 沒有待確認的報價單
[2026-04-27T08:12:34.460Z] 開始輪詢維修報價單 Odoo SO 狀態...
ℹ️ 沒有待確認的報價單
[2026-04-27T08:22:34.596Z] 開始輪詢維修報價單 Odoo SO 狀態...
ℹ️ 沒有待確認的報價單
[2026-04-27T08:32:34.738Z] 開始輪詢維修報價單 Odoo SO 狀態...
ℹ️ 沒有待確認的報價單
[2026-04-27T08:42:34.875Z] 開始輪詢維修報價單 Odoo SO 狀態...
ℹ️ 沒有待確認的報價單
[2026-04-27T08:52:35.019Z] 開始輪詢維修報價單 Odoo SO 狀態...
ℹ️ 沒有待確認的報價單
[2026-04-27T09:02:35.156Z] 開始輪詢維修報價單 Odoo SO 狀態...
ℹ️ 沒有待確認的報價單
[2026-04-27T09:12:35.299Z] 開始輪詢維修報價單 Odoo SO 狀態...
ℹ️ 沒有待確認的報價單
[2026-04-27T09:22:35.432Z] 開始輪詢維修報價單 Odoo SO 狀態...
ℹ️ 沒有待確認的報價單
[2026-04-27T09:32:35.579Z] 開始輪詢維修報價單 Odoo SO 狀態...
ℹ️ 沒有待確認的報價單
[2026-04-27T09:42:35.718Z] 開始輪詢維修報價單 Odoo SO 狀態...
ℹ️ 沒有待確認的報價單
[2026-04-27T09:52:35.857Z] 開始輪詢維修報價單 Odoo SO 狀態...
ℹ️ 沒有待確認的報價單
[2026-04-27T10:02:35.996Z] 開始輪詢維修報價單 Odoo SO 狀態...
ℹ️ 沒有待確認的報價單
[2026-04-27T10:12:36.134Z] 開始輪詢維修報價單 Odoo SO 狀態...
ℹ️ 沒有待確認的報價單
[2026-04-27T10:22:36.268Z] 開始輪詢維修報價單 Odoo SO 狀態...
ℹ️ 沒有待確認的報價單
[2026-04-27T10:32:36.407Z] 開始輪詢維修報價單 Odoo SO 狀態...
ℹ️ 沒有待確認的報價單
[2026-04-27T10:42:36.542Z] 開始輪詢維修報價單 Odoo SO 狀態...
ℹ️ 沒有待確認的報價單
[2026-04-27T10:52:36.670Z] 開始輪詢維修報價單 Odoo SO 狀態...
ℹ️ 沒有待確認的報價單
[2026-04-27T11:02:36.810Z] 開始輪詢維修報價單 Odoo SO 狀態...
ℹ️ 沒有待確認的報價單
[2026-04-27T11:12:36.946Z] 開始輪詢維修報價單 Odoo SO 狀態...
ℹ️ 沒有待確認的報價單
[2026-04-27T11:22:37.083Z] 開始輪詢維修報價單 Odoo SO 狀態...
ℹ️ 沒有待確認的報價單
[2026-04-27T11:32:37.224Z] 開始輪詢維修報價單 Odoo SO 狀態...
ℹ️ 沒有待確認的報價單
[2026-04-27T11:42:37.362Z] 開始輪詢維修報價單 Odoo SO 狀態...
ℹ️ 沒有待確認的報價單
[2026-04-27T11:52:37.498Z] 開始輪詢維修報價單 Odoo SO 狀態...
ℹ️ 沒有待確認的報價單
[2026-04-27T12:02:37.637Z] 開始輪詢維修報價單 Odoo SO 狀態...
ℹ️ 沒有待確認的報價單
[2026-04-27T12:12:37.769Z] 開始輪詢維修報價單 Odoo SO 狀態...
ℹ️ 沒有待確認的報價單
[2026-04-27T12:22:37.909Z] 開始輪詢維修報價單 Odoo SO 狀態...
ℹ️ 沒有待確認的報價單
[2026-04-27T12:32:38.044Z] 開始輪詢維修報價單 Odoo SO 狀態...
ℹ️ 沒有待確認的報價單
[2026-04-27T12:42:38.178Z] 開始輪詢維修報價單 Odoo SO 狀態...
ℹ️ 沒有待確認的報價單
[2026-04-27T12:52:38.316Z] 開始輪詢維修報價單 Odoo SO 狀態...
ℹ️ 沒有待確認的報價單
[2026-04-27T13:02:38.456Z] 開始輪詢維修報價單 Odoo SO 狀態...
ℹ️ 沒有待確認的報價單
[2026-04-27T13:12:38.588Z] 開始輪詢維修報價單 Odoo SO 狀態...
ℹ️ 沒有待確認的報價單
[2026-04-27T13:22:38.712Z] 開始輪詢維修報價單 Odoo SO 狀態...
ℹ️ 沒有待確認的報價單
[2026-04-27T13:32:38.848Z] 開始輪詢維修報價單 Odoo SO 狀態...
ℹ️ 沒有待確認的報價單
[2026-04-27T13:42:38.987Z] 開始輪詢維修報價單 Odoo SO 狀態...
ℹ️ 沒有待確認的報價單
[2026-04-27T13:52:39.127Z] 開始輪詢維修報價單 Odoo SO 狀態...
ℹ️ 沒有待確認的報價單
[2026-04-27T14:02:39.244Z] 開始輪詢維修報價單 Odoo SO 狀態...
ℹ️ 沒有待確認的報價單
[2026-04-27T14:12:39.362Z] 開始輪詢維修報價單 Odoo SO 狀態...
ℹ️ 沒有待確認的報價單
[2026-04-27T14:22:39.498Z] 開始輪詢維修報價單 Odoo SO 狀態...
ℹ️ 沒有待確認的報價單
[2026-04-27T14:32:39.631Z] 開始輪詢維修報價單 Odoo SO 狀態...
ℹ️ 沒有待確認的報價單
[2026-04-27T14:42:39.767Z] 開始輪詢維修報價單 Odoo SO 狀態...
ℹ️ 沒有待確認的報價單
[2026-04-27T14:52:39.898Z] 開始輪詢維修報價單 Odoo SO 狀態...
ℹ️ 沒有待確認的報價單
[2026-04-27T15:02:40.036Z] 開始輪詢維修報價單 Odoo SO 狀態...
ℹ️ 沒有待確認的報價單
[2026-04-27T15:12:40.167Z] 開始輪詢維修報價單 Odoo SO 狀態...
ℹ️ 沒有待確認的報價單
[2026-04-27T15:22:40.287Z] 開始輪詢維修報價單 Odoo SO 狀態...
ℹ️ 沒有待確認的報價單
[2026-04-27T15:32:40.424Z] 開始輪詢維修報價單 Odoo SO 狀態...
ℹ️ 沒有待確認的報價單
[2026-04-27T15:42:40.601Z] 開始輪詢維修報價單 Odoo SO 狀態...
ℹ️ 沒有待確認的報價單
[2026-04-27T15:52:40.735Z] 開始輪詢維修報價單 Odoo SO 狀態...
ℹ️ 沒有待確認的報價單
[2026-04-27T16:02:40.868Z] 開始輪詢維修報價單 Odoo SO 狀態...
ℹ️ 沒有待確認的報價單
[2026-04-27T16:12:41.000Z] 開始輪詢維修報價單 Odoo SO 狀態...
ℹ️ 沒有待確認的報價單
[2026-04-27T16:22:41.133Z] 開始輪詢維修報價單 Odoo SO 狀態...
ℹ️ 沒有待確認的報價單
[2026-04-27T16:32:41.268Z] 開始輪詢維修報價單 Odoo SO 狀態...
ℹ️ 沒有待確認的報價單
[2026-04-27T16:42:41.407Z] 開始輪詢維修報價單 Odoo SO 狀態...
ℹ️ 沒有待確認的報價單
[2026-04-27T16:52:41.541Z] 開始輪詢維修報價單 Odoo SO 狀態...
ℹ️ 沒有待確認的報價單
[2026-04-27T17:02:41.665Z] 開始輪詢維修報價單 Odoo SO 狀態...
ℹ️ 沒有待確認的報價單
[2026-04-27T17:12:41.797Z] 開始輪詢維修報價單 Odoo SO 狀態...
ℹ️ 沒有待確認的報價單
[2026-04-27T17:22:41.934Z] 開始輪詢維修報價單 Odoo SO 狀態...
ℹ️ 沒有待確認的報價單
[2026-04-27T17:32:42.062Z] 開始輪詢維修報價單 Odoo SO 狀態...
ℹ️ 沒有待確認的報價單
[2026-04-27T17:42:42.177Z] 開始輪詢維修報價單 Odoo SO 狀態...
ℹ️ 沒有待確認的報價單
[2026-04-27T17:52:42.306Z] 開始輪詢維修報價單 Odoo SO 狀態...
ℹ️ 沒有待確認的報價單
[2026-04-27T18:02:42.434Z] 開始輪詢維修報價單 Odoo SO 狀態...
ℹ️ 沒有待確認的報價單
[2026-04-27T18:12:42.564Z] 開始輪詢維修報價單 Odoo SO 狀態...
ℹ️ 沒有待確認的報價單
[2026-04-27T18:22:42.780Z] 開始輪詢維修報價單 Odoo SO 狀態...
ℹ️ 沒有待確認的報價單
[2026-04-27T18:32:42.917Z] 開始輪詢維修報價單 Odoo SO 狀態...
ℹ️ 沒有待確認的報價單
[2026-04-27T18:42:43.057Z] 開始輪詢維修報價單 Odoo SO 狀態...
ℹ️ 沒有待確認的報價單
[2026-04-27T18:52:43.196Z] 開始輪詢維修報價單 Odoo SO 狀態...
ℹ️ 沒有待確認的報價單
[2026-04-27T19:02:43.328Z] 開始輪詢維修報價單 Odoo SO 狀態...
ℹ️ 沒有待確認的報價單
[2026-04-27T19:12:43.460Z] 開始輪詢維修報價單 Odoo SO 狀態...
ℹ️ 沒有待確認的報價單
[2026-04-27T19:22:43.595Z] 開始輪詢維修報價單 Odoo SO 狀態...
ℹ️ 沒有待確認的報價單
[2026-04-27T19:32:43.734Z] 開始輪詢維修報價單 Odoo SO 狀態...
ℹ️ 沒有待確認的報價單
[2026-04-27T19:42:43.871Z] 開始輪詢維修報價單 Odoo SO 狀態...
ℹ️ 沒有待確認的報價單
[2026-04-27T19:52:44.006Z] 開始輪詢維修報價單 Odoo SO 狀態...
ℹ️ 沒有待確認的報價單
[2026-04-27T20:02:44.125Z] 開始輪詢維修報價單 Odoo SO 狀態...
ℹ️ 沒有待確認的報價單
[2026-04-27T20:12:44.262Z] 開始輪詢維修報價單 Odoo SO 狀態...
ℹ️ 沒有待確認的報價單
[2026-04-27T20:22:44.400Z] 開始輪詢維修報價單 Odoo SO 狀態...
ℹ️ 沒有待確認的報價單
[2026-04-27T20:32:44.557Z] 開始輪詢維修報價單 Odoo SO 狀態...
ℹ️ 沒有待確認的報價單
[2026-04-27T20:42:44.701Z] 開始輪詢維修報價單 Odoo SO 狀態...
ℹ️ 沒有待確認的報價單
[2026-04-27T20:52:44.840Z] 開始輪詢維修報價單 Odoo SO 狀態...
ℹ️ 沒有待確認的報價單
[2026-04-27T21:02:44.978Z] 開始輪詢維修報價單 Odoo SO 狀態...
ℹ️ 沒有待確認的報價單
[2026-04-27T21:12:45.117Z] 開始輪詢維修報價單 Odoo SO 狀態...
ℹ️ 沒有待確認的報價單
[2026-04-27T21:22:45.256Z] 開始輪詢維修報價單 Odoo SO 狀態...
ℹ️ 沒有待確認的報價單
[2026-04-27T21:32:45.403Z] 開始輪詢維修報價單 Odoo SO 狀態...
ℹ️ 沒有待確認的報價單
[2026-04-27T21:42:45.549Z] 開始輪詢維修報價單 Odoo SO 狀態...
ℹ️ 沒有待確認的報價單
[2026-04-27T21:52:45.686Z] 開始輪詢維修報價單 Odoo SO 狀態...
ℹ️ 沒有待確認的報價單
[2026-04-27T22:02:45.828Z] 開始輪詢維修報價單 Odoo SO 狀態...
ℹ️ 沒有待確認的報價單
[2026-04-27T22:12:45.958Z] 開始輪詢維修報價單 Odoo SO 狀態...
ℹ️ 沒有待確認的報價單
[2026-04-27T22:22:46.089Z] 開始輪詢維修報價單 Odoo SO 狀態...
ℹ️ 沒有待確認的報價單
[2026-04-27T22:32:46.231Z] 開始輪詢維修報價單 Odoo SO 狀態...
ℹ️ 沒有待確認的報價單
[2026-04-27T22:42:46.361Z] 開始輪詢維修報價單 Odoo SO 狀態...
ℹ️ 沒有待確認的報價單
[2026-04-27T22:52:46.504Z] 開始輪詢維修報價單 Odoo SO 狀態...
ℹ️ 沒有待確認的報價單
[2026-04-27T23:02:46.649Z] 開始輪詢維修報價單 Odoo SO 狀態...
ℹ️ 沒有待確認的報價單
[2026-04-27T23:12:46.782Z] 開始輪詢維修報價單 Odoo SO 狀態...
ℹ️ 沒有待確認的報價單
[2026-04-27T23:22:46.920Z] 開始輪詢維修報價單 Odoo SO 狀態...
ℹ️ 沒有待確認的報價單
[2026-04-27T23:32:47.071Z] 開始輪詢維修報價單 Odoo SO 狀態...
ℹ️ 沒有待確認的報價單
[2026-04-27T23:42:47.205Z] 開始輪詢維修報價單 Odoo SO 狀態...
ℹ️ 沒有待確認的報價單
[2026-04-27T23:52:47.355Z] 開始輪詢維修報價單 Odoo SO 狀態...
ℹ️ 沒有待確認的報價單
[2026-04-28T00:02:47.489Z] 開始輪詢維修報價單 Odoo SO 狀態...
ℹ️ 沒有待確認的報價單
[2026-04-28T00:12:47.617Z] 開始輪詢維修報價單 Odoo SO 狀態...
ℹ️ 沒有待確認的報價單
[2026-04-28T00:22:47.761Z] 開始輪詢維修報價單 Odoo SO 狀態...
ℹ️ 沒有待確認的報價單
[2026-04-28T00:32:47.904Z] 開始輪詢維修報價單 Odoo SO 狀態...
ℹ️ 沒有待確認的報價單
[2026-04-28T00:42:48.046Z] 開始輪詢維修報價單 Odoo SO 狀態...
ℹ️ 沒有待確認的報價單
[2026-04-28T00:52:48.179Z] 開始輪詢維修報價單 Odoo SO 狀態...
ℹ️ 沒有待確認的報價單
[2026-04-28T01:02:48.325Z] 開始輪詢維修報價單 Odoo SO 狀態...
ℹ️ 沒有待確認的報價單
[2026-04-28T01:12:48.470Z] 開始輪詢維修報價單 Odoo SO 狀態...
ℹ️ 沒有待確認的報價單
[2026-04-28T01:22:48.609Z] 開始輪詢維修報價單 Odoo SO 狀態...
ℹ️ 沒有待確認的報價單
[2026-04-28T01:32:48.750Z] 開始輪詢維修報價單 Odoo SO 狀態...
ℹ️ 沒有待確認的報價單
[2026-04-28T01:42:48.888Z] 開始輪詢維修報價單 Odoo SO 狀態...
ℹ️ 沒有待確認的報價單
[2026-04-28T01:52:49.027Z] 開始輪詢維修報價單 Odoo SO 狀態...
ℹ️ 沒有待確認的報價單
[2026-04-28T02:02:49.165Z] 開始輪詢維修報價單 Odoo SO 狀態...
ℹ️ 沒有待確認的報價單
[2026-04-28T02:12:49.300Z] 開始輪詢維修報價單 Odoo SO 狀態...
ℹ️ 沒有待確認的報價單
[2026-04-28T02:22:49.438Z] 開始輪詢維修報價單 Odoo SO 狀態...
ℹ️ 沒有待確認的報價單
[2026-04-28T02:32:49.574Z] 開始輪詢維修報價單 Odoo SO 狀態...
ℹ️ 沒有待確認的報價單
[2026-04-28T02:42:49.729Z] 開始輪詢維修報價單 Odoo SO 狀態...
ℹ️ 沒有待確認的報價單
[2026-04-28T02:52:49.869Z] 開始輪詢維修報價單 Odoo SO 狀態...
ℹ️ 沒有待確認的報價單
[2026-04-28T03:02:50.010Z] 開始輪詢維修報價單 Odoo SO 狀態...
ℹ️ 沒有待確認的報價單
[2026-04-28T03:12:50.143Z] 開始輪詢維修報價單 Odoo SO 狀態...
ℹ️ 沒有待確認的報價單
[2026-04-28T03:22:50.276Z] 開始輪詢維修報價單 Odoo SO 狀態...
ℹ️ 沒有待確認的報價單
[2026-04-28T03:32:50.397Z] 開始輪詢維修報價單 Odoo SO 狀態...
ℹ️ 沒有待確認的報價單
[2026-04-28T03:42:50.529Z] 開始輪詢維修報價單 Odoo SO 狀態...
ℹ️ 沒有待確認的報價單
[2026-04-28T03:52:50.661Z] 開始輪詢維修報價單 Odoo SO 狀態...
ℹ️ 沒有待確認的報價單
[2026-04-28T04:02:50.794Z] 開始輪詢維修報價單 Odoo SO 狀態...
ℹ️ 沒有待確認的報價單
[2026-04-28T04:12:50.928Z] 開始輪詢維修報價單 Odoo SO 狀態...
ℹ️ 沒有待確認的報價單
[2026-04-28T04:22:51.054Z] 開始輪詢維修報價單 Odoo SO 狀態...
ℹ️ 沒有待確認的報價單
[2026-04-28T04:32:51.183Z] 開始輪詢維修報價單 Odoo SO 狀態...
ℹ️ 沒有待確認的報價單
[2026-04-28T04:42:51.349Z] 開始輪詢維修報價單 Odoo SO 狀態...
ℹ️ 沒有待確認的報價單
[2026-04-28T04:52:51.491Z] 開始輪詢維修報價單 Odoo SO 狀態...
ℹ️ 沒有待確認的報價單
[2026-04-28T05:02:51.636Z] 開始輪詢維修報價單 Odoo SO 狀態...
ℹ️ 沒有待確認的報價單
[2026-04-28T05:12:51.775Z] 開始輪詢維修報價單 Odoo SO 狀態...
ℹ️ 沒有待確認的報價單
[2026-04-28T05:22:51.910Z] 開始輪詢維修報價單 Odoo SO 狀態...
ℹ️ 沒有待確認的報價單
[2026-04-28T05:32:52.048Z] 開始輪詢維修報價單 Odoo SO 狀態...
ℹ️ 沒有待確認的報價單
[2026-04-28T05:42:52.189Z] 開始輪詢維修報價單 Odoo SO 狀態...
ℹ️ 沒有待確認的報價單
[2026-04-28T05:52:52.329Z] 開始輪詢維修報價單 Odoo SO 狀態...
ℹ️ 沒有待確認的報價單
[2026-04-28T06:02:52.460Z] 開始輪詢維修報價單 Odoo SO 狀態...
ℹ️ 沒有待確認的報價單
[2026-04-28T06:12:52.603Z] 開始輪詢維修報價單 Odoo SO 狀態...
ℹ️ 沒有待確認的報價單
[2026-04-28T06:22:52.747Z] 開始輪詢維修報價單 Odoo SO 狀態...
ℹ️ 沒有待確認的報價單
[2026-04-28T06:32:52.879Z] 開始輪詢維修報價單 Odoo SO 狀態...
ℹ️ 沒有待確認的報價單
[2026-04-28T06:42:53.016Z] 開始輪詢維修報價單 Odoo SO 狀態...
ℹ️ 沒有待確認的報價單
[2026-04-28T06:52:53.154Z] 開始輪詢維修報價單 Odoo SO 狀態...
ℹ️ 沒有待確認的報價單
[2026-04-28T07:02:53.298Z] 開始輪詢維修報價單 Odoo SO 狀態...
ℹ️ 沒有待確認的報價單
[2026-04-28T07:12:53.433Z] 開始輪詢維修報價單 Odoo SO 狀態...
ℹ️ 沒有待確認的報價單
[2026-04-28T07:22:53.567Z] 開始輪詢維修報價單 Odoo SO 狀態...
ℹ️ 沒有待確認的報價單
[2026-04-28T07:32:53.705Z] 開始輪詢維修報價單 Odoo SO 狀態...
ℹ️ 沒有待確認的報價單
[2026-04-28T07:42:53.843Z] 開始輪詢維修報價單 Odoo SO 狀態...
ℹ️ 沒有待確認的報價單
[2026-04-28T07:52:53.983Z] 開始輪詢維修報價單 Odoo SO 狀態...
ℹ️ 沒有待確認的報價單
[2026-04-28T08:02:54.119Z] 開始輪詢維修報價單 Odoo SO 狀態...
ℹ️ 沒有待確認的報價單
[2026-04-28T08:12:54.259Z] 開始輪詢維修報價單 Odoo SO 狀態...
ℹ️ 沒有待確認的報價單
[2026-04-28T08:22:54.395Z] 開始輪詢維修報價單 Odoo SO 狀態...
ℹ️ 沒有待確認的報價單
[2026-04-28T08:32:54.533Z] 開始輪詢維修報價單 Odoo SO 狀態...
ℹ️ 沒有待確認的報價單
[2026-04-28T08:42:54.646Z] 開始輪詢維修報價單 Odoo SO 狀態...
ℹ️ 沒有待確認的報價單
[2026-04-28T08:52:54.779Z] 開始輪詢維修報價單 Odoo SO 狀態...
ℹ️ 沒有待確認的報價單
[2026-04-28T09:02:54.920Z] 開始輪詢維修報價單 Odoo SO 狀態...
ℹ️ 沒有待確認的報價單
[2026-04-28T09:12:55.050Z] 開始輪詢維修報價單 Odoo SO 狀態...
ℹ️ 沒有待確認的報價單
[2026-04-28T09:22:55.182Z] 開始輪詢維修報價單 Odoo SO 狀態...
ℹ️ 沒有待確認的報價單
[2026-04-28T09:32:55.323Z] 開始輪詢維修報價單 Odoo SO 狀態...
ℹ️ 沒有待確認的報價單
[2026-04-28T09:42:55.474Z] 開始輪詢維修報價單 Odoo SO 狀態...
ℹ️ 沒有待確認的報價單
[2026-04-28T09:52:55.611Z] 開始輪詢維修報價單 Odoo SO 狀態...
ℹ️ 沒有待確認的報價單
[2026-04-28T10:02:55.745Z] 開始輪詢維修報價單 Odoo SO 狀態...
ℹ️ 沒有待確認的報價單
[2026-04-28T10:12:55.887Z] 開始輪詢維修報價單 Odoo SO 狀態...
ℹ️ 沒有待確認的報價單
[2026-04-28T10:22:56.021Z] 開始輪詢維修報價單 Odoo SO 狀態...
ℹ️ 沒有待確認的報價單
[2026-04-28T10:32:56.164Z] 開始輪詢維修報價單 Odoo SO 狀態...
ℹ️ 沒有待確認的報價單
[2026-04-28T10:42:56.306Z] 開始輪詢維修報價單 Odoo SO 狀態...
ℹ️ 沒有待確認的報價單
[2026-04-28T10:52:56.447Z] 開始輪詢維修報價單 Odoo SO 狀態...
ℹ️ 沒有待確認的報價單
[2026-04-28T11:02:56.585Z] 開始輪詢維修報價單 Odoo SO 狀態...
ℹ️ 沒有待確認的報價單
[2026-04-28T11:12:56.699Z] 開始輪詢維修報價單 Odoo SO 狀態...
ℹ️ 沒有待確認的報價單
[2026-04-28T11:22:56.838Z] 開始輪詢維修報價單 Odoo SO 狀態...
ℹ️ 沒有待確認的報價單
[2026-04-28T11:32:56.978Z] 開始輪詢維修報價單 Odoo SO 狀態...
ℹ️ 沒有待確認的報價單
[2026-04-28T11:42:57.111Z] 開始輪詢維修報價單 Odoo SO 狀態...
ℹ️ 沒有待確認的報價單
[2026-04-28T11:52:57.244Z] 開始輪詢維修報價單 Odoo SO 狀態...
ℹ️ 沒有待確認的報價單
[2026-04-28T12:02:57.374Z] 開始輪詢維修報價單 Odoo SO 狀態...
ℹ️ 沒有待確認的報價單
[2026-04-28T12:12:57.515Z] 開始輪詢維修報價單 Odoo SO 狀態...
ℹ️ 沒有待確認的報價單
[2026-04-28T12:22:57.654Z] 開始輪詢維修報價單 Odoo SO 狀態...
ℹ️ 沒有待確認的報價單
[2026-04-28T12:32:57.796Z] 開始輪詢維修報價單 Odoo SO 狀態...
ℹ️ 沒有待確認的報價單
[2026-04-28T12:42:57.909Z] 開始輪詢維修報價單 Odoo SO 狀態...
ℹ️ 沒有待確認的報價單
[2026-04-28T12:52:58.045Z] 開始輪詢維修報價單 Odoo SO 狀態...
ℹ️ 沒有待確認的報價單
[2026-04-28T13:02:58.187Z] 開始輪詢維修報價單 Odoo SO 狀態...
ℹ️ 沒有待確認的報價單
[2026-04-28T13:12:58.317Z] 開始輪詢維修報價單 Odoo SO 狀態...
ℹ️ 沒有待確認的報價單
[2026-04-28T13:22:58.450Z] 開始輪詢維修報價單 Odoo SO 狀態...
ℹ️ 沒有待確認的報價單
[2026-04-28T13:32:58.663Z] 開始輪詢維修報價單 Odoo SO 狀態...
ℹ️ 沒有待確認的報價單
[2026-04-28T13:42:58.799Z] 開始輪詢維修報價單 Odoo SO 狀態...
ℹ️ 沒有待確認的報價單
[2026-04-28T13:52:58.948Z] 開始輪詢維修報價單 Odoo SO 狀態...
ℹ️ 沒有待確認的報價單
[2026-04-28T14:02:59.061Z] 開始輪詢維修報價單 Odoo SO 狀態...
ℹ️ 沒有待確認的報價單
[2026-04-28T14:12:59.193Z] 開始輪詢維修報價單 Odoo SO 狀態...
ℹ️ 沒有待確認的報價單
[2026-04-28T14:22:59.340Z] 開始輪詢維修報價單 Odoo SO 狀態...
ℹ️ 沒有待確認的報價單
[2026-04-28T14:32:59.458Z] 開始輪詢維修報價單 Odoo SO 狀態...
ℹ️ 沒有待確認的報價單
[2026-04-28T14:42:59.568Z] 開始輪詢維修報價單 Odoo SO 狀態...
ℹ️ 沒有待確認的報價單
[2026-04-28T14:52:59.690Z] 開始輪詢維修報價單 Odoo SO 狀態...
ℹ️ 沒有待確認的報價單
[2026-04-28T15:02:59.820Z] 開始輪詢維修報價單 Odoo SO 狀態...
ℹ️ 沒有待確認的報價單
[2026-04-28T15:12:59.939Z] 開始輪詢維修報價單 Odoo SO 狀態...
ℹ️ 沒有待確認的報價單
[2026-04-28T15:23:00.066Z] 開始輪詢維修報價單 Odoo SO 狀態...
ℹ️ 沒有待確認的報價單
[2026-04-28T15:33:00.212Z] 開始輪詢維修報價單 Odoo SO 狀態...
ℹ️ 沒有待確認的報價單
[2026-04-28T15:43:00.330Z] 開始輪詢維修報價單 Odoo SO 狀態...
ℹ️ 沒有待確認的報價單
[2026-04-28T15:53:00.460Z] 開始輪詢維修報價單 Odoo SO 狀態...
ℹ️ 沒有待確認的報價單
[2026-04-28T16:03:00.591Z] 開始輪詢維修報價單 Odoo SO 狀態...
ℹ️ 沒有待確認的報價單
[2026-04-28T16:13:00.718Z] 開始輪詢維修報價單 Odoo SO 狀態...
ℹ️ 沒有待確認的報價單
[2026-04-28T16:23:00.857Z] 開始輪詢維修報價單 Odoo SO 狀態...
ℹ️ 沒有待確認的報價單
[2026-04-28T16:33:00.963Z] 開始輪詢維修報價單 Odoo SO 狀態...
ℹ️ 沒有待確認的報價單
[2026-04-28T16:43:01.099Z] 開始輪詢維修報價單 Odoo SO 狀態...
ℹ️ 沒有待確認的報價單
[2026-04-28T16:53:01.210Z] 開始輪詢維修報價單 Odoo SO 狀態...
ℹ️ 沒有待確認的報價單
[2026-04-28T17:03:01.495Z] 開始輪詢維修報價單 Odoo SO 狀態...
ℹ️ 沒有待確認的報價單
[2026-04-28T17:13:01.641Z] 開始輪詢維修報價單 Odoo SO 狀態...
ℹ️ 沒有待確認的報價單
[2026-04-28T17:23:01.783Z] 開始輪詢維修報價單 Odoo SO 狀態...
ℹ️ 沒有待確認的報價單
[2026-04-28T17:33:01.927Z] 開始輪詢維修報價單 Odoo SO 狀態...
ℹ️ 沒有待確認的報價單
[2026-04-28T17:43:02.071Z] 開始輪詢維修報價單 Odoo SO 狀態...
ℹ️ 沒有待確認的報價單
[2026-04-28T17:53:02.209Z] 開始輪詢維修報價單 Odoo SO 狀態...
ℹ️ 沒有待確認的報價單
[2026-04-28T18:03:02.345Z] 開始輪詢維修報價單 Odoo SO 狀態...
ℹ️ 沒有待確認的報價單
[2026-04-28T18:13:02.491Z] 開始輪詢維修報價單 Odoo SO 狀態...
ℹ️ 沒有待確認的報價單
[2026-04-28T18:23:02.632Z] 開始輪詢維修報價單 Odoo SO 狀態...
ℹ️ 沒有待確認的報價單
[2026-04-28T18:33:02.764Z] 開始輪詢維修報價單 Odoo SO 狀態...
ℹ️ 沒有待確認的報價單
[2026-04-28T18:43:02.898Z] 開始輪詢維修報價單 Odoo SO 狀態...
ℹ️ 沒有待確認的報價單
[2026-04-28T18:53:03.041Z] 開始輪詢維修報價單 Odoo SO 狀態...
ℹ️ 沒有待確認的報價單
[2026-04-28T19:03:03.180Z] 開始輪詢維修報價單 Odoo SO 狀態...
ℹ️ 沒有待確認的報價單
[2026-04-28T19:13:03.313Z] 開始輪詢維修報價單 Odoo SO 狀態...
ℹ️ 沒有待確認的報價單
[2026-04-28T19:23:03.451Z] 開始輪詢維修報價單 Odoo SO 狀態...
ℹ️ 沒有待確認的報價單
[2026-04-28T19:33:03.590Z] 開始輪詢維修報價單 Odoo SO 狀態...
ℹ️ 沒有待確認的報價單
[2026-04-28T19:43:03.722Z] 開始輪詢維修報價單 Odoo SO 狀態...
ℹ️ 沒有待確認的報價單
[2026-04-28T19:53:03.857Z] 開始輪詢維修報價單 Odoo SO 狀態...
ℹ️ 沒有待確認的報價單
[2026-04-28T20:03:03.989Z] 開始輪詢維修報價單 Odoo SO 狀態...
ℹ️ 沒有待確認的報價單
[2026-04-28T20:13:04.121Z] 開始輪詢維修報價單 Odoo SO 狀態...
ℹ️ 沒有待確認的報價單
[2026-04-28T20:23:04.239Z] 開始輪詢維修報價單 Odoo SO 狀態...
ℹ️ 沒有待確認的報價單
[2026-04-28T20:33:04.356Z] 開始輪詢維修報價單 Odoo SO 狀態...
ℹ️ 沒有待確認的報價單
[2026-04-28T20:43:04.477Z] 開始輪詢維修報價單 Odoo SO 狀態...
ℹ️ 沒有待確認的報價單
[2026-04-28T20:53:04.687Z] 開始輪詢維修報價單 Odoo SO 狀態...
ℹ️ 沒有待確認的報價單
[2026-04-28T21:03:04.831Z] 開始輪詢維修報價單 Odoo SO 狀態...
ℹ️ 沒有待確認的報價單
[2026-04-28T21:13:04.967Z] 開始輪詢維修報價單 Odoo SO 狀態...
ℹ️ 沒有待確認的報價單
[2026-04-28T21:23:05.105Z] 開始輪詢維修報價單 Odoo SO 狀態...
ℹ️ 沒有待確認的報價單
[2026-04-28T21:33:05.258Z] 開始輪詢維修報價單 Odoo SO 狀態...
ℹ️ 沒有待確認的報價單
[2026-04-28T21:43:05.403Z] 開始輪詢維修報價單 Odoo SO 狀態...
ℹ️ 沒有待確認的報價單
[2026-04-28T21:53:05.538Z] 開始輪詢維修報價單 Odoo SO 狀態...
ℹ️ 沒有待確認的報價單
[2026-04-28T22:03:05.680Z] 開始輪詢維修報價單 Odoo SO 狀態...
ℹ️ 沒有待確認的報價單
[2026-04-28T22:13:05.828Z] 開始輪詢維修報價單 Odoo SO 狀態...
ℹ️ 沒有待確認的報價單
[2026-04-28T22:23:05.969Z] 開始輪詢維修報價單 Odoo SO 狀態...
ℹ️ 沒有待確認的報價單
[2026-04-28T22:33:06.113Z] 開始輪詢維修報價單 Odoo SO 狀態...
ℹ️ 沒有待確認的報價單
[2026-04-28T22:43:06.246Z] 開始輪詢維修報價單 Odoo SO 狀態...
ℹ️ 沒有待確認的報價單
[2026-04-28T22:53:06.386Z] 開始輪詢維修報價單 Odoo SO 狀態...
ℹ️ 沒有待確認的報價單
[2026-04-28T23:03:06.521Z] 開始輪詢維修報價單 Odoo SO 狀態...
ℹ️ 沒有待確認的報價單
[2026-04-28T23:13:06.654Z] 開始輪詢維修報價單 Odoo SO 狀態...
ℹ️ 沒有待確認的報價單
[2026-04-28T23:23:06.788Z] 開始輪詢維修報價單 Odoo SO 狀態...
ℹ️ 沒有待確認的報價單
[2026-04-28T23:33:06.916Z] 開始輪詢維修報價單 Odoo SO 狀態...
ℹ️ 沒有待確認的報價單
[2026-04-28T23:43:07.047Z] 開始輪詢維修報價單 Odoo SO 狀態...
ℹ️ 沒有待確認的報價單
[2026-04-28T23:53:07.191Z] 開始輪詢維修報價單 Odoo SO 狀態...
ℹ️ 沒有待確認的報價單
[2026-04-29T00:03:07.319Z] 開始輪詢維修報價單 Odoo SO 狀態...
ℹ️ 沒有待確認的報價單
[2026-04-29T00:13:07.460Z] 開始輪詢維修報價單 Odoo SO 狀態...
ℹ️ 沒有待確認的報價單
[2026-04-29T00:23:07.601Z] 開始輪詢維修報價單 Odoo SO 狀態...
ℹ️ 沒有待確認的報價單
[2026-04-29T00:33:07.748Z] 開始輪詢維修報價單 Odoo SO 狀態...
ℹ️ 沒有待確認的報價單
[2026-04-29T00:43:07.881Z] 開始輪詢維修報價單 Odoo SO 狀態...
ℹ️ 沒有待確認的報價單
[2026-04-29T00:53:08.022Z] 開始輪詢維修報價單 Odoo SO 狀態...
ℹ️ 沒有待確認的報價單
[2026-04-29T01:03:08.351Z] 開始輪詢維修報價單 Odoo SO 狀態...
ℹ️ 沒有待確認的報價單
[2026-04-29T01:13:08.483Z] 開始輪詢維修報價單 Odoo SO 狀態...
ℹ️ 沒有待確認的報價單
[2026-04-29T01:23:08.617Z] 開始輪詢維修報價單 Odoo SO 狀態...
ℹ️ 沒有待確認的報價單
[2026-04-29T01:33:08.756Z] 開始輪詢維修報價單 Odoo SO 狀態...
ℹ️ 沒有待確認的報價單
[2026-04-29T01:43:08.896Z] 開始輪詢維修報價單 Odoo SO 狀態...
ℹ️ 沒有待確認的報價單
[2026-04-29T01:53:09.044Z] 開始輪詢維修報價單 Odoo SO 狀態...
ℹ️ 沒有待確認的報價單
[2026-04-29T02:03:09.183Z] 開始輪詢維修報價單 Odoo SO 狀態...
ℹ️ 沒有待確認的報價單
[2026-04-29T02:13:09.314Z] 開始輪詢維修報價單 Odoo SO 狀態...
ℹ️ 沒有待確認的報價單
[2026-04-29T02:23:09.450Z] 開始輪詢維修報價單 Odoo SO 狀態...
ℹ️ 沒有待確認的報價單
[2026-04-29T02:33:09.583Z] 開始輪詢維修報價單 Odoo SO 狀態...
ℹ️ 沒有待確認的報價單
[2026-04-29T02:43:09.725Z] 開始輪詢維修報價單 Odoo SO 狀態...
ℹ️ 沒有待確認的報價單
[2026-04-29T02:53:09.863Z] 開始輪詢維修報價單 Odoo SO 狀態...
ℹ️ 沒有待確認的報價單
[2026-04-29T03:03:10.005Z] 開始輪詢維修報價單 Odoo SO 狀態...
ℹ️ 沒有待確認的報價單
[2026-04-29T03:13:10.149Z] 開始輪詢維修報價單 Odoo SO 狀態...
ℹ️ 沒有待確認的報價單
[2026-04-29T03:23:10.286Z] 開始輪詢維修報價單 Odoo SO 狀態...
ℹ️ 沒有待確認的報價單
[2026-04-29T03:33:10.432Z] 開始輪詢維修報價單 Odoo SO 狀態...
ℹ️ 沒有待確認的報價單
[2026-04-29T03:43:10.571Z] 開始輪詢維修報價單 Odoo SO 狀態...
ℹ️ 沒有待確認的報價單
[2026-04-29T03:53:10.711Z] 開始輪詢維修報價單 Odoo SO 狀態...
ℹ️ 沒有待確認的報價單
[2026-04-29T04:03:10.853Z] 開始輪詢維修報價單 Odoo SO 狀態...
ℹ️ 沒有待確認的報價單
[2026-04-29T04:13:10.956Z] 開始輪詢維修報價單 Odoo SO 狀態...
ℹ️ 沒有待確認的報價單
[2026-04-29T04:23:11.096Z] 開始輪詢維修報價單 Odoo SO 狀態...
ℹ️ 沒有待確認的報價單
[2026-04-29T04:33:11.231Z] 開始輪詢維修報價單 Odoo SO 狀態...
ℹ️ 沒有待確認的報價單
[2026-04-29T04:43:11.360Z] 開始輪詢維修報價單 Odoo SO 狀態...
ℹ️ 沒有待確認的報價單
[2026-04-29T04:53:11.491Z] 開始輪詢維修報價單 Odoo SO 狀態...
ℹ️ 沒有待確認的報價單
[2026-04-29T05:03:11.640Z] 開始輪詢維修報價單 Odoo SO 狀態...
ℹ️ 沒有待確認的報價單
[2026-04-29T05:13:11.781Z] 開始輪詢維修報價單 Odoo SO 狀態...
ℹ️ 沒有待確認的報價單
[2026-04-29T05:23:11.914Z] 開始輪詢維修報價單 Odoo SO 狀態...
ℹ️ 沒有待確認的報價單
[2026-04-29T05:33:12.047Z] 開始輪詢維修報價單 Odoo SO 狀態...
ℹ️ 沒有待確認的報價單
[2026-04-29T05:43:12.184Z] 開始輪詢維修報價單 Odoo SO 狀態...
ℹ️ 沒有待確認的報價單
[2026-04-29T05:53:12.322Z] 開始輪詢維修報價單 Odoo SO 狀態...
ℹ️ 沒有待確認的報價單
[2026-04-29T06:03:12.455Z] 開始輪詢維修報價單 Odoo SO 狀態...
ℹ️ 沒有待確認的報價單
[2026-04-29T06:13:12.605Z] 開始輪詢維修報價單 Odoo SO 狀態...
ℹ️ 沒有待確認的報價單
[2026-04-29T06:23:12.742Z] 開始輪詢維修報價單 Odoo SO 狀態...
ℹ️ 沒有待確認的報價單
[2026-04-29T06:33:12.876Z] 開始輪詢維修報價單 Odoo SO 狀態...
ℹ️ 沒有待確認的報價單
[2026-04-29T06:43:13.006Z] 開始輪詢維修報價單 Odoo SO 狀態...
ℹ️ 沒有待確認的報價單
[2026-04-29T06:53:13.122Z] 開始輪詢維修報價單 Odoo SO 狀態...
ℹ️ 沒有待確認的報價單
[2026-04-29T07:03:13.247Z] 開始輪詢維修報價單 Odoo SO 狀態...
ℹ️ 沒有待確認的報價單
[2026-04-29T07:13:13.362Z] 開始輪詢維修報價單 Odoo SO 狀態...
ℹ️ 沒有待確認的報價單
[2026-04-29T07:23:13.492Z] 開始輪詢維修報價單 Odoo SO 狀態...
ℹ️ 沒有待確認的報價單
[2026-04-29T07:33:13.600Z] 開始輪詢維修報價單 Odoo SO 狀態...
ℹ️ 沒有待確認的報價單
[2026-04-29T07:43:13.728Z] 開始輪詢維修報價單 Odoo SO 狀態...
ℹ️ 沒有待確認的報價單
[2026-04-29T07:53:13.860Z] 開始輪詢維修報價單 Odoo SO 狀態...
ℹ️ 沒有待確認的報價單
[2026-04-29T08:03:13.959Z] 開始輪詢維修報價單 Odoo SO 狀態...
ℹ️ 沒有待確認的報價單
[2026-04-29T08:13:14.062Z] 開始輪詢維修報價單 Odoo SO 狀態...
ℹ️ 沒有待確認的報價單
[2026-04-29T08:23:14.190Z] 開始輪詢維修報價單 Odoo SO 狀態...
ℹ️ 沒有待確認的報價單
[2026-04-29T08:33:14.483Z] 開始輪詢維修報價單 Odoo SO 狀態...
ℹ️ 沒有待確認的報價單
[2026-04-29T08:43:14.622Z] 開始輪詢維修報價單 Odoo SO 狀態...
ℹ️ 沒有待確認的報價單
[2026-04-29T08:53:14.759Z] 開始輪詢維修報價單 Odoo SO 狀態...
ℹ️ 沒有待確認的報價單
[2026-04-29T09:03:14.897Z] 開始輪詢維修報價單 Odoo SO 狀態...
ℹ️ 沒有待確認的報價單
[2026-04-29T09:13:15.032Z] 開始輪詢維修報價單 Odoo SO 狀態...
ℹ️ 沒有待確認的報價單
[2026-04-29T09:23:15.177Z] 開始輪詢維修報價單 Odoo SO 狀態...
ℹ️ 沒有待確認的報價單
[2026-04-29T09:33:15.304Z] 開始輪詢維修報價單 Odoo SO 狀態...
ℹ️ 沒有待確認的報價單
[2026-04-29T09:43:15.442Z] 開始輪詢維修報價單 Odoo SO 狀態...
ℹ️ 沒有待確認的報價單
[2026-04-29T09:53:15.577Z] 開始輪詢維修報價單 Odoo SO 狀態...
ℹ️ 沒有待確認的報價單
[2026-04-29T10:03:15.722Z] 開始輪詢維修報價單 Odoo SO 狀態...
ℹ️ 沒有待確認的報價單
[2026-04-29T10:13:15.860Z] 開始輪詢維修報價單 Odoo SO 狀態...
ℹ️ 沒有待確認的報價單
[2026-04-29T10:23:15.997Z] 開始輪詢維修報價單 Odoo SO 狀態...
ℹ️ 沒有待確認的報價單
[2026-04-29T10:33:16.139Z] 開始輪詢維修報價單 Odoo SO 狀態...
ℹ️ 沒有待確認的報價單
[2026-04-29T10:43:16.269Z] 開始輪詢維修報價單 Odoo SO 狀態...
ℹ️ 沒有待確認的報價單
[2026-04-29T10:53:16.407Z] 開始輪詢維修報價單 Odoo SO 狀態...
ℹ️ 沒有待確認的報價單
[2026-04-29T11:03:16.548Z] 開始輪詢維修報價單 Odoo SO 狀態...
ℹ️ 沒有待確認的報價單
[2026-04-29T11:13:16.677Z] 開始輪詢維修報價單 Odoo SO 狀態...
ℹ️ 沒有待確認的報價單
[2026-04-29T11:23:16.802Z] 開始輪詢維修報價單 Odoo SO 狀態...
ℹ️ 沒有待確認的報價單
[2026-04-29T11:33:16.944Z] 開始輪詢維修報價單 Odoo SO 狀態...
ℹ️ 沒有待確認的報價單
[2026-04-29T11:43:17.071Z] 開始輪詢維修報價單 Odoo SO 狀態...
ℹ️ 沒有待確認的報價單
[2026-04-29T11:53:17.201Z] 開始輪詢維修報價單 Odoo SO 狀態...
ℹ️ 沒有待確認的報價單
[2026-04-29T12:03:17.335Z] 開始輪詢維修報價單 Odoo SO 狀態...
ℹ️ 沒有待確認的報價單
[2026-04-29T12:13:17.492Z] 開始輪詢維修報價單 Odoo SO 狀態...
ℹ️ 沒有待確認的報價單
[2026-04-29T12:23:17.616Z] 開始輪詢維修報價單 Odoo SO 狀態...
ℹ️ 沒有待確認的報價單
[2026-04-29T12:33:17.745Z] 開始輪詢維修報價單 Odoo SO 狀態...
ℹ️ 沒有待確認的報價單
[2026-04-29T12:43:17.882Z] 開始輪詢維修報價單 Odoo SO 狀態...
ℹ️ 沒有待確認的報價單
[2026-04-29T12:53:18.014Z] 開始輪詢維修報價單 Odoo SO 狀態...
ℹ️ 沒有待確認的報價單
[2026-04-29T13:03:18.150Z] 開始輪詢維修報價單 Odoo SO 狀態...
ℹ️ 沒有待確認的報價單
[2026-04-29T13:13:18.285Z] 開始輪詢維修報價單 Odoo SO 狀態...
ℹ️ 沒有待確認的報價單
[2026-04-29T13:23:18.428Z] 開始輪詢維修報價單 Odoo SO 狀態...
ℹ️ 沒有待確認的報價單
[2026-04-29T13:33:18.569Z] 開始輪詢維修報價單 Odoo SO 狀態...
ℹ️ 沒有待確認的報價單
[2026-04-29T13:43:18.715Z] 開始輪詢維修報價單 Odoo SO 狀態...
ℹ️ 沒有待確認的報價單
[2026-04-29T13:53:18.848Z] 開始輪詢維修報價單 Odoo SO 狀態...
ℹ️ 沒有待確認的報價單
[2026-04-29T14:03:18.959Z] 開始輪詢維修報價單 Odoo SO 狀態...
ℹ️ 沒有待確認的報價單
[2026-04-29T14:13:19.087Z] 開始輪詢維修報價單 Odoo SO 狀態...
ℹ️ 沒有待確認的報價單
[2026-04-29T14:23:19.223Z] 開始輪詢維修報價單 Odoo SO 狀態...
ℹ️ 沒有待確認的報價單
[2026-04-29T14:33:19.365Z] 開始輪詢維修報價單 Odoo SO 狀態...
ℹ️ 沒有待確認的報價單
[2026-04-29T14:43:19.501Z] 開始輪詢維修報價單 Odoo SO 狀態...
ℹ️ 沒有待確認的報價單
[2026-04-29T14:53:19.643Z] 開始輪詢維修報價單 Odoo SO 狀態...
ℹ️ 沒有待確認的報價單
[2026-04-29T15:03:20.669Z] 開始輪詢維修報價單 Odoo SO 狀態...
ℹ️ 沒有待確認的報價單
[2026-04-29T15:13:20.778Z] 開始輪詢維修報價單 Odoo SO 狀態...
ℹ️ 沒有待確認的報價單
[2026-04-29T15:23:20.917Z] 開始輪詢維修報價單 Odoo SO 狀態...
ℹ️ 沒有待確認的報價單
[2026-04-29T15:33:21.056Z] 開始輪詢維修報價單 Odoo SO 狀態...
ℹ️ 沒有待確認的報價單
[2026-04-29T15:43:21.206Z] 開始輪詢維修報價單 Odoo SO 狀態...
ℹ️ 沒有待確認的報價單
[2026-04-29T15:53:21.352Z] 開始輪詢維修報價單 Odoo SO 狀態...
ℹ️ 沒有待確認的報價單
[2026-04-29T16:03:21.500Z] 開始輪詢維修報價單 Odoo SO 狀態...
ℹ️ 沒有待確認的報價單
[2026-04-29T16:13:21.640Z] 開始輪詢維修報價單 Odoo SO 狀態...
ℹ️ 沒有待確認的報價單
[2026-04-29T16:23:21.775Z] 開始輪詢維修報價單 Odoo SO 狀態...
ℹ️ 沒有待確認的報價單
[2026-04-29T16:33:21.918Z] 開始輪詢維修報價單 Odoo SO 狀態...
ℹ️ 沒有待確認的報價單
[2026-04-29T16:43:22.065Z] 開始輪詢維修報價單 Odoo SO 狀態...
ℹ️ 沒有待確認的報價單
[2026-04-29T16:53:22.208Z] 開始輪詢維修報價單 Odoo SO 狀態...
ℹ️ 沒有待確認的報價單
[2026-04-29T17:03:22.355Z] 開始輪詢維修報價單 Odoo SO 狀態...
ℹ️ 沒有待確認的報價單
[2026-04-29T17:13:22.492Z] 開始輪詢維修報價單 Odoo SO 狀態...
ℹ️ 沒有待確認的報價單
[2026-04-29T17:23:22.626Z] 開始輪詢維修報價單 Odoo SO 狀態...
ℹ️ 沒有待確認的報價單
[2026-04-29T17:33:22.771Z] 開始輪詢維修報價單 Odoo SO 狀態...
ℹ️ 沒有待確認的報價單
[2026-04-29T17:43:22.917Z] 開始輪詢維修報價單 Odoo SO 狀態...
ℹ️ 沒有待確認的報價單
[2026-04-29T17:53:23.059Z] 開始輪詢維修報價單 Odoo SO 狀態...
ℹ️ 沒有待確認的報價單
[2026-04-29T18:03:23.190Z] 開始輪詢維修報價單 Odoo SO 狀態...
ℹ️ 沒有待確認的報價單
[2026-04-29T18:13:23.304Z] 開始輪詢維修報價單 Odoo SO 狀態...
ℹ️ 沒有待確認的報價單
[2026-04-29T18:23:23.440Z] 開始輪詢維修報價單 Odoo SO 狀態...
ℹ️ 沒有待確認的報價單
[2026-04-29T18:33:23.576Z] 開始輪詢維修報價單 Odoo SO 狀態...
ℹ️ 沒有待確認的報價單
[2026-04-29T18:43:23.709Z] 開始輪詢維修報價單 Odoo SO 狀態...
ℹ️ 沒有待確認的報價單
[2026-04-29T18:53:23.843Z] 開始輪詢維修報價單 Odoo SO 狀態...
ℹ️ 沒有待確認的報價單
[2026-04-29T19:03:23.980Z] 開始輪詢維修報價單 Odoo SO 狀態...
ℹ️ 沒有待確認的報價單
[2026-04-29T19:13:24.107Z] 開始輪詢維修報價單 Odoo SO 狀態...
ℹ️ 沒有待確認的報價單
[2026-04-29T19:23:24.250Z] 開始輪詢維修報價單 Odoo SO 狀態...
ℹ️ 沒有待確認的報價單
[2026-04-29T19:33:24.384Z] 開始輪詢維修報價單 Odoo SO 狀態...
ℹ️ 沒有待確認的報價單
[2026-04-29T19:43:24.518Z] 開始輪詢維修報價單 Odoo SO 狀態...
ℹ️ 沒有待確認的報價單
[2026-04-29T19:53:24.658Z] 開始輪詢維修報價單 Odoo SO 狀態...
ℹ️ 沒有待確認的報價單
[2026-04-29T20:03:24.794Z] 開始輪詢維修報價單 Odoo SO 狀態...
ℹ️ 沒有待確認的報價單
[2026-04-29T20:13:24.930Z] 開始輪詢維修報價單 Odoo SO 狀態...
ℹ️ 沒有待確認的報價單
[2026-04-29T20:23:25.067Z] 開始輪詢維修報價單 Odoo SO 狀態...
ℹ️ 沒有待確認的報價單
[2026-04-29T20:33:25.207Z] 開始輪詢維修報價單 Odoo SO 狀態...
ℹ️ 沒有待確認的報價單
[2026-04-29T20:43:25.346Z] 開始輪詢維修報價單 Odoo SO 狀態...
ℹ️ 沒有待確認的報價單
[2026-04-29T20:53:25.488Z] 開始輪詢維修報價單 Odoo SO 狀態...
ℹ️ 沒有待確認的報價單
[2026-04-29T21:03:25.621Z] 開始輪詢維修報價單 Odoo SO 狀態...
ℹ️ 沒有待確認的報價單
[2026-04-29T21:13:25.762Z] 開始輪詢維修報價單 Odoo SO 狀態...
ℹ️ 沒有待確認的報價單
[2026-04-29T21:23:25.890Z] 開始輪詢維修報價單 Odoo SO 狀態...
ℹ️ 沒有待確認的報價單
[2026-04-29T21:33:26.033Z] 開始輪詢維修報價單 Odoo SO 狀態...
ℹ️ 沒有待確認的報價單
[2026-04-29T21:43:26.179Z] 開始輪詢維修報價單 Odoo SO 狀態...
ℹ️ 沒有待確認的報價單
[2026-04-29T21:53:26.309Z] 開始輪詢維修報價單 Odoo SO 狀態...
ℹ️ 沒有待確認的報價單
[2026-04-29T22:03:26.450Z] 開始輪詢維修報價單 Odoo SO 狀態...
ℹ️ 沒有待確認的報價單
[2026-04-29T22:13:26.584Z] 開始輪詢維修報價單 Odoo SO 狀態...
ℹ️ 沒有待確認的報價單
[2026-04-29T22:23:26.723Z] 開始輪詢維修報價單 Odoo SO 狀態...
ℹ️ 沒有待確認的報價單
[2026-04-29T22:33:26.863Z] 開始輪詢維修報價單 Odoo SO 狀態...
ℹ️ 沒有待確認的報價單
[2026-04-29T22:43:27.004Z] 開始輪詢維修報價單 Odoo SO 狀態...
ℹ️ 沒有待確認的報價單
[2026-04-29T22:53:27.156Z] 開始輪詢維修報價單 Odoo SO 狀態...
ℹ️ 沒有待確認的報價單
[2026-04-29T23:03:27.285Z] 開始輪詢維修報價單 Odoo SO 狀態...
ℹ️ 沒有待確認的報價單
[2026-04-29T23:13:27.430Z] 開始輪詢維修報價單 Odoo SO 狀態...
ℹ️ 沒有待確認的報價單
[2026-04-29T23:23:27.561Z] 開始輪詢維修報價單 Odoo SO 狀態...
ℹ️ 沒有待確認的報價單
[2026-04-29T23:33:27.704Z] 開始輪詢維修報價單 Odoo SO 狀態...
ℹ️ 沒有待確認的報價單
[2026-04-29T23:43:27.847Z] 開始輪詢維修報價單 Odoo SO 狀態...
ℹ️ 沒有待確認的報價單
[2026-04-29T23:53:27.975Z] 開始輪詢維修報價單 Odoo SO 狀態...
ℹ️ 沒有待確認的報價單
[2026-04-30T00:03:28.124Z] 開始輪詢維修報價單 Odoo SO 狀態...
ℹ️ 沒有待確認的報價單
[2026-04-30T00:13:28.261Z] 開始輪詢維修報價單 Odoo SO 狀態...
ℹ️ 沒有待確認的報價單
[2026-04-30T00:23:28.390Z] 開始輪詢維修報價單 Odoo SO 狀態...
ℹ️ 沒有待確認的報價單
[2026-04-30T00:33:28.527Z] 開始輪詢維修報價單 Odoo SO 狀態...
ℹ️ 沒有待確認的報價單
[2026-04-30T00:43:28.668Z] 開始輪詢維修報價單 Odoo SO 狀態...
ℹ️ 沒有待確認的報價單
[2026-04-30T00:53:28.800Z] 開始輪詢維修報價單 Odoo SO 狀態...
ℹ️ 沒有待確認的報價單
[2026-04-30T01:03:28.947Z] 開始輪詢維修報價單 Odoo SO 狀態...
ℹ️ 沒有待確認的報價單
[2026-04-30T01:13:29.097Z] 開始輪詢維修報價單 Odoo SO 狀態...
ℹ️ 沒有待確認的報價單
[2026-04-30T01:23:29.231Z] 開始輪詢維修報價單 Odoo SO 狀態...
ℹ️ 沒有待確認的報價單
[2026-04-30T01:33:29.373Z] 開始輪詢維修報價單 Odoo SO 狀態...
ℹ️ 沒有待確認的報價單
[2026-04-30T01:43:29.514Z] 開始輪詢維修報價單 Odoo SO 狀態...
ℹ️ 沒有待確認的報價單
[2026-04-30T01:53:29.653Z] 開始輪詢維修報價單 Odoo SO 狀態...
ℹ️ 沒有待確認的報價單
[2026-04-30T02:03:29.792Z] 開始輪詢維修報價單 Odoo SO 狀態...
ℹ️ 沒有待確認的報價單
[2026-04-30T02:13:29.934Z] 開始輪詢維修報價單 Odoo SO 狀態...
ℹ️ 沒有待確認的報價單
[2026-04-30T02:23:30.065Z] 開始輪詢維修報價單 Odoo SO 狀態...
ℹ️ 沒有待確認的報價單
[2026-04-30T02:33:30.205Z] 開始輪詢維修報價單 Odoo SO 狀態...
ℹ️ 沒有待確認的報價單
[2026-04-30T02:43:30.336Z] 開始輪詢維修報價單 Odoo SO 狀態...
ℹ️ 沒有待確認的報價單
[2026-04-30T02:53:30.477Z] 開始輪詢維修報價單 Odoo SO 狀態...
ℹ️ 沒有待確認的報價單
[2026-04-30T03:03:30.584Z] 開始輪詢維修報價單 Odoo SO 狀態...
ℹ️ 沒有待確認的報價單
[2026-04-30T03:13:30.717Z] 開始輪詢維修報價單 Odoo SO 狀態...
ℹ️ 沒有待確認的報價單
[2026-04-30T03:23:30.851Z] 開始輪詢維修報價單 Odoo SO 狀態...
ℹ️ 沒有待確認的報價單
[2026-04-30T03:33:30.989Z] 開始輪詢維修報價單 Odoo SO 狀態...
ℹ️ 沒有待確認的報價單
[2026-04-30T03:43:31.123Z] 開始輪詢維修報價單 Odoo SO 狀態...
ℹ️ 沒有待確認的報價單
[2026-04-30T03:53:31.259Z] 開始輪詢維修報價單 Odoo SO 狀態...
ℹ️ 沒有待確認的報價單
[2026-04-30T04:03:31.394Z] 開始輪詢維修報價單 Odoo SO 狀態...
ℹ️ 沒有待確認的報價單
[2026-04-30T04:13:31.533Z] 開始輪詢維修報價單 Odoo SO 狀態...
ℹ️ 沒有待確認的報價單
[2026-04-30T04:23:31.666Z] 開始輪詢維修報價單 Odoo SO 狀態...
ℹ️ 沒有待確認的報價單
[2026-04-30T04:33:31.799Z] 開始輪詢維修報價單 Odoo SO 狀態...
ℹ️ 沒有待確認的報價單
[2026-04-30T04:43:31.932Z] 開始輪詢維修報價單 Odoo SO 狀態...
ℹ️ 沒有待確認的報價單
[2026-04-30T04:53:32.065Z] 開始輪詢維修報價單 Odoo SO 狀態...
ℹ️ 沒有待確認的報價單
[2026-04-30T05:03:32.201Z] 開始輪詢維修報價單 Odoo SO 狀態...
ℹ️ 沒有待確認的報價單
[2026-04-30T05:13:32.335Z] 開始輪詢維修報價單 Odoo SO 狀態...
ℹ️ 沒有待確認的報價單
[2026-04-30T05:23:32.470Z] 開始輪詢維修報價單 Odoo SO 狀態...
ℹ️ 沒有待確認的報價單
[2026-04-30T05:33:32.598Z] 開始輪詢維修報價單 Odoo SO 狀態...
ℹ️ 沒有待確認的報價單
[2026-04-30T05:43:32.739Z] 開始輪詢維修報價單 Odoo SO 狀態...
ℹ️ 沒有待確認的報價單
[2026-04-30T05:53:32.872Z] 開始輪詢維修報價單 Odoo SO 狀態...
ℹ️ 沒有待確認的報價單
[2026-04-30T06:03:33.015Z] 開始輪詢維修報價單 Odoo SO 狀態...
ℹ️ 沒有待確認的報價單
[2026-04-30T06:13:33.151Z] 開始輪詢維修報價單 Odoo SO 狀態...
ℹ️ 沒有待確認的報價單
[2026-04-30T06:23:33.291Z] 開始輪詢維修報價單 Odoo SO 狀態...
ℹ️ 沒有待確認的報價單
[2026-04-30T06:33:33.396Z] 開始輪詢維修報價單 Odoo SO 狀態...
ℹ️ 沒有待確認的報價單
[2026-04-30T06:43:33.532Z] 開始輪詢維修報價單 Odoo SO 狀態...
ℹ️ 沒有待確認的報價單
[2026-04-30T06:53:33.664Z] 開始輪詢維修報價單 Odoo SO 狀態...
ℹ️ 沒有待確認的報價單
[2026-04-30T07:03:33.768Z] 開始輪詢維修報價單 Odoo SO 狀態...
ℹ️ 沒有待確認的報價單
[2026-04-30T07:13:33.905Z] 開始輪詢維修報價單 Odoo SO 狀態...
ℹ️ 沒有待確認的報價單
[2026-04-30T07:23:34.044Z] 開始輪詢維修報價單 Odoo SO 狀態...
ℹ️ 沒有待確認的報價單
[2026-04-30T07:33:34.185Z] 開始輪詢維修報價單 Odoo SO 狀態...
ℹ️ 沒有待確認的報價單
[2026-04-30T07:43:34.324Z] 開始輪詢維修報價單 Odoo SO 狀態...
ℹ️ 沒有待確認的報價單
[2026-04-30T07:53:34.456Z] 開始輪詢維修報價單 Odoo SO 狀態...
ℹ️ 沒有待確認的報價單
[2026-04-30T08:03:34.586Z] 開始輪詢維修報價單 Odoo SO 狀態...
ℹ️ 沒有待確認的報價單
[2026-04-30T08:13:34.729Z] 開始輪詢維修報價單 Odoo SO 狀態...
ℹ️ 沒有待確認的報價單
[2026-04-30T08:23:34.866Z] 開始輪詢維修報價單 Odoo SO 狀態...
ℹ️ 沒有待確認的報價單
[2026-04-30T08:33:35.005Z] 開始輪詢維修報價單 Odoo SO 狀態...
ℹ️ 沒有待確認的報價單
[2026-04-30T08:43:35.137Z] 開始輪詢維修報價單 Odoo SO 狀態...
ℹ️ 沒有待確認的報價單
[2026-04-30T08:53:35.270Z] 開始輪詢維修報價單 Odoo SO 狀態...
ℹ️ 沒有待確認的報價單
[2026-04-30T09:03:35.396Z] 開始輪詢維修報價單 Odoo SO 狀態...
ℹ️ 沒有待確認的報價單
[2026-04-30T09:13:35.537Z] 開始輪詢維修報價單 Odoo SO 狀態...
ℹ️ 沒有待確認的報價單
[2026-04-30T09:23:35.666Z] 開始輪詢維修報價單 Odoo SO 狀態...
ℹ️ 沒有待確認的報價單
[2026-04-30T09:33:35.791Z] 開始輪詢維修報價單 Odoo SO 狀態...
ℹ️ 沒有待確認的報價單
[2026-04-30T09:43:35.951Z] 開始輪詢維修報價單 Odoo SO 狀態...
ℹ️ 沒有待確認的報價單
[2026-04-30T09:53:36.088Z] 開始輪詢維修報價單 Odoo SO 狀態...
ℹ️ 沒有待確認的報價單
[2026-04-30T10:03:36.224Z] 開始輪詢維修報價單 Odoo SO 狀態...
ℹ️ 沒有待確認的報價單
[2026-04-30T10:13:36.332Z] 開始輪詢維修報價單 Odoo SO 狀態...
ℹ️ 沒有待確認的報價單
[2026-04-30T10:23:36.467Z] 開始輪詢維修報價單 Odoo SO 狀態...
ℹ️ 沒有待確認的報價單
[2026-04-30T10:33:36.607Z] 開始輪詢維修報價單 Odoo SO 狀態...
ℹ️ 沒有待確認的報價單
[2026-04-30T10:43:36.740Z] 開始輪詢維修報價單 Odoo SO 狀態...
ℹ️ 沒有待確認的報價單
[2026-04-30T10:53:36.874Z] 開始輪詢維修報價單 Odoo SO 狀態...
ℹ️ 沒有待確認的報價單
[2026-04-30T11:03:36.979Z] 開始輪詢維修報價單 Odoo SO 狀態...
ℹ️ 沒有待確認的報價單
[2026-04-30T11:13:37.116Z] 開始輪詢維修報價單 Odoo SO 狀態...
ℹ️ 沒有待確認的報價單
[2026-04-30T11:23:37.257Z] 開始輪詢維修報價單 Odoo SO 狀態...
ℹ️ 沒有待確認的報價單
[2026-04-30T11:33:37.399Z] 開始輪詢維修報價單 Odoo SO 狀態...
ℹ️ 沒有待確認的報價單
[2026-04-30T11:43:37.541Z] 開始輪詢維修報價單 Odoo SO 狀態...
ℹ️ 沒有待確認的報價單
[2026-04-30T11:53:37.653Z] 開始輪詢維修報價單 Odoo SO 狀態...
ℹ️ 沒有待確認的報價單
[2026-04-30T12:03:37.791Z] 開始輪詢維修報價單 Odoo SO 狀態...
ℹ️ 沒有待確認的報價單
[2026-04-30T12:13:37.924Z] 開始輪詢維修報價單 Odoo SO 狀態...
ℹ️ 沒有待確認的報價單
[2026-04-30T12:23:38.061Z] 開始輪詢維修報價單 Odoo SO 狀態...
ℹ️ 沒有待確認的報價單
[2026-04-30T12:33:38.190Z] 開始輪詢維修報價單 Odoo SO 狀態...
ℹ️ 沒有待確認的報價單
[2026-04-30T12:43:38.322Z] 開始輪詢維修報價單 Odoo SO 狀態...
ℹ️ 沒有待確認的報價單
[2026-04-30T12:53:38.443Z] 開始輪詢維修報價單 Odoo SO 狀態...
ℹ️ 沒有待確認的報價單
[2026-04-30T13:03:38.552Z] 開始輪詢維修報價單 Odoo SO 狀態...
ℹ️ 沒有待確認的報價單
[2026-04-30T13:13:38.690Z] 開始輪詢維修報價單 Odoo SO 狀態...
ℹ️ 沒有待確認的報價單
[2026-04-30T13:23:38.808Z] 開始輪詢維修報價單 Odoo SO 狀態...
ℹ️ 沒有待確認的報價單
[2026-04-30T13:33:38.933Z] 開始輪詢維修報價單 Odoo SO 狀態...
ℹ️ 沒有待確認的報價單
[2026-04-30T13:43:39.046Z] 開始輪詢維修報價單 Odoo SO 狀態...
ℹ️ 沒有待確認的報價單
[2026-04-30T13:53:39.184Z] 開始輪詢維修報價單 Odoo SO 狀態...
ℹ️ 沒有待確認的報價單
[2026-04-30T14:03:39.282Z] 開始輪詢維修報價單 Odoo SO 狀態...
ℹ️ 沒有待確認的報價單
[2026-04-30T14:13:39.412Z] 開始輪詢維修報價單 Odoo SO 狀態...
ℹ️ 沒有待確認的報價單
[2026-04-30T14:23:39.684Z] 開始輪詢維修報價單 Odoo SO 狀態...
ℹ️ 沒有待確認的報價單
[2026-04-30T14:33:39.825Z] 開始輪詢維修報價單 Odoo SO 狀態...
ℹ️ 沒有待確認的報價單
[2026-04-30T14:43:39.960Z] 開始輪詢維修報價單 Odoo SO 狀態...
ℹ️ 沒有待確認的報價單
[2026-04-30T14:53:40.097Z] 開始輪詢維修報價單 Odoo SO 狀態...
ℹ️ 沒有待確認的報價單
[2026-04-30T15:03:40.241Z] 開始輪詢維修報價單 Odoo SO 狀態...
ℹ️ 沒有待確認的報價單
[2026-04-30T15:13:40.384Z] 開始輪詢維修報價單 Odoo SO 狀態...
ℹ️ 沒有待確認的報價單
[2026-04-30T15:23:40.526Z] 開始輪詢維修報價單 Odoo SO 狀態...
ℹ️ 沒有待確認的報價單
[2026-04-30T15:33:40.669Z] 開始輪詢維修報價單 Odoo SO 狀態...
ℹ️ 沒有待確認的報價單
[2026-04-30T15:43:40.798Z] 開始輪詢維修報價單 Odoo SO 狀態...
ℹ️ 沒有待確認的報價單
[2026-04-30T15:53:40.929Z] 開始輪詢維修報價單 Odoo SO 狀態...
ℹ️ 沒有待確認的報價單
[2026-04-30T16:03:41.067Z] 開始輪詢維修報價單 Odoo SO 狀態...
ℹ️ 沒有待確認的報價單
[2026-04-30T16:13:41.210Z] 開始輪詢維修報價單 Odoo SO 狀態...
ℹ️ 沒有待確認的報價單
[2026-04-30T16:23:41.325Z] 開始輪詢維修報價單 Odoo SO 狀態...
ℹ️ 沒有待確認的報價單
[2026-04-30T16:33:41.464Z] 開始輪詢維修報價單 Odoo SO 狀態...
ℹ️ 沒有待確認的報價單
[2026-04-30T16:43:41.567Z] 開始輪詢維修報價單 Odoo SO 狀態...
ℹ️ 沒有待確認的報價單
[2026-04-30T16:53:41.700Z] 開始輪詢維修報價單 Odoo SO 狀態...
ℹ️ 沒有待確認的報價單
[2026-04-30T17:03:41.796Z] 開始輪詢維修報價單 Odoo SO 狀態...
ℹ️ 沒有待確認的報價單
[2026-04-30T17:13:41.995Z] 開始輪詢維修報價單 Odoo SO 狀態...
ℹ️ 沒有待確認的報價單
[2026-04-30T17:23:42.124Z] 開始輪詢維修報價單 Odoo SO 狀態...
ℹ️ 沒有待確認的報價單
[2026-04-30T17:33:42.265Z] 開始輪詢維修報價單 Odoo SO 狀態...
ℹ️ 沒有待確認的報價單
[2026-04-30T17:43:42.404Z] 開始輪詢維修報價單 Odoo SO 狀態...
ℹ️ 沒有待確認的報價單
[2026-04-30T17:53:42.537Z] 開始輪詢維修報價單 Odoo SO 狀態...
ℹ️ 沒有待確認的報價單
[2026-04-30T18:03:42.682Z] 開始輪詢維修報價單 Odoo SO 狀態...
ℹ️ 沒有待確認的報價單
[2026-04-30T18:13:42.815Z] 開始輪詢維修報價單 Odoo SO 狀態...
ℹ️ 沒有待確認的報價單
[2026-04-30T18:23:42.949Z] 開始輪詢維修報價單 Odoo SO 狀態...
ℹ️ 沒有待確認的報價單
[2026-04-30T18:33:43.084Z] 開始輪詢維修報價單 Odoo SO 狀態...
ℹ️ 沒有待確認的報價單
[2026-04-30T18:43:43.227Z] 開始輪詢維修報價單 Odoo SO 狀態...
ℹ️ 沒有待確認的報價單
[2026-04-30T18:53:43.362Z] 開始輪詢維修報價單 Odoo SO 狀態...
ℹ️ 沒有待確認的報價單
[2026-04-30T19:03:43.501Z] 開始輪詢維修報價單 Odoo SO 狀態...
ℹ️ 沒有待確認的報價單
[2026-04-30T19:13:43.634Z] 開始輪詢維修報價單 Odoo SO 狀態...
ℹ️ 沒有待確認的報價單
[2026-04-30T19:23:43.779Z] 開始輪詢維修報價單 Odoo SO 狀態...
ℹ️ 沒有待確認的報價單
[2026-04-30T19:33:43.922Z] 開始輪詢維修報價單 Odoo SO 狀態...
ℹ️ 沒有待確認的報價單
[2026-04-30T19:43:44.063Z] 開始輪詢維修報價單 Odoo SO 狀態...
ℹ️ 沒有待確認的報價單
[2026-04-30T19:53:44.198Z] 開始輪詢維修報價單 Odoo SO 狀態...
ℹ️ 沒有待確認的報價單
[2026-04-30T20:03:44.335Z] 開始輪詢維修報價單 Odoo SO 狀態...
ℹ️ 沒有待確認的報價單
[2026-04-30T20:13:44.483Z] 開始輪詢維修報價單 Odoo SO 狀態...
ℹ️ 沒有待確認的報價單
[2026-04-30T20:23:44.619Z] 開始輪詢維修報價單 Odoo SO 狀態...
ℹ️ 沒有待確認的報價單
[2026-04-30T20:33:44.762Z] 開始輪詢維修報價單 Odoo SO 狀態...
ℹ️ 沒有待確認的報價單
[2026-04-30T20:43:44.907Z] 開始輪詢維修報價單 Odoo SO 狀態...
ℹ️ 沒有待確認的報價單
[2026-04-30T20:53:45.051Z] 開始輪詢維修報價單 Odoo SO 狀態...
ℹ️ 沒有待確認的報價單
[2026-04-30T21:03:45.194Z] 開始輪詢維修報價單 Odoo SO 狀態...
ℹ️ 沒有待確認的報價單
[2026-04-30T21:13:45.470Z] 開始輪詢維修報價單 Odoo SO 狀態...
ℹ️ 沒有待確認的報價單
[2026-04-30T21:23:45.608Z] 開始輪詢維修報價單 Odoo SO 狀態...
ℹ️ 沒有待確認的報價單
[2026-04-30T21:33:45.746Z] 開始輪詢維修報價單 Odoo SO 狀態...
ℹ️ 沒有待確認的報價單
[2026-04-30T21:43:45.886Z] 開始輪詢維修報價單 Odoo SO 狀態...
ℹ️ 沒有待確認的報價單
[2026-04-30T21:53:46.022Z] 開始輪詢維修報價單 Odoo SO 狀態...
ℹ️ 沒有待確認的報價單
[2026-04-30T22:03:46.163Z] 開始輪詢維修報價單 Odoo SO 狀態...
ℹ️ 沒有待確認的報價單
[2026-04-30T22:13:46.289Z] 開始輪詢維修報價單 Odoo SO 狀態...
ℹ️ 沒有待確認的報價單
[2026-04-30T22:23:46.430Z] 開始輪詢維修報價單 Odoo SO 狀態...
ℹ️ 沒有待確認的報價單
[2026-04-30T22:33:46.586Z] 開始輪詢維修報價單 Odoo SO 狀態...
ℹ️ 沒有待確認的報價單
[2026-04-30T22:43:46.722Z] 開始輪詢維修報價單 Odoo SO 狀態...
ℹ️ 沒有待確認的報價單
[2026-04-30T22:53:46.860Z] 開始輪詢維修報價單 Odoo SO 狀態...
ℹ️ 沒有待確認的報價單
[2026-04-30T23:03:47.001Z] 開始輪詢維修報價單 Odoo SO 狀態...
ℹ️ 沒有待確認的報價單
[2026-04-30T23:13:47.139Z] 開始輪詢維修報價單 Odoo SO 狀態...
ℹ️ 沒有待確認的報價單
[2026-04-30T23:23:47.286Z] 開始輪詢維修報價單 Odoo SO 狀態...
ℹ️ 沒有待確認的報價單
[2026-04-30T23:33:47.429Z] 開始輪詢維修報價單 Odoo SO 狀態...
ℹ️ 沒有待確認的報價單
[2026-04-30T23:43:47.571Z] 開始輪詢維修報價單 Odoo SO 狀態...
ℹ️ 沒有待確認的報價單
[2026-04-30T23:53:47.705Z] 開始輪詢維修報價單 Odoo SO 狀態...
ℹ️ 沒有待確認的報價單
[2026-05-01T00:03:47.849Z] 開始輪詢維修報價單 Odoo SO 狀態...
ℹ️ 沒有待確認的報價單
[2026-05-01T00:13:47.989Z] 開始輪詢維修報價單 Odoo SO 狀態...
ℹ️ 沒有待確認的報價單
[2026-05-01T00:23:48.128Z] 開始輪詢維修報價單 Odoo SO 狀態...
ℹ️ 沒有待確認的報價單
[2026-05-01T00:33:48.266Z] 開始輪詢維修報價單 Odoo SO 狀態...
ℹ️ 沒有待確認的報價單
[2026-05-01T00:43:48.396Z] 開始輪詢維修報價單 Odoo SO 狀態...
ℹ️ 沒有待確認的報價單
[2026-05-01T00:53:48.532Z] 開始輪詢維修報價單 Odoo SO 狀態...
ℹ️ 沒有待確認的報價單
[2026-05-01T01:03:48.666Z] 開始輪詢維修報價單 Odoo SO 狀態...
ℹ️ 沒有待確認的報價單
[2026-05-01T01:13:48.805Z] 開始輪詢維修報價單 Odoo SO 狀態...
ℹ️ 沒有待確認的報價單
[2026-05-01T01:23:48.945Z] 開始輪詢維修報價單 Odoo SO 狀態...
ℹ️ 沒有待確認的報價單
[2026-05-01T01:33:49.059Z] 開始輪詢維修報價單 Odoo SO 狀態...
ℹ️ 沒有待確認的報價單
[2026-05-01T01:43:49.200Z] 開始輪詢維修報價單 Odoo SO 狀態...
ℹ️ 沒有待確認的報價單
[2026-05-01T01:53:49.347Z] 開始輪詢維修報價單 Odoo SO 狀態...
ℹ️ 沒有待確認的報價單
[2026-05-01T02:03:49.489Z] 開始輪詢維修報價單 Odoo SO 狀態...
ℹ️ 沒有待確認的報價單
[2026-05-01T02:13:49.626Z] 開始輪詢維修報價單 Odoo SO 狀態...
ℹ️ 沒有待確認的報價單
[2026-05-01T02:23:49.760Z] 開始輪詢維修報價單 Odoo SO 狀態...
ℹ️ 沒有待確認的報價單
[2026-05-01T02:33:49.899Z] 開始輪詢維修報價單 Odoo SO 狀態...
ℹ️ 沒有待確認的報價單
[2026-05-01T02:43:50.038Z] 開始輪詢維修報價單 Odoo SO 狀態...
ℹ️ 沒有待確認的報價單
[2026-05-01T02:53:50.179Z] 開始輪詢維修報價單 Odoo SO 狀態...
ℹ️ 沒有待確認的報價單
[2026-05-01T03:03:50.317Z] 開始輪詢維修報價單 Odoo SO 狀態...
ℹ️ 沒有待確認的報價單
[2026-05-01T03:13:50.446Z] 開始輪詢維修報價單 Odoo SO 狀態...
ℹ️ 沒有待確認的報價單
[2026-05-01T03:23:50.609Z] 開始輪詢維修報價單 Odoo SO 狀態...
ℹ️ 沒有待確認的報價單
[2026-05-01T03:33:50.757Z] 開始輪詢維修報價單 Odoo SO 狀態...
ℹ️ 沒有待確認的報價單
[2026-05-01T03:43:50.890Z] 開始輪詢維修報價單 Odoo SO 狀態...
ℹ️ 沒有待確認的報價單
[2026-05-01T03:53:51.031Z] 開始輪詢維修報價單 Odoo SO 狀態...
ℹ️ 沒有待確認的報價單
[2026-05-01T04:03:51.172Z] 開始輪詢維修報價單 Odoo SO 狀態...
ℹ️ 沒有待確認的報價單
[2026-05-01T04:13:51.314Z] 開始輪詢維修報價單 Odoo SO 狀態...
ℹ️ 沒有待確認的報價單
[2026-05-01T04:23:51.450Z] 開始輪詢維修報價單 Odoo SO 狀態...
ℹ️ 沒有待確認的報價單
[2026-05-01T04:33:51.581Z] 開始輪詢維修報價單 Odoo SO 狀態...
ℹ️ 沒有待確認的報價單
[2026-05-01T04:43:51.719Z] 開始輪詢維修報價單 Odoo SO 狀態...
ℹ️ 沒有待確認的報價單
[2026-05-01T04:53:51.860Z] 開始輪詢維修報價單 Odoo SO 狀態...
ℹ️ 沒有待確認的報價單
[2026-05-01T05:03:51.568Z] 開始輪詢維修報價單 Odoo SO 狀態...
ℹ️ 沒有待確認的報價單
[2026-05-01T05:13:52.152Z] 開始輪詢維修報價單 Odoo SO 狀態...
ℹ️ 沒有待確認的報價單
[2026-05-01T05:23:52.297Z] 開始輪詢維修報價單 Odoo SO 狀態...
ℹ️ 沒有待確認的報價單
[2026-05-01T05:33:52.422Z] 開始輪詢維修報價單 Odoo SO 狀態...
ℹ️ 沒有待確認的報價單
[2026-05-01T05:43:52.554Z] 開始輪詢維修報價單 Odoo SO 狀態...
ℹ️ 沒有待確認的報價單
[2026-05-01T05:53:52.694Z] 開始輪詢維修報價單 Odoo SO 狀態...
ℹ️ 沒有待確認的報價單
[2026-05-01T06:03:52.829Z] 開始輪詢維修報價單 Odoo SO 狀態...
ℹ️ 沒有待確認的報價單
[2026-05-01T06:13:52.961Z] 開始輪詢維修報價單 Odoo SO 狀態...
ℹ️ 沒有待確認的報價單
[2026-05-01T06:23:53.061Z] 開始輪詢維修報價單 Odoo SO 狀態...
ℹ️ 沒有待確認的報價單
[2026-05-01T06:33:53.159Z] 開始輪詢維修報價單 Odoo SO 狀態...
ℹ️ 沒有待確認的報價單
[2026-05-01T06:43:53.291Z] 開始輪詢維修報價單 Odoo SO 狀態...
ℹ️ 沒有待確認的報價單
[2026-05-01T06:53:53.410Z] 開始輪詢維修報價單 Odoo SO 狀態...
ℹ️ 沒有待確認的報價單
[2026-05-01T07:03:53.542Z] 開始輪詢維修報價單 Odoo SO 狀態...
ℹ️ 沒有待確認的報價單
[2026-05-01T07:13:53.665Z] 開始輪詢維修報價單 Odoo SO 狀態...
ℹ️ 沒有待確認的報價單
[2026-05-01T07:23:53.922Z] 開始輪詢維修報價單 Odoo SO 狀態...
ℹ️ 沒有待確認的報價單
[2026-05-01T07:33:54.060Z] 開始輪詢維修報價單 Odoo SO 狀態...
ℹ️ 沒有待確認的報價單
[2026-05-01T07:43:54.207Z] 開始輪詢維修報價單 Odoo SO 狀態...
ℹ️ 沒有待確認的報價單
[2026-05-01T07:53:54.346Z] 開始輪詢維修報價單 Odoo SO 狀態...
ℹ️ 沒有待確認的報價單
[2026-05-01T08:03:54.482Z] 開始輪詢維修報價單 Odoo SO 狀態...
ℹ️ 沒有待確認的報價單
[2026-05-01T08:13:54.620Z] 開始輪詢維修報價單 Odoo SO 狀態...
ℹ️ 沒有待確認的報價單
[2026-05-01T08:23:54.758Z] 開始輪詢維修報價單 Odoo SO 狀態...
ℹ️ 沒有待確認的報價單
[2026-05-01T08:33:54.898Z] 開始輪詢維修報價單 Odoo SO 狀態...
ℹ️ 沒有待確認的報價單
[2026-05-01T08:43:55.037Z] 開始輪詢維修報價單 Odoo SO 狀態...
ℹ️ 沒有待確認的報價單
[2026-05-01T08:53:55.168Z] 開始輪詢維修報價單 Odoo SO 狀態...
ℹ️ 沒有待確認的報價單
[2026-05-01T09:03:55.305Z] 開始輪詢維修報價單 Odoo SO 狀態...
ℹ️ 沒有待確認的報價單
[2026-05-01T09:13:55.448Z] 開始輪詢維修報價單 Odoo SO 狀態...
ℹ️ 沒有待確認的報價單
[2026-05-01T09:23:55.582Z] 開始輪詢維修報價單 Odoo SO 狀態...
ℹ️ 沒有待確認的報價單
[2026-05-01T09:33:55.725Z] 開始輪詢維修報價單 Odoo SO 狀態...
ℹ️ 沒有待確認的報價單
[2026-05-01T09:43:55.862Z] 開始輪詢維修報價單 Odoo SO 狀態...
ℹ️ 沒有待確認的報價單
[2026-05-01T09:53:56.005Z] 開始輪詢維修報價單 Odoo SO 狀態...
ℹ️ 沒有待確認的報價單
[2026-05-01T10:03:56.141Z] 開始輪詢維修報價單 Odoo SO 狀態...
ℹ️ 沒有待確認的報價單
[2026-05-01T10:13:56.271Z] 開始輪詢維修報價單 Odoo SO 狀態...
ℹ️ 沒有待確認的報價單
[2026-05-01T10:23:56.403Z] 開始輪詢維修報價單 Odoo SO 狀態...
ℹ️ 沒有待確認的報價單
[2026-05-01T10:33:56.536Z] 開始輪詢維修報價單 Odoo SO 狀態...
ℹ️ 沒有待確認的報價單
[2026-05-01T10:43:56.669Z] 開始輪詢維修報價單 Odoo SO 狀態...
ℹ️ 沒有待確認的報價單
[2026-05-01T10:53:56.805Z] 開始輪詢維修報價單 Odoo SO 狀態...
ℹ️ 沒有待確認的報價單
[2026-05-01T11:03:56.939Z] 開始輪詢維修報價單 Odoo SO 狀態...
ℹ️ 沒有待確認的報價單
[2026-05-01T11:13:57.055Z] 開始輪詢維修報價單 Odoo SO 狀態...
ℹ️ 沒有待確認的報價單
[2026-05-01T11:23:57.190Z] 開始輪詢維修報價單 Odoo SO 狀態...
ℹ️ 沒有待確認的報價單
[2026-05-01T11:33:57.335Z] 開始輪詢維修報價單 Odoo SO 狀態...
ℹ️ 沒有待確認的報價單
[2026-05-01T11:43:57.469Z] 開始輪詢維修報價單 Odoo SO 狀態...
ℹ️ 沒有待確認的報價單
[2026-05-01T11:53:57.601Z] 開始輪詢維修報價單 Odoo SO 狀態...
ℹ️ 沒有待確認的報價單
[2026-05-01T12:03:57.715Z] 開始輪詢維修報價單 Odoo SO 狀態...
ℹ️ 沒有待確認的報價單
[2026-05-01T12:13:57.851Z] 開始輪詢維修報價單 Odoo SO 狀態...
ℹ️ 沒有待確認的報價單
[2026-05-01T12:23:57.979Z] 開始輪詢維修報價單 Odoo SO 狀態...
ℹ️ 沒有待確認的報價單
[2026-05-01T12:33:58.088Z] 開始輪詢維修報價單 Odoo SO 狀態...
ℹ️ 沒有待確認的報價單
[2026-05-01T12:43:58.219Z] 開始輪詢維修報價單 Odoo SO 狀態...
ℹ️ 沒有待確認的報價單
[2026-05-01T12:53:58.359Z] 開始輪詢維修報價單 Odoo SO 狀態...
ℹ️ 沒有待確認的報價單
[2026-05-01T13:03:58.458Z] 開始輪詢維修報價單 Odoo SO 狀態...
ℹ️ 沒有待確認的報價單
[2026-05-01T13:13:58.589Z] 開始輪詢維修報價單 Odoo SO 狀態...
ℹ️ 沒有待確認的報價單
[2026-05-01T13:23:58.912Z] 開始輪詢維修報價單 Odoo SO 狀態...
ℹ️ 沒有待確認的報價單
[2026-05-01T13:33:59.048Z] 開始輪詢維修報價單 Odoo SO 狀態...
ℹ️ 沒有待確認的報價單
[2026-05-01T13:43:59.195Z] 開始輪詢維修報價單 Odoo SO 狀態...
ℹ️ 沒有待確認的報價單
[2026-05-01T13:53:59.333Z] 開始輪詢維修報價單 Odoo SO 狀態...
ℹ️ 沒有待確認的報價單
[2026-05-01T14:03:59.447Z] 開始輪詢維修報價單 Odoo SO 狀態...
ℹ️ 沒有待確認的報價單
[2026-05-01T14:13:59.580Z] 開始輪詢維修報價單 Odoo SO 狀態...
ℹ️ 沒有待確認的報價單
[2026-05-01T14:23:59.716Z] 開始輪詢維修報價單 Odoo SO 狀態...
ℹ️ 沒有待確認的報價單
[2026-05-01T14:33:59.864Z] 開始輪詢維修報價單 Odoo SO 狀態...
ℹ️ 沒有待確認的報價單
[2026-05-01T14:44:00.006Z] 開始輪詢維修報價單 Odoo SO 狀態...
ℹ️ 沒有待確認的報價單
[2026-05-01T14:54:00.144Z] 開始輪詢維修報價單 Odoo SO 狀態...
ℹ️ 沒有待確認的報價單
[2026-05-01T15:04:00.288Z] 開始輪詢維修報價單 Odoo SO 狀態...
ℹ️ 沒有待確認的報價單
[2026-05-01T15:14:00.423Z] 開始輪詢維修報價單 Odoo SO 狀態...
ℹ️ 沒有待確認的報價單
[2026-05-01T15:24:00.533Z] 開始輪詢維修報價單 Odoo SO 狀態...
ℹ️ 沒有待確認的報價單
[2026-05-01T15:34:00.664Z] 開始輪詢維修報價單 Odoo SO 狀態...
ℹ️ 沒有待確認的報價單
[2026-05-01T15:44:00.802Z] 開始輪詢維修報價單 Odoo SO 狀態...
ℹ️ 沒有待確認的報價單
[2026-05-01T15:54:00.960Z] 開始輪詢維修報價單 Odoo SO 狀態...
ℹ️ 沒有待確認的報價單
[2026-05-01T16:04:01.095Z] 開始輪詢維修報價單 Odoo SO 狀態...
ℹ️ 沒有待確認的報價單
[2026-05-01T16:14:01.236Z] 開始輪詢維修報價單 Odoo SO 狀態...
ℹ️ 沒有待確認的報價單
[2026-05-01T16:24:01.372Z] 開始輪詢維修報價單 Odoo SO 狀態...
ℹ️ 沒有待確認的報價單
[2026-05-01T16:34:01.508Z] 開始輪詢維修報價單 Odoo SO 狀態...
ℹ️ 沒有待確認的報價單
[2026-05-01T16:44:01.647Z] 開始輪詢維修報價單 Odoo SO 狀態...
ℹ️ 沒有待確認的報價單
